Archive member included to satisfy reference by file (symbol)

d:/stm32cubeide_1.4.0/stm32cubeide/plugins/com.st.stm32cube.ide.mcu.externaltools.gnu-tools-for-stm32.9-2020-q2-update.win32_2.0.0.202105311346/tools/bin/../lib/gcc/arm-none-eabi/9.3.1/../../../../arm-none-eabi/lib/thumb/v7e-m+fp/hard\libc_nano.a(lib_a-errno.o)
                              ./Core/Src/syscalls.o (__errno)
d:/stm32cubeide_1.4.0/stm32cubeide/plugins/com.st.stm32cube.ide.mcu.externaltools.gnu-tools-for-stm32.9-2020-q2-update.win32_2.0.0.202105311346/tools/bin/../lib/gcc/arm-none-eabi/9.3.1/../../../../arm-none-eabi/lib/thumb/v7e-m+fp/hard\libc_nano.a(lib_a-exit.o)
                              d:/stm32cubeide_1.4.0/stm32cubeide/plugins/com.st.stm32cube.ide.mcu.externaltools.gnu-tools-for-stm32.9-2020-q2-update.win32_2.0.0.202105311346/tools/bin/../lib/gcc/arm-none-eabi/9.3.1/../../../../arm-none-eabi/lib/thumb/v7e-m+fp/hard/crt0.o (exit)
d:/stm32cubeide_1.4.0/stm32cubeide/plugins/com.st.stm32cube.ide.mcu.externaltools.gnu-tools-for-stm32.9-2020-q2-update.win32_2.0.0.202105311346/tools/bin/../lib/gcc/arm-none-eabi/9.3.1/../../../../arm-none-eabi/lib/thumb/v7e-m+fp/hard\libc_nano.a(lib_a-impure.o)
                              d:/stm32cubeide_1.4.0/stm32cubeide/plugins/com.st.stm32cube.ide.mcu.externaltools.gnu-tools-for-stm32.9-2020-q2-update.win32_2.0.0.202105311346/tools/bin/../lib/gcc/arm-none-eabi/9.3.1/../../../../arm-none-eabi/lib/thumb/v7e-m+fp/hard\libc_nano.a(lib_a-exit.o) (_global_impure_ptr)
d:/stm32cubeide_1.4.0/stm32cubeide/plugins/com.st.stm32cube.ide.mcu.externaltools.gnu-tools-for-stm32.9-2020-q2-update.win32_2.0.0.202105311346/tools/bin/../lib/gcc/arm-none-eabi/9.3.1/../../../../arm-none-eabi/lib/thumb/v7e-m+fp/hard\libc_nano.a(lib_a-init.o)
                              d:/stm32cubeide_1.4.0/stm32cubeide/plugins/com.st.stm32cube.ide.mcu.externaltools.gnu-tools-for-stm32.9-2020-q2-update.win32_2.0.0.202105311346/tools/bin/../lib/gcc/arm-none-eabi/9.3.1/../../../../arm-none-eabi/lib/thumb/v7e-m+fp/hard/crt0.o (__libc_init_array)
d:/stm32cubeide_1.4.0/stm32cubeide/plugins/com.st.stm32cube.ide.mcu.externaltools.gnu-tools-for-stm32.9-2020-q2-update.win32_2.0.0.202105311346/tools/bin/../lib/gcc/arm-none-eabi/9.3.1/../../../../arm-none-eabi/lib/thumb/v7e-m+fp/hard\libc_nano.a(lib_a-memset.o)
                              d:/stm32cubeide_1.4.0/stm32cubeide/plugins/com.st.stm32cube.ide.mcu.externaltools.gnu-tools-for-stm32.9-2020-q2-update.win32_2.0.0.202105311346/tools/bin/../lib/gcc/arm-none-eabi/9.3.1/../../../../arm-none-eabi/lib/thumb/v7e-m+fp/hard/crt0.o (memset)
d:/stm32cubeide_1.4.0/stm32cubeide/plugins/com.st.stm32cube.ide.mcu.externaltools.gnu-tools-for-stm32.9-2020-q2-update.win32_2.0.0.202105311346/tools/bin/../lib/gcc/arm-none-eabi/9.3.1/../../../../arm-none-eabi/lib/thumb/v7e-m+fp/hard\libc_nano.a(lib_a-strlen.o)
                              ./Core/Src/uart_debug.o (strlen)
d:/stm32cubeide_1.4.0/stm32cubeide/plugins/com.st.stm32cube.ide.mcu.externaltools.gnu-tools-for-stm32.9-2020-q2-update.win32_2.0.0.202105311346/tools/bin/../lib/gcc/arm-none-eabi/9.3.1/thumb/v7e-m+fp/hard\libgcc.a(_aeabi_ldivmod.o)
                              ./Core/Src/Park_u_Clark.o (__aeabi_ldivmod)
d:/stm32cubeide_1.4.0/stm32cubeide/plugins/com.st.stm32cube.ide.mcu.externaltools.gnu-tools-for-stm32.9-2020-q2-update.win32_2.0.0.202105311346/tools/bin/../lib/gcc/arm-none-eabi/9.3.1/thumb/v7e-m+fp/hard\libgcc.a(_udivmoddi4.o)
                              d:/stm32cubeide_1.4.0/stm32cubeide/plugins/com.st.stm32cube.ide.mcu.externaltools.gnu-tools-for-stm32.9-2020-q2-update.win32_2.0.0.202105311346/tools/bin/../lib/gcc/arm-none-eabi/9.3.1/thumb/v7e-m+fp/hard\libgcc.a(_aeabi_ldivmod.o) (__udivmoddi4)
d:/stm32cubeide_1.4.0/stm32cubeide/plugins/com.st.stm32cube.ide.mcu.externaltools.gnu-tools-for-stm32.9-2020-q2-update.win32_2.0.0.202105311346/tools/bin/../lib/gcc/arm-none-eabi/9.3.1/thumb/v7e-m+fp/hard\libgcc.a(_dvmd_tls.o)
                              d:/stm32cubeide_1.4.0/stm32cubeide/plugins/com.st.stm32cube.ide.mcu.externaltools.gnu-tools-for-stm32.9-2020-q2-update.win32_2.0.0.202105311346/tools/bin/../lib/gcc/arm-none-eabi/9.3.1/thumb/v7e-m+fp/hard\libgcc.a(_aeabi_ldivmod.o) (__aeabi_ldiv0)

Allocating common symbols
Common symbol       size              file

hUsbDeviceFS        0x2c4             ./USB_DEVICE/App/usb_device.o
hi2c1               0x4c              ./Core/Src/i2c.o
htim15              0x4c              ./Core/Src/tim.o
uwTick              0x4               ./Drivers/STM32F3xx_HAL_Driver/Src/stm32f3xx_hal.o
pFlash              0x20              ./Drivers/STM32F3xx_HAL_Driver/Src/stm32f3xx_hal_flash.o
UserRxBufferFS      0x3e8             ./USB_DEVICE/App/usbd_cdc_if.o
hdma_usart1_tx      0x44              ./Core/Src/usart.o
hadc1               0x50              ./Core/Src/adc.o
huart1              0x84              ./Core/Src/usart.o
UserTxBufferFS      0x3e8             ./USB_DEVICE/App/usbd_cdc_if.o
[...]
Memory Configuration

Name             Origin             Length             Attributes
RAM              0x0000000020000000 0x0000000000004000 xrw
FLASH            0x0000000008000000 0x0000000000010000 xr
*default*        0x0000000000000000 0xffffffffffffffff

Linker script and memory map

LOAD d:/stm32cubeide_1.4.0/stm32cubeide/plugins/com.st.stm32cube.ide.mcu.externaltools.gnu-tools-for-stm32.9-2020-q2-update.win32_2.0.0.202105311346/tools/bin/../lib/gcc/arm-none-eabi/9.3.1/thumb/v7e-m+fp/hard/crti.o
LOAD d:/stm32cubeide_1.4.0/stm32cubeide/plugins/com.st.stm32cube.ide.mcu.externaltools.gnu-tools-for-stm32.9-2020-q2-update.win32_2.0.0.202105311346/tools/bin/../lib/gcc/arm-none-eabi/9.3.1/thumb/v7e-m+fp/hard/crtbegin.o
LOAD d:/stm32cubeide_1.4.0/stm32cubeide/plugins/com.st.stm32cube.ide.mcu.externaltools.gnu-tools-for-stm32.9-2020-q2-update.win32_2.0.0.202105311346/tools/bin/../lib/gcc/arm-none-eabi/9.3.1/../../../../arm-none-eabi/lib/thumb/v7e-m+fp/hard/crt0.o
LOAD ./Core/Src/Park_u_Clark.o
LOAD ./Core/Src/SVM.o
LOAD ./Core/Src/adc.o
LOAD ./Core/Src/dma.o
LOAD ./Core/Src/eeprom.o
LOAD ./Core/Src/encoder.o
LOAD ./Core/Src/global_var.o
LOAD ./Core/Src/gpio.o
LOAD ./Core/Src/i2c.o
LOAD ./Core/Src/main.o
LOAD ./Core/Src/phaseEstimater.o
LOAD ./Core/Src/stm32f3xx_hal_msp.o
LOAD ./Core/Src/stm32f3xx_it.o
LOAD ./Core/Src/syscalls.o
LOAD ./Core/Src/sysmem.o
LOAD ./Core/Src/system_stm32f3xx.o
LOAD ./Core/Src/tim.o
LOAD ./Core/Src/uart_debug.o
LOAD ./Core/Src/usart.o
LOAD ./Core/Startup/startup_stm32f302c8tx.o
LOAD ./Drivers/STM32F3xx_HAL_Driver/Src/stm32f3xx_hal.o
LOAD ./Drivers/STM32F3xx_HAL_Driver/Src/stm32f3xx_hal_adc.o
LOAD ./Drivers/STM32F3xx_HAL_Driver/Src/stm32f3xx_hal_adc_ex.o
LOAD ./Drivers/STM32F3xx_HAL_Driver/Src/stm32f3xx_hal_cortex.o
LOAD ./Drivers/STM32F3xx_HAL_Driver/Src/stm32f3xx_hal_dma.o
LOAD ./Drivers/STM32F3xx_HAL_Driver/Src/stm32f3xx_hal_exti.o
LOAD ./Drivers/STM32F3xx_HAL_Driver/Src/stm32f3xx_hal_flash.o
LOAD ./Drivers/STM32F3xx_HAL_Driver/Src/stm32f3xx_hal_flash_ex.o
LOAD ./Drivers/STM32F3xx_HAL_Driver/Src/stm32f3xx_hal_gpio.o
LOAD ./Drivers/STM32F3xx_HAL_Driver/Src/stm32f3xx_hal_i2c.o
LOAD ./Drivers/STM32F3xx_HAL_Driver/Src/stm32f3xx_hal_i2c_ex.o
LOAD ./Drivers/STM32F3xx_HAL_Driver/Src/stm32f3xx_hal_pcd.o
LOAD ./Drivers/STM32F3xx_HAL_Driver/Src/stm32f3xx_hal_pcd_ex.o
LOAD ./Drivers/STM32F3xx_HAL_Driver/Src/stm32f3xx_hal_pwr.o
LOAD ./Drivers/STM32F3xx_HAL_Driver/Src/stm32f3xx_hal_pwr_ex.o
LOAD ./Drivers/STM32F3xx_HAL_Driver/Src/stm32f3xx_hal_rcc.o
LOAD ./Drivers/STM32F3xx_HAL_Driver/Src/stm32f3xx_hal_rcc_ex.o
LOAD ./Drivers/STM32F3xx_HAL_Driver/Src/stm32f3xx_hal_tim.o
LOAD ./Drivers/STM32F3xx_HAL_Driver/Src/stm32f3xx_hal_tim_ex.o
LOAD ./Drivers/STM32F3xx_HAL_Driver/Src/stm32f3xx_hal_uart.o
LOAD ./Drivers/STM32F3xx_HAL_Driver/Src/stm32f3xx_hal_uart_ex.o
LOAD ./Drivers/STM32F3xx_HAL_Driver/Src/stm32f3xx_ll_usb.o
LOAD ./Middlewares/ST/STM32_USB_Device_Library/Class/CDC/Src/usbd_cdc.o
LOAD ./Middlewares/ST/STM32_USB_Device_Library/Core/Src/usbd_core.o
LOAD ./Middlewares/ST/STM32_USB_Device_Library/Core/Src/usbd_ctlreq.o
LOAD ./Middlewares/ST/STM32_USB_Device_Library/Core/Src/usbd_ioreq.o
LOAD ./USB_DEVICE/App/usb_device.o
LOAD ./USB_DEVICE/App/usbd_cdc_if.o
LOAD ./USB_DEVICE/App/usbd_desc.o
LOAD ./USB_DEVICE/Target/usbd_conf.o
LOAD ../Middlewares/Third_Party/ARM_CMSIS/CMSIS/DSP/Lib/GCC\libarm_cortexM4lf_math.a
START GROUP
LOAD d:/stm32cubeide_1.4.0/stm32cubeide/plugins/com.st.stm32cube.ide.mcu.externaltools.gnu-tools-for-stm32.9-2020-q2-update.win32_2.0.0.202105311346/tools/bin/../lib/gcc/arm-none-eabi/9.3.1/../../../../arm-none-eabi/lib/thumb/v7e-m+fp/hard\libc_nano.a
LOAD d:/stm32cubeide_1.4.0/stm32cubeide/plugins/com.st.stm32cube.ide.mcu.externaltools.gnu-tools-for-stm32.9-2020-q2-update.win32_2.0.0.202105311346/tools/bin/../lib/gcc/arm-none-eabi/9.3.1/../../../../arm-none-eabi/lib/thumb/v7e-m+fp/hard\libm.a
END GROUP
START GROUP
LOAD d:/stm32cubeide_1.4.0/stm32cubeide/plugins/com.st.stm32cube.ide.mcu.externaltools.gnu-tools-for-stm32.9-2020-q2-update.win32_2.0.0.202105311346/tools/bin/../lib/gcc/arm-none-eabi/9.3.1/thumb/v7e-m+fp/hard\libgcc.a
LOAD d:/stm32cubeide_1.4.0/stm32cubeide/plugins/com.st.stm32cube.ide.mcu.externaltools.gnu-tools-for-stm32.9-2020-q2-update.win32_2.0.0.202105311346/tools/bin/../lib/gcc/arm-none-eabi/9.3.1/../../../../arm-none-eabi/lib/thumb/v7e-m+fp/hard\libc_nano.a
END GROUP
START GROUP
LOAD d:/stm32cubeide_1.4.0/stm32cubeide/plugins/com.st.stm32cube.ide.mcu.externaltools.gnu-tools-for-stm32.9-2020-q2-update.win32_2.0.0.202105311346/tools/bin/../lib/gcc/arm-none-eabi/9.3.1/thumb/v7e-m+fp/hard\libgcc.a
LOAD d:/stm32cubeide_1.4.0/stm32cubeide/plugins/com.st.stm32cube.ide.mcu.externaltools.gnu-tools-for-stm32.9-2020-q2-update.win32_2.0.0.202105311346/tools/bin/../lib/gcc/arm-none-eabi/9.3.1/../../../../arm-none-eabi/lib/thumb/v7e-m+fp/hard\libc_nano.a
LOAD d:/stm32cubeide_1.4.0/stm32cubeide/plugins/com.st.stm32cube.ide.mcu.externaltools.gnu-tools-for-stm32.9-2020-q2-update.win32_2.0.0.202105311346/tools/bin/../lib/gcc/arm-none-eabi/9.3.1/../../../../arm-none-eabi/lib/thumb/v7e-m+fp/hard\libnosys.a
END GROUP
START GROUP
LOAD d:/stm32cubeide_1.4.0/stm32cubeide/plugins/com.st.stm32cube.ide.mcu.externaltools.gnu-tools-for-stm32.9-2020-q2-update.win32_2.0.0.202105311346/tools/bin/../lib/gcc/arm-none-eabi/9.3.1/thumb/v7e-m+fp/hard\libgcc.a
LOAD d:/stm32cubeide_1.4.0/stm32cubeide/plugins/com.st.stm32cube.ide.mcu.externaltools.gnu-tools-for-stm32.9-2020-q2-update.win32_2.0.0.202105311346/tools/bin/../lib/gcc/arm-none-eabi/9.3.1/../../../../arm-none-eabi/lib/thumb/v7e-m+fp/hard\libc_nano.a
LOAD d:/stm32cubeide_1.4.0/stm32cubeide/plugins/com.st.stm32cube.ide.mcu.externaltools.gnu-tools-for-stm32.9-2020-q2-update.win32_2.0.0.202105311346/tools/bin/../lib/gcc/arm-none-eabi/9.3.1/../../../../arm-none-eabi/lib/thumb/v7e-m+fp/hard\libnosys.a
END GROUP
LOAD d:/stm32cubeide_1.4.0/stm32cubeide/plugins/com.st.stm32cube.ide.mcu.externaltools.gnu-tools-for-stm32.9-2020-q2-update.win32_2.0.0.202105311346/tools/bin/../lib/gcc/arm-none-eabi/9.3.1/thumb/v7e-m+fp/hard/crtend.o
LOAD d:/stm32cubeide_1.4.0/stm32cubeide/plugins/com.st.stm32cube.ide.mcu.externaltools.gnu-tools-for-stm32.9-2020-q2-update.win32_2.0.0.202105311346/tools/bin/../lib/gcc/arm-none-eabi/9.3.1/thumb/v7e-m+fp/hard/crtn.o
                0x0000000020004000                _estack = (ORIGIN (RAM) + LENGTH (RAM))
                0x0000000000000200                _Min_Heap_Size = 0x200
                0x0000000000000400                _Min_Stack_Size = 0x400

.isr_vector     0x0000000008000000      0x188
                0x0000000008000000                . = ALIGN (0x4)
 *(.isr_vector)
 .isr_vector    0x0000000008000000      0x188 ./Core/Startup/startup_stm32f302c8tx.o
                0x0000000008000000                g_pfnVectors
                0x0000000008000188                . = ALIGN (0x4)

.text           0x0000000008000188     0xda94
                0x0000000008000188                . = ALIGN (0x4)
 *(.text)
 .text          0x0000000008000188       0x40 d:/stm32cubeide_1.4.0/stm32cubeide/plugins/com.st.stm32cube.ide.mcu.externaltools.gnu-tools-for-stm32.9-2020-q2-update.win32_2.0.0.202105311346/tools/bin/../lib/gcc/arm-none-eabi/9.3.1/thumb/v7e-m+fp/hard/crtbegin.o
 .text          0x00000000080001c8       0xa0 d:/stm32cubeide_1.4.0/stm32cubeide/plugins/com.st.stm32cube.ide.mcu.externaltools.gnu-tools-for-stm32.9-2020-q2-update.win32_2.0.0.202105311346/tools/bin/../lib/gcc/arm-none-eabi/9.3.1/thumb/v7e-m+fp/hard\libgcc.a(_aeabi_ldivmod.o)
                0x00000000080001c8                __aeabi_ldivmod
 .text          0x0000000008000268      0x2c4 d:/stm32cubeide_1.4.0/stm32cubeide/plugins/com.st.stm32cube.ide.mcu.externaltools.gnu-tools-for-stm32.9-2020-q2-update.win32_2.0.0.202105311346/tools/bin/../lib/gcc/arm-none-eabi/9.3.1/thumb/v7e-m+fp/hard\libgcc.a(_udivmoddi4.o)
                0x0000000008000268                __udivmoddi4
 .text          0x000000000800052c        0x4 d:/stm32cubeide_1.4.0/stm32cubeide/plugins/com.st.stm32cube.ide.mcu.externaltools.gnu-tools-for-stm32.9-2020-q2-update.win32_2.0.0.202105311346/tools/bin/../lib/gcc/arm-none-eabi/9.3.1/thumb/v7e-m+fp/hard\libgcc.a(_dvmd_tls.o)
                0x000000000800052c                __aeabi_idiv0
                0x000000000800052c                __aeabi_ldiv0
 *(.text*)
 .text.sin_from_table
                0x0000000008000530       0xa4 ./Core/Src/Park_u_Clark.o
                0x0000000008000530                sin_from_table
 .text.cos_from_table
                0x00000000080005d4       0xa8 ./Core/Src/Park_u_Clark.o
                0x00000000080005d4                cos_from_table
 .text.transform_to_Clark_domain
                0x000000000800067c       0x52 ./Core/Src/Park_u_Clark.o
                0x000000000800067c                transform_to_Clark_domain
 .text.transform_to_Park_domain
                0x00000000080006ce       0x82 ./Core/Src/Park_u_Clark.o
                0x00000000080006ce                transform_to_Park_domain
 .text.initSVM  0x0000000008000750       0xa0 ./Core/Src/SVM.o
                0x0000000008000750                initSVM
 .text.HAL_TIM_PeriodElapsedCallback
                0x00000000080007f0       0xa0 ./Core/Src/SVM.o
                0x00000000080007f0                HAL_TIM_PeriodElapsedCallback
 .text.setVoltageVector
                0x0000000008000890      0x200 ./Core/Src/SVM.o
                0x0000000008000890                setVoltageVector
 .text.MX_ADC1_Init
                0x0000000008000a90      0x14c ./Core/Src/adc.o
                0x0000000008000a90                MX_ADC1_Init
 .text.HAL_ADC_MspInit
                0x0000000008000bdc      0x118 ./Core/Src/adc.o
                0x0000000008000bdc                HAL_ADC_MspInit
 .text.MX_DMA_Init
                0x0000000008000cf4       0x4c ./Core/Src/dma.o
                0x0000000008000cf4                MX_DMA_Init
 .text.readEncoder
                0x0000000008000d40      0x1d8 ./Core/Src/encoder.o
                0x0000000008000d40                readEncoder
 .text.MX_GPIO_Init
                0x0000000008000f18       0xcc ./Core/Src/gpio.o
                0x0000000008000f18                MX_GPIO_Init
 .text.MX_I2C1_Init
                0x0000000008000fe4       0x80 ./Core/Src/i2c.o
                0x0000000008000fe4                MX_I2C1_Init
 .text.HAL_I2C_MspInit
                0x0000000008001064       0x88 ./Core/Src/i2c.o
                0x0000000008001064                HAL_I2C_MspInit
 .text.PI_control
                0x00000000080010ec       0x1a ./Core/Src/main.o
                0x00000000080010ec                PI_control
 *fill*         0x0000000008001106        0x2 
 .text.main     0x0000000008001108      0x118 ./Core/Src/main.o
                0x0000000008001108                main
 .text.SystemClock_Config
                0x0000000008001220       0xd0 ./Core/Src/main.o
                0x0000000008001220                SystemClock_Config
 .text.Error_Handler
                0x00000000080012f0       0x1c ./Core/Src/main.o
                0x00000000080012f0                Error_Handler
 .text.init_phase_estimater
                0x000000000800130c       0x64 ./Core/Src/phaseEstimater.o
                0x000000000800130c                init_phase_estimater
 .text.initialize_Hallsensor_phase_estimator
                0x0000000008001370      0x43c ./Core/Src/phaseEstimater.o
                0x0000000008001370                initialize_Hallsensor_phase_estimator
 .text.estimate_rotor_phase
                0x00000000080017ac      0x4cc ./Core/Src/phaseEstimater.o
                0x00000000080017ac                estimate_rotor_phase
 .text.HAL_MspInit
                0x0000000008001c78       0x48 ./Core/Src/stm32f3xx_hal_msp.o
                0x0000000008001c78                HAL_MspInit
 .text.NMI_Handler
                0x0000000008001cc0        0x6 ./Core/Src/stm32f3xx_it.o
                0x0000000008001cc0                NMI_Handler
 *fill*         0x0000000008001cc6        0x2 
 .text.HardFault_Handler
                0x0000000008001cc8       0x18 ./Core/Src/stm32f3xx_it.o
                0x0000000008001cc8                HardFault_Handler
 .text.MemManage_Handler
                0x0000000008001ce0        0x6 ./Core/Src/stm32f3xx_it.o
                0x0000000008001ce0                MemManage_Handler
 .text.BusFault_Handler
                0x0000000008001ce6        0x6 ./Core/Src/stm32f3xx_it.o
                0x0000000008001ce6                BusFault_Handler
 .text.UsageFault_Handler
                0x0000000008001cec        0x6 ./Core/Src/stm32f3xx_it.o
                0x0000000008001cec                UsageFault_Handler
 .text.SVC_Handler
                0x0000000008001cf2        0xe ./Core/Src/stm32f3xx_it.o
                0x0000000008001cf2                SVC_Handler
 .text.DebugMon_Handler
                0x0000000008001d00        0xe ./Core/Src/stm32f3xx_it.o
                0x0000000008001d00                DebugMon_Handler
 .text.PendSV_Handler
                0x0000000008001d0e        0xe ./Core/Src/stm32f3xx_it.o
                0x0000000008001d0e                PendSV_Handler
 .text.SysTick_Handler
                0x0000000008001d1c        0xc ./Core/Src/stm32f3xx_it.o
                0x0000000008001d1c                SysTick_Handler
 .text.DMA1_Channel1_IRQHandler
                0x0000000008001d28       0x14 ./Core/Src/stm32f3xx_it.o
                0x0000000008001d28                DMA1_Channel1_IRQHandler
 .text.DMA1_Channel4_IRQHandler
                0x0000000008001d3c       0x14 ./Core/Src/stm32f3xx_it.o
                0x0000000008001d3c                DMA1_Channel4_IRQHandler
 .text.ADC1_IRQHandler
                0x0000000008001d50       0x14 ./Core/Src/stm32f3xx_it.o
                0x0000000008001d50                ADC1_IRQHandler
 .text.TIM1_BRK_TIM15_IRQHandler
                0x0000000008001d64       0x1c ./Core/Src/stm32f3xx_it.o
                0x0000000008001d64                TIM1_BRK_TIM15_IRQHandler
 .text.TIM1_UP_TIM16_IRQHandler
                0x0000000008001d80       0x14 ./Core/Src/stm32f3xx_it.o
                0x0000000008001d80                TIM1_UP_TIM16_IRQHandler
 .text.USART1_IRQHandler
                0x0000000008001d94       0x14 ./Core/Src/stm32f3xx_it.o
                0x0000000008001d94                USART1_IRQHandler
 .text.USB_LP_IRQHandler
                0x0000000008001da8       0x14 ./Core/Src/stm32f3xx_it.o
                0x0000000008001da8                USB_LP_IRQHandler
 .text.SystemInit
                0x0000000008001dbc       0x24 ./Core/Src/system_stm32f3xx.o
                0x0000000008001dbc                SystemInit
 .text.MX_TIM1_Init
                0x0000000008001de0      0x190 ./Core/Src/tim.o
                0x0000000008001de0                MX_TIM1_Init
 .text.MX_TIM6_Init
                0x0000000008001f70       0x6c ./Core/Src/tim.o
                0x0000000008001f70                MX_TIM6_Init
 .text.MX_TIM15_Init
                0x0000000008001fdc       0xa4 ./Core/Src/tim.o
                0x0000000008001fdc                MX_TIM15_Init
 .text.HAL_TIM_Base_MspInit
                0x0000000008002080       0xbc ./Core/Src/tim.o
                0x0000000008002080                HAL_TIM_Base_MspInit
 .text.HAL_TIM_MspPostInit
                0x000000000800213c       0xd0 ./Core/Src/tim.o
                0x000000000800213c                HAL_TIM_MspPostInit
 .text.MX_USART1_UART_Init
                0x000000000800220c       0x60 ./Core/Src/usart.o
                0x000000000800220c                MX_USART1_UART_Init
 .text.HAL_UART_MspInit
                0x000000000800226c       0xec ./Core/Src/usart.o
                0x000000000800226c                HAL_UART_MspInit
 .text.Reset_Handler
                0x0000000008002358       0x50 ./Core/Startup/startup_stm32f302c8tx.o
                0x0000000008002358                Reset_Handler
 .text.Default_Handler
                0x00000000080023a8        0x2 ./Core/Startup/startup_stm32f302c8tx.o
                0x00000000080023a8                RTC_Alarm_IRQHandler
                0x00000000080023a8                TIM1_CC_IRQHandler
                0x00000000080023a8                USB_HP_IRQHandler
                0x00000000080023a8                PVD_IRQHandler
                0x00000000080023a8                TAMP_STAMP_IRQHandler
                0x00000000080023a8                EXTI3_IRQHandler
                0x00000000080023a8                I2C3_ER_IRQHandler
                0x00000000080023a8                USB_HP_CAN_TX_IRQHandler
                0x00000000080023a8                EXTI0_IRQHandler
                0x00000000080023a8                I2C2_EV_IRQHandler
                0x00000000080023a8                FPU_IRQHandler
                0x00000000080023a8                CAN_SCE_IRQHandler
                0x00000000080023a8                TIM6_DAC_IRQHandler
                0x00000000080023a8                USART3_IRQHandler
                0x00000000080023a8                DMA1_Channel7_IRQHandler
                0x00000000080023a8                CAN_RX1_IRQHandler
                0x00000000080023a8                I2C1_EV_IRQHandler
                0x00000000080023a8                DMA1_Channel6_IRQHandler
                0x00000000080023a8                RCC_IRQHandler
                0x00000000080023a8                Default_Handler
                0x00000000080023a8                USBWakeUp_RMP_IRQHandler
                0x00000000080023a8                EXTI15_10_IRQHandler
                0x00000000080023a8                COMP2_IRQHandler
                0x00000000080023a8                I2C3_EV_IRQHandler
                0x00000000080023a8                EXTI9_5_IRQHandler
                0x00000000080023a8                RTC_WKUP_IRQHandler
                0x00000000080023a8                SPI2_IRQHandler
                0x00000000080023a8                USB_LP_CAN_RX0_IRQHandler
                0x00000000080023a8                DMA1_Channel5_IRQHandler
                0x00000000080023a8                EXTI4_IRQHandler
                0x00000000080023a8                TIM1_TRG_COM_TIM17_IRQHandler
                0x00000000080023a8                DMA1_Channel3_IRQHandler
                0x00000000080023a8                WWDG_IRQHandler
                0x00000000080023a8                TIM2_IRQHandler
                0x00000000080023a8                EXTI1_IRQHandler
                0x00000000080023a8                COMP4_6_IRQHandler
                0x00000000080023a8                USART2_IRQHandler
                0x00000000080023a8                I2C2_ER_IRQHandler
                0x00000000080023a8                DMA1_Channel2_IRQHandler
                0x00000000080023a8                FLASH_IRQHandler
                0x00000000080023a8                SPI3_IRQHandler
                0x00000000080023a8                I2C1_ER_IRQHandler
                0x00000000080023a8                USBWakeUp_IRQHandler
                0x00000000080023a8                EXTI2_TSC_IRQHandler
 *fill*         0x00000000080023aa        0x2 
 .text.HAL_Init
                0x00000000080023ac       0x2c ./Drivers/STM32F3xx_HAL_Driver/Src/stm32f3xx_hal.o
                0x00000000080023ac                HAL_Init
 .text.HAL_InitTick
                0x00000000080023d8       0x60 ./Drivers/STM32F3xx_HAL_Driver/Src/stm32f3xx_hal.o
                0x00000000080023d8                HAL_InitTick
 .text.HAL_IncTick
                0x0000000008002438       0x28 ./Drivers/STM32F3xx_HAL_Driver/Src/stm32f3xx_hal.o
                0x0000000008002438                HAL_IncTick
 .text.HAL_GetTick
                0x0000000008002460       0x18 ./Drivers/STM32F3xx_HAL_Driver/Src/stm32f3xx_hal.o
                0x0000000008002460                HAL_GetTick
 .text.HAL_Delay
                0x0000000008002478       0x48 ./Drivers/STM32F3xx_HAL_Driver/Src/stm32f3xx_hal.o
                0x0000000008002478                HAL_Delay
 .text.HAL_ADC_ConvCpltCallback
                0x00000000080024c0       0x14 ./Drivers/STM32F3xx_HAL_Driver/Src/stm32f3xx_hal_adc.o
                0x00000000080024c0                HAL_ADC_ConvCpltCallback
 .text.HAL_ADC_ConvHalfCpltCallback
                0x00000000080024d4       0x14 ./Drivers/STM32F3xx_HAL_Driver/Src/stm32f3xx_hal_adc.o
                0x00000000080024d4                HAL_ADC_ConvHalfCpltCallback
 .text.HAL_ADC_LevelOutOfWindowCallback
                0x00000000080024e8       0x14 ./Drivers/STM32F3xx_HAL_Driver/Src/stm32f3xx_hal_adc.o
                0x00000000080024e8                HAL_ADC_LevelOutOfWindowCallback
 .text.HAL_ADC_ErrorCallback
                0x00000000080024fc       0x14 ./Drivers/STM32F3xx_HAL_Driver/Src/stm32f3xx_hal_adc.o
                0x00000000080024fc                HAL_ADC_ErrorCallback
 .text.HAL_ADC_Init
                0x0000000008002510      0x30c ./Drivers/STM32F3xx_HAL_Driver/Src/stm32f3xx_hal_adc_ex.o
                0x0000000008002510                HAL_ADC_Init
 .text.HAL_ADC_Start_DMA
                0x000000000800281c      0x138 ./Drivers/STM32F3xx_HAL_Driver/Src/stm32f3xx_hal_adc_ex.o
                0x000000000800281c                HAL_ADC_Start_DMA
 .text.HAL_ADC_IRQHandler
                0x0000000008002954      0x390 ./Drivers/STM32F3xx_HAL_Driver/Src/stm32f3xx_hal_adc_ex.o
                0x0000000008002954                HAL_ADC_IRQHandler
 .text.HAL_ADCEx_InjectedConvCpltCallback
                0x0000000008002ce4       0x14 ./Drivers/STM32F3xx_HAL_Driver/Src/stm32f3xx_hal_adc_ex.o
                0x0000000008002ce4                HAL_ADCEx_InjectedConvCpltCallback
 .text.HAL_ADCEx_InjectedQueueOverflowCallback
                0x0000000008002cf8       0x14 ./Drivers/STM32F3xx_HAL_Driver/Src/stm32f3xx_hal_adc_ex.o
                0x0000000008002cf8                HAL_ADCEx_InjectedQueueOverflowCallback
 .text.HAL_ADCEx_LevelOutOfWindow2Callback
                0x0000000008002d0c       0x14 ./Drivers/STM32F3xx_HAL_Driver/Src/stm32f3xx_hal_adc_ex.o
                0x0000000008002d0c                HAL_ADCEx_LevelOutOfWindow2Callback
 .text.HAL_ADCEx_LevelOutOfWindow3Callback
                0x0000000008002d20       0x14 ./Drivers/STM32F3xx_HAL_Driver/Src/stm32f3xx_hal_adc_ex.o
                0x0000000008002d20                HAL_ADCEx_LevelOutOfWindow3Callback
 .text.HAL_ADC_ConfigChannel
                0x0000000008002d34      0x56c ./Drivers/STM32F3xx_HAL_Driver/Src/stm32f3xx_hal_adc_ex.o
                0x0000000008002d34                HAL_ADC_ConfigChannel
 .text.HAL_ADCEx_InjectedConfigChannel
                0x00000000080032a0      0x624 ./Drivers/STM32F3xx_HAL_Driver/Src/stm32f3xx_hal_adc_ex.o
                0x00000000080032a0                HAL_ADCEx_InjectedConfigChannel
 .text.ADC_DMAConvCplt
                0x00000000080038c4       0x7a ./Drivers/STM32F3xx_HAL_Driver/Src/stm32f3xx_hal_adc_ex.o
 .text.ADC_DMAHalfConvCplt
                0x000000000800393e       0x1c ./Drivers/STM32F3xx_HAL_Driver/Src/stm32f3xx_hal_adc_ex.o
 .text.ADC_DMAError
                0x000000000800395a       0x34 ./Drivers/STM32F3xx_HAL_Driver/Src/stm32f3xx_hal_adc_ex.o
 *fill*         0x000000000800398e        0x2 
 .text.ADC_Enable
                0x0000000008003990       0xc8 ./Drivers/STM32F3xx_HAL_Driver/Src/stm32f3xx_hal_adc_ex.o
 .text.ADC_Disable
                0x0000000008003a58       0xcc ./Drivers/STM32F3xx_HAL_Driver/Src/stm32f3xx_hal_adc_ex.o
 .text.__NVIC_SetPriorityGrouping
                0x0000000008003b24       0x48 ./Drivers/STM32F3xx_HAL_Driver/Src/stm32f3xx_hal_cortex.o
 .text.__NVIC_GetPriorityGrouping
                0x0000000008003b6c       0x1c ./Drivers/STM32F3xx_HAL_Driver/Src/stm32f3xx_hal_cortex.o
 .text.__NVIC_EnableIRQ
                0x0000000008003b88       0x3c ./Drivers/STM32F3xx_HAL_Driver/Src/stm32f3xx_hal_cortex.o
 .text.__NVIC_SetPriority
                0x0000000008003bc4       0x54 ./Drivers/STM32F3xx_HAL_Driver/Src/stm32f3xx_hal_cortex.o
 .text.NVIC_EncodePriority
                0x0000000008003c18       0x66 ./Drivers/STM32F3xx_HAL_Driver/Src/stm32f3xx_hal_cortex.o
 *fill*         0x0000000008003c7e        0x2 
 .text.SysTick_Config
                0x0000000008003c80       0x44 ./Drivers/STM32F3xx_HAL_Driver/Src/stm32f3xx_hal_cortex.o
 .text.HAL_NVIC_SetPriorityGrouping
                0x0000000008003cc4       0x16 ./Drivers/STM32F3xx_HAL_Driver/Src/stm32f3xx_hal_cortex.o
                0x0000000008003cc4                HAL_NVIC_SetPriorityGrouping
 .text.HAL_NVIC_SetPriority
                0x0000000008003cda       0x38 ./Drivers/STM32F3xx_HAL_Driver/Src/stm32f3xx_hal_cortex.o
                0x0000000008003cda                HAL_NVIC_SetPriority
 .text.HAL_NVIC_EnableIRQ
                0x0000000008003d12       0x1c ./Drivers/STM32F3xx_HAL_Driver/Src/stm32f3xx_hal_cortex.o
                0x0000000008003d12                HAL_NVIC_EnableIRQ
 .text.HAL_SYSTICK_Config
                0x0000000008003d2e       0x18 ./Drivers/STM32F3xx_HAL_Driver/Src/stm32f3xx_hal_cortex.o
                0x0000000008003d2e                HAL_SYSTICK_Config
 .text.HAL_DMA_Init
                0x0000000008003d46       0x8e ./Drivers/STM32F3xx_HAL_Driver/Src/stm32f3xx_hal_dma.o
                0x0000000008003d46                HAL_DMA_Init
 .text.HAL_DMA_Start_IT
                0x0000000008003dd4       0xbe ./Drivers/STM32F3xx_HAL_Driver/Src/stm32f3xx_hal_dma.o
                0x0000000008003dd4                HAL_DMA_Start_IT
 .text.HAL_DMA_Abort
                0x0000000008003e92       0x72 ./Drivers/STM32F3xx_HAL_Driver/Src/stm32f3xx_hal_dma.o
                0x0000000008003e92                HAL_DMA_Abort
 .text.HAL_DMA_Abort_IT
                0x0000000008003f04       0x7c ./Drivers/STM32F3xx_HAL_Driver/Src/stm32f3xx_hal_dma.o
                0x0000000008003f04                HAL_DMA_Abort_IT
 .text.HAL_DMA_IRQHandler
                0x0000000008003f80      0x146 ./Drivers/STM32F3xx_HAL_Driver/Src/stm32f3xx_hal_dma.o
                0x0000000008003f80                HAL_DMA_IRQHandler
 .text.DMA_SetConfig
                0x00000000080040c6       0x5c ./Drivers/STM32F3xx_HAL_Driver/Src/stm32f3xx_hal_dma.o
 *fill*         0x0000000008004122        0x2 
 .text.DMA_CalcBaseAndBitshift
                0x0000000008004124       0x40 ./Drivers/STM32F3xx_HAL_Driver/Src/stm32f3xx_hal_dma.o
 .text.HAL_GPIO_Init
                0x0000000008004164      0x2e4 ./Drivers/STM32F3xx_HAL_Driver/Src/stm32f3xx_hal_gpio.o
                0x0000000008004164                HAL_GPIO_Init
 .text.HAL_GPIO_ReadPin
                0x0000000008004448       0x30 ./Drivers/STM32F3xx_HAL_Driver/Src/stm32f3xx_hal_gpio.o
                0x0000000008004448                HAL_GPIO_ReadPin
 .text.HAL_GPIO_WritePin
                0x0000000008004478       0x30 ./Drivers/STM32F3xx_HAL_Driver/Src/stm32f3xx_hal_gpio.o
                0x0000000008004478                HAL_GPIO_WritePin
 .text.HAL_GPIO_TogglePin
                0x00000000080044a8       0x34 ./Drivers/STM32F3xx_HAL_Driver/Src/stm32f3xx_hal_gpio.o
                0x00000000080044a8                HAL_GPIO_TogglePin
 .text.HAL_I2C_Init
                0x00000000080044dc      0x11e ./Drivers/STM32F3xx_HAL_Driver/Src/stm32f3xx_hal_i2c.o
                0x00000000080044dc                HAL_I2C_Init
 .text.HAL_I2CEx_ConfigAnalogFilter
                0x00000000080045fa       0x96 ./Drivers/STM32F3xx_HAL_Driver/Src/stm32f3xx_hal_i2c_ex.o
                0x00000000080045fa                HAL_I2CEx_ConfigAnalogFilter
 .text.HAL_I2CEx_ConfigDigitalFilter
                0x0000000008004690       0x98 ./Drivers/STM32F3xx_HAL_Driver/Src/stm32f3xx_hal_i2c_ex.o
                0x0000000008004690                HAL_I2CEx_ConfigDigitalFilter
 .text.HAL_PCD_Init
                0x0000000008004728      0x1bc ./Drivers/STM32F3xx_HAL_Driver/Src/stm32f3xx_hal_pcd.o
                0x0000000008004728                HAL_PCD_Init
 .text.HAL_PCD_Start
                0x00000000080048e4       0x4c ./Drivers/STM32F3xx_HAL_Driver/Src/stm32f3xx_hal_pcd.o
                0x00000000080048e4                HAL_PCD_Start
 .text.HAL_PCD_IRQHandler
                0x0000000008004930      0x1ee ./Drivers/STM32F3xx_HAL_Driver/Src/stm32f3xx_hal_pcd.o
                0x0000000008004930                HAL_PCD_IRQHandler
 .text.HAL_PCD_SetAddress
                0x0000000008004b1e       0x4a ./Drivers/STM32F3xx_HAL_Driver/Src/stm32f3xx_hal_pcd.o
                0x0000000008004b1e                HAL_PCD_SetAddress
 .text.HAL_PCD_EP_Open
                0x0000000008004b68       0xcc ./Drivers/STM32F3xx_HAL_Driver/Src/stm32f3xx_hal_pcd.o
                0x0000000008004b68                HAL_PCD_EP_Open
 .text.HAL_PCD_EP_Close
                0x0000000008004c34       0x90 ./Drivers/STM32F3xx_HAL_Driver/Src/stm32f3xx_hal_pcd.o
                0x0000000008004c34                HAL_PCD_EP_Close
 .text.HAL_PCD_EP_Receive
                0x0000000008004cc4       0x7a ./Drivers/STM32F3xx_HAL_Driver/Src/stm32f3xx_hal_pcd.o
                0x0000000008004cc4                HAL_PCD_EP_Receive
 .text.HAL_PCD_EP_GetRxCount
                0x0000000008004d3e       0x30 ./Drivers/STM32F3xx_HAL_Driver/Src/stm32f3xx_hal_pcd.o
                0x0000000008004d3e                HAL_PCD_EP_GetRxCount
 .text.HAL_PCD_EP_Transmit
                0x0000000008004d6e       0x86 ./Drivers/STM32F3xx_HAL_Driver/Src/stm32f3xx_hal_pcd.o
                0x0000000008004d6e                HAL_PCD_EP_Transmit
 .text.HAL_PCD_EP_SetStall
                0x0000000008004df4       0xa4 ./Drivers/STM32F3xx_HAL_Driver/Src/stm32f3xx_hal_pcd.o
                0x0000000008004df4                HAL_PCD_EP_SetStall
 .text.HAL_PCD_EP_ClrStall
                0x0000000008004e98       0xa8 ./Drivers/STM32F3xx_HAL_Driver/Src/stm32f3xx_hal_pcd.o
                0x0000000008004e98                HAL_PCD_EP_ClrStall
 .text.PCD_EP_ISR_Handler
                0x0000000008004f40      0x75e ./Drivers/STM32F3xx_HAL_Driver/Src/stm32f3xx_hal_pcd.o
 .text.HAL_PCD_EP_DB_Receive
                0x000000000800569e      0x212 ./Drivers/STM32F3xx_HAL_Driver/Src/stm32f3xx_hal_pcd.o
 .text.HAL_PCD_EP_DB_Transmit
                0x00000000080058b0      0x79c ./Drivers/STM32F3xx_HAL_Driver/Src/stm32f3xx_hal_pcd.o
 .text.HAL_PCDEx_PMAConfig
                0x000000000800604c       0x86 ./Drivers/STM32F3xx_HAL_Driver/Src/stm32f3xx_hal_pcd_ex.o
                0x000000000800604c                HAL_PCDEx_PMAConfig
 *fill*         0x00000000080060d2        0x2 
 .text.HAL_RCC_OscConfig
                0x00000000080060d4      0xe10 ./Drivers/STM32F3xx_HAL_Driver/Src/stm32f3xx_hal_rcc.o
                0x00000000080060d4                HAL_RCC_OscConfig
 .text.HAL_RCC_ClockConfig
                0x0000000008006ee4      0x2f8 ./Drivers/STM32F3xx_HAL_Driver/Src/stm32f3xx_hal_rcc.o
                0x0000000008006ee4                HAL_RCC_ClockConfig
 .text.HAL_RCC_GetSysClockFreq
                0x00000000080071dc       0xd4 ./Drivers/STM32F3xx_HAL_Driver/Src/stm32f3xx_hal_rcc.o
                0x00000000080071dc                HAL_RCC_GetSysClockFreq
 .text.HAL_RCC_GetHCLKFreq
                0x00000000080072b0       0x18 ./Drivers/STM32F3xx_HAL_Driver/Src/stm32f3xx_hal_rcc.o
                0x00000000080072b0                HAL_RCC_GetHCLKFreq
 .text.HAL_RCC_GetPCLK1Freq
                0x00000000080072c8       0x44 ./Drivers/STM32F3xx_HAL_Driver/Src/stm32f3xx_hal_rcc.o
                0x00000000080072c8                HAL_RCC_GetPCLK1Freq
 .text.HAL_RCC_GetPCLK2Freq
                0x000000000800730c       0x44 ./Drivers/STM32F3xx_HAL_Driver/Src/stm32f3xx_hal_rcc.o
                0x000000000800730c                HAL_RCC_GetPCLK2Freq
 .text.HAL_RCCEx_PeriphCLKConfig
                0x0000000008007350      0x324 ./Drivers/STM32F3xx_HAL_Driver/Src/stm32f3xx_hal_rcc_ex.o
                0x0000000008007350                HAL_RCCEx_PeriphCLKConfig
 .text.HAL_TIM_Base_Init
                0x0000000008007674       0xae ./Drivers/STM32F3xx_HAL_Driver/Src/stm32f3xx_hal_tim.o
                0x0000000008007674                HAL_TIM_Base_Init
 .text.HAL_TIM_PWM_Init
                0x0000000008007722       0xae ./Drivers/STM32F3xx_HAL_Driver/Src/stm32f3xx_hal_tim.o
                0x0000000008007722                HAL_TIM_PWM_Init
 .text.HAL_TIM_PWM_MspInit
                0x00000000080077d0       0x14 ./Drivers/STM32F3xx_HAL_Driver/Src/stm32f3xx_hal_tim.o
                0x00000000080077d0                HAL_TIM_PWM_MspInit
 .text.HAL_TIM_PWM_Start
                0x00000000080077e4      0x1cc ./Drivers/STM32F3xx_HAL_Driver/Src/stm32f3xx_hal_tim.o
                0x00000000080077e4                HAL_TIM_PWM_Start
 .text.HAL_TIM_PWM_Start_IT
                0x00000000080079b0      0x264 ./Drivers/STM32F3xx_HAL_Driver/Src/stm32f3xx_hal_tim.o
                0x00000000080079b0                HAL_TIM_PWM_Start_IT
 .text.HAL_TIM_IRQHandler
                0x0000000008007c14      0x23e ./Drivers/STM32F3xx_HAL_Driver/Src/stm32f3xx_hal_tim.o
                0x0000000008007c14                HAL_TIM_IRQHandler
 *fill*         0x0000000008007e52        0x2 
 .text.HAL_TIM_PWM_ConfigChannel
                0x0000000008007e54      0x228 ./Drivers/STM32F3xx_HAL_Driver/Src/stm32f3xx_hal_tim.o
                0x0000000008007e54                HAL_TIM_PWM_ConfigChannel
 .text.HAL_TIM_ConfigClockSource
                0x000000000800807c      0x192 ./Drivers/STM32F3xx_HAL_Driver/Src/stm32f3xx_hal_tim.o
                0x000000000800807c                HAL_TIM_ConfigClockSource
 .text.HAL_TIM_OC_DelayElapsedCallback
                0x000000000800820e       0x14 ./Drivers/STM32F3xx_HAL_Driver/Src/stm32f3xx_hal_tim.o
                0x000000000800820e                HAL_TIM_OC_DelayElapsedCallback
 .text.HAL_TIM_IC_CaptureCallback
                0x0000000008008222       0x14 ./Drivers/STM32F3xx_HAL_Driver/Src/stm32f3xx_hal_tim.o
                0x0000000008008222                HAL_TIM_IC_CaptureCallback
 .text.HAL_TIM_PWM_PulseFinishedCallback
                0x0000000008008236       0x14 ./Drivers/STM32F3xx_HAL_Driver/Src/stm32f3xx_hal_tim.o
                0x0000000008008236                HAL_TIM_PWM_PulseFinishedCallback
 .text.HAL_TIM_TriggerCallback
                0x000000000800824a       0x14 ./Drivers/STM32F3xx_HAL_Driver/Src/stm32f3xx_hal_tim.o
                0x000000000800824a                HAL_TIM_TriggerCallback
 *fill*         0x000000000800825e        0x2 
 .text.TIM_Base_SetConfig
                0x0000000008008260       0xdc ./Drivers/STM32F3xx_HAL_Driver/Src/stm32f3xx_hal_tim.o
                0x0000000008008260                TIM_Base_SetConfig
 .text.TIM_OC1_SetConfig
                0x000000000800833c      0x10c ./Drivers/STM32F3xx_HAL_Driver/Src/stm32f3xx_hal_tim.o
 .text.TIM_OC2_SetConfig
                0x0000000008008448      0x100 ./Drivers/STM32F3xx_HAL_Driver/Src/stm32f3xx_hal_tim.o
                0x0000000008008448                TIM_OC2_SetConfig
 .text.TIM_OC3_SetConfig
                0x0000000008008548       0xfc ./Drivers/STM32F3xx_HAL_Driver/Src/stm32f3xx_hal_tim.o
 .text.TIM_OC4_SetConfig
                0x0000000008008644       0xc8 ./Drivers/STM32F3xx_HAL_Driver/Src/stm32f3xx_hal_tim.o
 .text.TIM_OC5_SetConfig
                0x000000000800870c       0xbc ./Drivers/STM32F3xx_HAL_Driver/Src/stm32f3xx_hal_tim.o
 .text.TIM_OC6_SetConfig
                0x00000000080087c8       0xc0 ./Drivers/STM32F3xx_HAL_Driver/Src/stm32f3xx_hal_tim.o
 .text.TIM_TI1_ConfigInputStage
                0x0000000008008888       0x5e ./Drivers/STM32F3xx_HAL_Driver/Src/stm32f3xx_hal_tim.o
 .text.TIM_TI2_ConfigInputStage
                0x00000000080088e6       0x60 ./Drivers/STM32F3xx_HAL_Driver/Src/stm32f3xx_hal_tim.o
 .text.TIM_ITRx_SetConfig
                0x0000000008008946       0x36 ./Drivers/STM32F3xx_HAL_Driver/Src/stm32f3xx_hal_tim.o
 .text.TIM_ETR_SetConfig
                0x000000000800897c       0x40 ./Drivers/STM32F3xx_HAL_Driver/Src/stm32f3xx_hal_tim.o
                0x000000000800897c                TIM_ETR_SetConfig
 .text.TIM_CCxChannelCmd
                0x00000000080089bc       0x4a ./Drivers/STM32F3xx_HAL_Driver/Src/stm32f3xx_hal_tim.o
                0x00000000080089bc                TIM_CCxChannelCmd
 *fill*         0x0000000008008a06        0x2 
 .text.HAL_TIMEx_PWMN_Start
                0x0000000008008a08      0x13c ./Drivers/STM32F3xx_HAL_Driver/Src/stm32f3xx_hal_tim_ex.o
                0x0000000008008a08                HAL_TIMEx_PWMN_Start
 .text.HAL_TIMEx_MasterConfigSynchronization
                0x0000000008008b44       0xcc ./Drivers/STM32F3xx_HAL_Driver/Src/stm32f3xx_hal_tim_ex.o
                0x0000000008008b44                HAL_TIMEx_MasterConfigSynchronization
 .text.HAL_TIMEx_ConfigBreakDeadTime
                0x0000000008008c10       0xf0 ./Drivers/STM32F3xx_HAL_Driver/Src/stm32f3xx_hal_tim_ex.o
                0x0000000008008c10                HAL_TIMEx_ConfigBreakDeadTime
 .text.HAL_TIMEx_CommutCallback
                0x0000000008008d00       0x14 ./Drivers/STM32F3xx_HAL_Driver/Src/stm32f3xx_hal_tim_ex.o
                0x0000000008008d00                HAL_TIMEx_CommutCallback
 .text.HAL_TIMEx_BreakCallback
                0x0000000008008d14       0x14 ./Drivers/STM32F3xx_HAL_Driver/Src/stm32f3xx_hal_tim_ex.o
                0x0000000008008d14                HAL_TIMEx_BreakCallback
 .text.HAL_TIMEx_Break2Callback
                0x0000000008008d28       0x14 ./Drivers/STM32F3xx_HAL_Driver/Src/stm32f3xx_hal_tim_ex.o
                0x0000000008008d28                HAL_TIMEx_Break2Callback
 .text.TIM_CCxNChannelCmd
                0x0000000008008d3c       0x4a ./Drivers/STM32F3xx_HAL_Driver/Src/stm32f3xx_hal_tim_ex.o
 .text.HAL_UART_Init
                0x0000000008008d86       0x9c ./Drivers/STM32F3xx_HAL_Driver/Src/stm32f3xx_hal_uart.o
                0x0000000008008d86                HAL_UART_Init
 *fill*         0x0000000008008e22        0x2 
 .text.HAL_UART_IRQHandler
                0x0000000008008e24      0x5bc ./Drivers/STM32F3xx_HAL_Driver/Src/stm32f3xx_hal_uart.o
                0x0000000008008e24                HAL_UART_IRQHandler
 .text.HAL_UART_TxCpltCallback
                0x00000000080093e0       0x14 ./Drivers/STM32F3xx_HAL_Driver/Src/stm32f3xx_hal_uart.o
                0x00000000080093e0                HAL_UART_TxCpltCallback
 .text.HAL_UART_ErrorCallback
                0x00000000080093f4       0x14 ./Drivers/STM32F3xx_HAL_Driver/Src/stm32f3xx_hal_uart.o
                0x00000000080093f4                HAL_UART_ErrorCallback
 .text.HAL_UARTEx_RxEventCallback
                0x0000000008009408       0x18 ./Drivers/STM32F3xx_HAL_Driver/Src/stm32f3xx_hal_uart.o
                0x0000000008009408                HAL_UARTEx_RxEventCallback
 .text.UART_SetConfig
                0x0000000008009420      0x26c ./Drivers/STM32F3xx_HAL_Driver/Src/stm32f3xx_hal_uart.o
                0x0000000008009420                UART_SetConfig
 .text.UART_AdvFeatureConfig
                0x000000000800968c      0x144 ./Drivers/STM32F3xx_HAL_Driver/Src/stm32f3xx_hal_uart.o
                0x000000000800968c                UART_AdvFeatureConfig
 .text.UART_CheckIdleState
                0x00000000080097d0       0x92 ./Drivers/STM32F3xx_HAL_Driver/Src/stm32f3xx_hal_uart.o
                0x00000000080097d0                UART_CheckIdleState
 .text.UART_WaitOnFlagUntilTimeout
                0x0000000008009862      0x188 ./Drivers/STM32F3xx_HAL_Driver/Src/stm32f3xx_hal_uart.o
                0x0000000008009862                UART_WaitOnFlagUntilTimeout
 .text.UART_EndRxTransfer
                0x00000000080099ea       0xc6 ./Drivers/STM32F3xx_HAL_Driver/Src/stm32f3xx_hal_uart.o
 .text.UART_DMAAbortOnError
                0x0000000008009ab0       0x2c ./Drivers/STM32F3xx_HAL_Driver/Src/stm32f3xx_hal_uart.o
 .text.UART_EndTransmit_IT
                0x0000000008009adc       0x54 ./Drivers/STM32F3xx_HAL_Driver/Src/stm32f3xx_hal_uart.o
 .text.HAL_UARTEx_WakeupCallback
                0x0000000008009b30       0x14 ./Drivers/STM32F3xx_HAL_Driver/Src/stm32f3xx_hal_uart_ex.o
                0x0000000008009b30                HAL_UARTEx_WakeupCallback
 .text.USB_EnableGlobalInt
                0x0000000008009b44       0x2e ./Drivers/STM32F3xx_HAL_Driver/Src/stm32f3xx_ll_usb.o
                0x0000000008009b44                USB_EnableGlobalInt
 .text.USB_DisableGlobalInt
                0x0000000008009b72       0x36 ./Drivers/STM32F3xx_HAL_Driver/Src/stm32f3xx_ll_usb.o
                0x0000000008009b72                USB_DisableGlobalInt
 .text.USB_DevInit
                0x0000000008009ba8       0x42 ./Drivers/STM32F3xx_HAL_Driver/Src/stm32f3xx_ll_usb.o
                0x0000000008009ba8                USB_DevInit
 *fill*         0x0000000008009bea        0x2 
 .text.USB_ActivateEndpoint
                0x0000000008009bec      0x728 ./Drivers/STM32F3xx_HAL_Driver/Src/stm32f3xx_ll_usb.o
                0x0000000008009bec                USB_ActivateEndpoint
 .text.USB_DeactivateEndpoint
                0x000000000800a314      0x3da ./Drivers/STM32F3xx_HAL_Driver/Src/stm32f3xx_ll_usb.o
                0x000000000800a314                USB_DeactivateEndpoint
 .text.USB_EPStartXfer
                0x000000000800a6ee     0x11a4 ./Drivers/STM32F3xx_HAL_Driver/Src/stm32f3xx_ll_usb.o
                0x000000000800a6ee                USB_EPStartXfer
 .text.USB_EPSetStall
                0x000000000800b892       0xa2 ./Drivers/STM32F3xx_HAL_Driver/Src/stm32f3xx_ll_usb.o
                0x000000000800b892                USB_EPSetStall
 .text.USB_EPClearStall
                0x000000000800b934      0x15c ./Drivers/STM32F3xx_HAL_Driver/Src/stm32f3xx_ll_usb.o
                0x000000000800b934                USB_EPClearStall
 .text.USB_SetDevAddress
                0x000000000800ba90       0x28 ./Drivers/STM32F3xx_HAL_Driver/Src/stm32f3xx_ll_usb.o
                0x000000000800ba90                USB_SetDevAddress
 .text.USB_DevConnect
                0x000000000800bab8       0x16 ./Drivers/STM32F3xx_HAL_Driver/Src/stm32f3xx_ll_usb.o
                0x000000000800bab8                USB_DevConnect
 .text.USB_ReadInterrupts
                0x000000000800bace       0x20 ./Drivers/STM32F3xx_HAL_Driver/Src/stm32f3xx_ll_usb.o
                0x000000000800bace                USB_ReadInterrupts
 .text.USB_WritePMA
                0x000000000800baee       0x84 ./Drivers/STM32F3xx_HAL_Driver/Src/stm32f3xx_ll_usb.o
                0x000000000800baee                USB_WritePMA
 .text.USB_ReadPMA
                0x000000000800bb72       0x98 ./Drivers/STM32F3xx_HAL_Driver/Src/stm32f3xx_ll_usb.o
                0x000000000800bb72                USB_ReadPMA
 .text.USBD_CDC_Init
                0x000000000800bc0a       0xf4 ./Middlewares/ST/STM32_USB_Device_Library/Class/CDC/Src/usbd_cdc.o
 .text.USBD_CDC_DeInit
                0x000000000800bcfe       0x6e ./Middlewares/ST/STM32_USB_Device_Library/Class/CDC/Src/usbd_cdc.o
 .text.USBD_CDC_Setup
                0x000000000800bd6c      0x146 ./Middlewares/ST/STM32_USB_Device_Library/Class/CDC/Src/usbd_cdc.o
 .text.USBD_CDC_DataIn
                0x000000000800beb2       0xa6 ./Middlewares/ST/STM32_USB_Device_Library/Class/CDC/Src/usbd_cdc.o
 .text.USBD_CDC_DataOut
                0x000000000800bf58       0x56 ./Middlewares/ST/STM32_USB_Device_Library/Class/CDC/Src/usbd_cdc.o
 .text.USBD_CDC_EP0_RxReady
                0x000000000800bfae       0x50 ./Middlewares/ST/STM32_USB_Device_Library/Class/CDC/Src/usbd_cdc.o
 *fill*         0x000000000800bffe        0x2 
 .text.USBD_CDC_GetFSCfgDesc
                0x000000000800c000       0x20 ./Middlewares/ST/STM32_USB_Device_Library/Class/CDC/Src/usbd_cdc.o
 .text.USBD_CDC_GetHSCfgDesc
                0x000000000800c020       0x20 ./Middlewares/ST/STM32_USB_Device_Library/Class/CDC/Src/usbd_cdc.o
 .text.USBD_CDC_GetOtherSpeedCfgDesc
                0x000000000800c040       0x20 ./Middlewares/ST/STM32_USB_Device_Library/Class/CDC/Src/usbd_cdc.o
 .text.USBD_CDC_GetDeviceQualifierDescriptor
                0x000000000800c060       0x20 ./Middlewares/ST/STM32_USB_Device_Library/Class/CDC/Src/usbd_cdc.o
                0x000000000800c060                USBD_CDC_GetDeviceQualifierDescriptor
 .text.USBD_CDC_RegisterInterface
                0x000000000800c080       0x2e ./Middlewares/ST/STM32_USB_Device_Library/Class/CDC/Src/usbd_cdc.o
                0x000000000800c080                USBD_CDC_RegisterInterface
 .text.USBD_CDC_SetTxBuffer
                0x000000000800c0ae       0x34 ./Middlewares/ST/STM32_USB_Device_Library/Class/CDC/Src/usbd_cdc.o
                0x000000000800c0ae                USBD_CDC_SetTxBuffer
 .text.USBD_CDC_SetRxBuffer
                0x000000000800c0e2       0x28 ./Middlewares/ST/STM32_USB_Device_Library/Class/CDC/Src/usbd_cdc.o
                0x000000000800c0e2                USBD_CDC_SetRxBuffer
 .text.USBD_CDC_ReceivePacket
                0x000000000800c10a       0x54 ./Middlewares/ST/STM32_USB_Device_Library/Class/CDC/Src/usbd_cdc.o
                0x000000000800c10a                USBD_CDC_ReceivePacket
 .text.USBD_Init
                0x000000000800c15e       0x56 ./Middlewares/ST/STM32_USB_Device_Library/Core/Src/usbd_core.o
                0x000000000800c15e                USBD_Init
 .text.USBD_RegisterClass
                0x000000000800c1b4       0x34 ./Middlewares/ST/STM32_USB_Device_Library/Core/Src/usbd_core.o
                0x000000000800c1b4                USBD_RegisterClass
 .text.USBD_Start
                0x000000000800c1e8       0x18 ./Middlewares/ST/STM32_USB_Device_Library/Core/Src/usbd_core.o
                0x000000000800c1e8                USBD_Start
 .text.USBD_RunTestMode
                0x000000000800c200       0x16 ./Middlewares/ST/STM32_USB_Device_Library/Core/Src/usbd_core.o
                0x000000000800c200                USBD_RunTestMode
 .text.USBD_SetClassConfig
                0x000000000800c216       0x3e ./Middlewares/ST/STM32_USB_Device_Library/Core/Src/usbd_core.o
                0x000000000800c216                USBD_SetClassConfig
 .text.USBD_ClrClassConfig
                0x000000000800c254       0x26 ./Middlewares/ST/STM32_USB_Device_Library/Core/Src/usbd_core.o
                0x000000000800c254                USBD_ClrClassConfig
 .text.USBD_LL_SetupStage
                0x000000000800c27a       0x9a ./Middlewares/ST/STM32_USB_Device_Library/Core/Src/usbd_core.o
                0x000000000800c27a                USBD_LL_SetupStage
 .text.USBD_LL_DataOutStage
                0x000000000800c314       0xe2 ./Middlewares/ST/STM32_USB_Device_Library/Core/Src/usbd_core.o
                0x000000000800c314                USBD_LL_DataOutStage
 .text.USBD_LL_DataInStage
                0x000000000800c3f6      0x14a ./Middlewares/ST/STM32_USB_Device_Library/Core/Src/usbd_core.o
                0x000000000800c3f6                USBD_LL_DataInStage
 .text.USBD_LL_Reset
                0x000000000800c540       0x82 ./Middlewares/ST/STM32_USB_Device_Library/Core/Src/usbd_core.o
                0x000000000800c540                USBD_LL_Reset
 .text.USBD_LL_SetSpeed
                0x000000000800c5c2       0x20 ./Middlewares/ST/STM32_USB_Device_Library/Core/Src/usbd_core.o
                0x000000000800c5c2                USBD_LL_SetSpeed
 .text.USBD_LL_Suspend
                0x000000000800c5e2       0x2a ./Middlewares/ST/STM32_USB_Device_Library/Core/Src/usbd_core.o
                0x000000000800c5e2                USBD_LL_Suspend
 .text.USBD_LL_Resume
                0x000000000800c60c       0x2c ./Middlewares/ST/STM32_USB_Device_Library/Core/Src/usbd_core.o
                0x000000000800c60c                USBD_LL_Resume
 .text.USBD_LL_SOF
                0x000000000800c638       0x34 ./Middlewares/ST/STM32_USB_Device_Library/Core/Src/usbd_core.o
                0x000000000800c638                USBD_LL_SOF
 .text.USBD_StdDevReq
                0x000000000800c66c       0xd4 ./Middlewares/ST/STM32_USB_Device_Library/Core/Src/usbd_ctlreq.o
                0x000000000800c66c                USBD_StdDevReq
 .text.USBD_StdItfReq
                0x000000000800c740       0x90 ./Middlewares/ST/STM32_USB_Device_Library/Core/Src/usbd_ctlreq.o
                0x000000000800c740                USBD_StdItfReq
 .text.USBD_StdEPReq
                0x000000000800c7d0      0x2c6 ./Middlewares/ST/STM32_USB_Device_Library/Core/Src/usbd_ctlreq.o
                0x000000000800c7d0                USBD_StdEPReq
 *fill*         0x000000000800ca96        0x2 
 .text.USBD_GetDescriptor
                0x000000000800ca98      0x2d0 ./Middlewares/ST/STM32_USB_Device_Library/Core/Src/usbd_ctlreq.o
 .text.USBD_SetAddress
                0x000000000800cd68       0x86 ./Middlewares/ST/STM32_USB_Device_Library/Core/Src/usbd_ctlreq.o
 *fill*         0x000000000800cdee        0x2 
 .text.USBD_SetConfig
                0x000000000800cdf0      0x11c ./Middlewares/ST/STM32_USB_Device_Library/Core/Src/usbd_ctlreq.o
 .text.USBD_GetConfig
                0x000000000800cf0c       0x6a ./Middlewares/ST/STM32_USB_Device_Library/Core/Src/usbd_ctlreq.o
 .text.USBD_GetStatus
                0x000000000800cf76       0x66 ./Middlewares/ST/STM32_USB_Device_Library/Core/Src/usbd_ctlreq.o
 .text.USBD_SetFeature
                0x000000000800cfdc       0x28 ./Middlewares/ST/STM32_USB_Device_Library/Core/Src/usbd_ctlreq.o
 .text.USBD_ClrFeature
                0x000000000800d004       0x42 ./Middlewares/ST/STM32_USB_Device_Library/Core/Src/usbd_ctlreq.o
 .text.USBD_ParseSetupRequest
                0x000000000800d046       0x7a ./Middlewares/ST/STM32_USB_Device_Library/Core/Src/usbd_ctlreq.o
                0x000000000800d046                USBD_ParseSetupRequest
 .text.USBD_CtlError
                0x000000000800d0c0       0x22 ./Middlewares/ST/STM32_USB_Device_Library/Core/Src/usbd_ctlreq.o
                0x000000000800d0c0                USBD_CtlError
 .text.USBD_GetString
                0x000000000800d0e2       0x84 ./Middlewares/ST/STM32_USB_Device_Library/Core/Src/usbd_ctlreq.o
                0x000000000800d0e2                USBD_GetString
 .text.USBD_GetLen
                0x000000000800d166       0x30 ./Middlewares/ST/STM32_USB_Device_Library/Core/Src/usbd_ctlreq.o
 .text.USBD_CtlSendData
                0x000000000800d196       0x38 ./Middlewares/ST/STM32_USB_Device_Library/Core/Src/usbd_ioreq.o
                0x000000000800d196                USBD_CtlSendData
 .text.USBD_CtlContinueSendData
                0x000000000800d1ce       0x24 ./Middlewares/ST/STM32_USB_Device_Library/Core/Src/usbd_ioreq.o
                0x000000000800d1ce                USBD_CtlContinueSendData
 .text.USBD_CtlPrepareRx
                0x000000000800d1f2       0x3c ./Middlewares/ST/STM32_USB_Device_Library/Core/Src/usbd_ioreq.o
                0x000000000800d1f2                USBD_CtlPrepareRx
 .text.USBD_CtlContinueRx
                0x000000000800d22e       0x24 ./Middlewares/ST/STM32_USB_Device_Library/Core/Src/usbd_ioreq.o
                0x000000000800d22e                USBD_CtlContinueRx
 .text.USBD_CtlSendStatus
                0x000000000800d252       0x26 ./Middlewares/ST/STM32_USB_Device_Library/Core/Src/usbd_ioreq.o
                0x000000000800d252                USBD_CtlSendStatus
 .text.USBD_CtlReceiveStatus
                0x000000000800d278       0x26 ./Middlewares/ST/STM32_USB_Device_Library/Core/Src/usbd_ioreq.o
                0x000000000800d278                USBD_CtlReceiveStatus
 *fill*         0x000000000800d29e        0x2 
 .text.MX_USB_DEVICE_Init
                0x000000000800d2a0       0x60 ./USB_DEVICE/App/usb_device.o
                0x000000000800d2a0                MX_USB_DEVICE_Init
 .text.CDC_Init_FS
                0x000000000800d300       0x28 ./USB_DEVICE/App/usbd_cdc_if.o
 .text.CDC_DeInit_FS
                0x000000000800d328       0x10 ./USB_DEVICE/App/usbd_cdc_if.o
 .text.CDC_Control_FS
                0x000000000800d338       0xbc ./USB_DEVICE/App/usbd_cdc_if.o
 .text.CDC_Receive_FS
                0x000000000800d3f4       0x28 ./USB_DEVICE/App/usbd_cdc_if.o
 .text.USBD_FS_DeviceDescriptor
                0x000000000800d41c       0x24 ./USB_DEVICE/App/usbd_desc.o
                0x000000000800d41c                USBD_FS_DeviceDescriptor
 .text.USBD_FS_LangIDStrDescriptor
                0x000000000800d440       0x24 ./USB_DEVICE/App/usbd_desc.o
                0x000000000800d440                USBD_FS_LangIDStrDescriptor
 .text.USBD_FS_ProductStrDescriptor
                0x000000000800d464       0x3c ./USB_DEVICE/App/usbd_desc.o
                0x000000000800d464                USBD_FS_ProductStrDescriptor
 .text.USBD_FS_ManufacturerStrDescriptor
                0x000000000800d4a0       0x28 ./USB_DEVICE/App/usbd_desc.o
                0x000000000800d4a0                USBD_FS_ManufacturerStrDescriptor
 .text.USBD_FS_SerialStrDescriptor
                0x000000000800d4c8       0x24 ./USB_DEVICE/App/usbd_desc.o
                0x000000000800d4c8                USBD_FS_SerialStrDescriptor
 .text.USBD_FS_ConfigStrDescriptor
                0x000000000800d4ec       0x3c ./USB_DEVICE/App/usbd_desc.o
                0x000000000800d4ec                USBD_FS_ConfigStrDescriptor
 .text.USBD_FS_InterfaceStrDescriptor
                0x000000000800d528       0x3c ./USB_DEVICE/App/usbd_desc.o
                0x000000000800d528                USBD_FS_InterfaceStrDescriptor
 .text.Get_SerialNum
                0x000000000800d564       0x58 ./USB_DEVICE/App/usbd_desc.o
 .text.IntToUnicode
                0x000000000800d5bc       0x7e ./USB_DEVICE/App/usbd_desc.o
 *fill*         0x000000000800d63a        0x2 
 .text.HAL_PCD_MspInit
                0x000000000800d63c       0x5c ./USB_DEVICE/Target/usbd_conf.o
                0x000000000800d63c                HAL_PCD_MspInit
 .text.HAL_PCD_SetupStageCallback
                0x000000000800d698       0x24 ./USB_DEVICE/Target/usbd_conf.o
                0x000000000800d698                HAL_PCD_SetupStageCallback
 .text.HAL_PCD_DataOutStageCallback
                0x000000000800d6bc       0x36 ./USB_DEVICE/Target/usbd_conf.o
                0x000000000800d6bc                HAL_PCD_DataOutStageCallback
 .text.HAL_PCD_DataInStageCallback
                0x000000000800d6f2       0x34 ./USB_DEVICE/Target/usbd_conf.o
                0x000000000800d6f2                HAL_PCD_DataInStageCallback
 .text.HAL_PCD_SOFCallback
                0x000000000800d726       0x1c ./USB_DEVICE/Target/usbd_conf.o
                0x000000000800d726                HAL_PCD_SOFCallback
 .text.HAL_PCD_ResetCallback
                0x000000000800d742       0x3c ./USB_DEVICE/Target/usbd_conf.o
                0x000000000800d742                HAL_PCD_ResetCallback
 *fill*         0x000000000800d77e        0x2 
 .text.HAL_PCD_SuspendCallback
                0x000000000800d780       0x34 ./USB_DEVICE/Target/usbd_conf.o
                0x000000000800d780                HAL_PCD_SuspendCallback
 .text.HAL_PCD_ResumeCallback
                0x000000000800d7b4       0x1c ./USB_DEVICE/Target/usbd_conf.o
                0x000000000800d7b4                HAL_PCD_ResumeCallback
 .text.USBD_LL_Init
                0x000000000800d7d0       0xb4 ./USB_DEVICE/Target/usbd_conf.o
                0x000000000800d7d0                USBD_LL_Init
 .text.USBD_LL_Start
                0x000000000800d884       0x36 ./USB_DEVICE/Target/usbd_conf.o
                0x000000000800d884                USBD_LL_Start
 .text.USBD_LL_OpenEP
                0x000000000800d8ba       0x4c ./USB_DEVICE/Target/usbd_conf.o
                0x000000000800d8ba                USBD_LL_OpenEP
 .text.USBD_LL_CloseEP
                0x000000000800d906       0x3e ./USB_DEVICE/Target/usbd_conf.o
                0x000000000800d906                USBD_LL_CloseEP
 .text.USBD_LL_StallEP
                0x000000000800d944       0x3e ./USB_DEVICE/Target/usbd_conf.o
                0x000000000800d944                USBD_LL_StallEP
 .text.USBD_LL_ClearStallEP
                0x000000000800d982       0x3e ./USB_DEVICE/Target/usbd_conf.o
                0x000000000800d982                USBD_LL_ClearStallEP
 .text.USBD_LL_IsStallEP
                0x000000000800d9c0       0x5a ./USB_DEVICE/Target/usbd_conf.o
                0x000000000800d9c0                USBD_LL_IsStallEP
 .text.USBD_LL_SetUSBAddress
                0x000000000800da1a       0x3e ./USB_DEVICE/Target/usbd_conf.o
                0x000000000800da1a                USBD_LL_SetUSBAddress
 .text.USBD_LL_Transmit
                0x000000000800da58       0x46 ./USB_DEVICE/Target/usbd_conf.o
                0x000000000800da58                USBD_LL_Transmit
 .text.USBD_LL_PrepareReceive
                0x000000000800da9e       0x46 ./USB_DEVICE/Target/usbd_conf.o
                0x000000000800da9e                USBD_LL_PrepareReceive
 .text.USBD_LL_GetRxDataSize
                0x000000000800dae4       0x26 ./USB_DEVICE/Target/usbd_conf.o
                0x000000000800dae4                USBD_LL_GetRxDataSize
 *fill*         0x000000000800db0a        0x2 
 .text.USBD_static_malloc
                0x000000000800db0c       0x1c ./USB_DEVICE/Target/usbd_conf.o
                0x000000000800db0c                USBD_static_malloc
 .text.USBD_static_free
                0x000000000800db28       0x14 ./USB_DEVICE/Target/usbd_conf.o
                0x000000000800db28                USBD_static_free
 .text.HAL_PCDEx_SetConnectionState
                0x000000000800db3c       0x18 ./USB_DEVICE/Target/usbd_conf.o
                0x000000000800db3c                HAL_PCDEx_SetConnectionState
 .text.USBD_Get_USB_Status
                0x000000000800db54       0x58 ./USB_DEVICE/Target/usbd_conf.o
 .text.__libc_init_array
                0x000000000800dbac       0x48 d:/stm32cubeide_1.4.0/stm32cubeide/plugins/com.st.stm32cube.ide.mcu.externaltools.gnu-tools-for-stm32.9-2020-q2-update.win32_2.0.0.202105311346/tools/bin/../lib/gcc/arm-none-eabi/9.3.1/../../../../arm-none-eabi/lib/thumb/v7e-m+fp/hard\libc_nano.a(lib_a-init.o)
                0x000000000800dbac                __libc_init_array
 .text.memset   0x000000000800dbf4       0x10 d:/stm32cubeide_1.4.0/stm32cubeide/plugins/com.st.stm32cube.ide.mcu.externaltools.gnu-tools-for-stm32.9-2020-q2-update.win32_2.0.0.202105311346/tools/bin/../lib/gcc/arm-none-eabi/9.3.1/../../../../arm-none-eabi/lib/thumb/v7e-m+fp/hard\libc_nano.a(lib_a-memset.o)
                0x000000000800dbf4                memset
 *(.glue_7)
 .glue_7        0x000000000800dc04        0x0 linker stubs
 *(.glue_7t)
 .glue_7t       0x000000000800dc04        0x0 linker stubs
 *(.eh_frame)
 .eh_frame      0x000000000800dc04        0x0 d:/stm32cubeide_1.4.0/stm32cubeide/plugins/com.st.stm32cube.ide.mcu.externaltools.gnu-tools-for-stm32.9-2020-q2-update.win32_2.0.0.202105311346/tools/bin/../lib/gcc/arm-none-eabi/9.3.1/thumb/v7e-m+fp/hard/crtbegin.o
 *(.init)
 .init          0x000000000800dc04        0x4 d:/stm32cubeide_1.4.0/stm32cubeide/plugins/com.st.stm32cube.ide.mcu.externaltools.gnu-tools-for-stm32.9-2020-q2-update.win32_2.0.0.202105311346/tools/bin/../lib/gcc/arm-none-eabi/9.3.1/thumb/v7e-m+fp/hard/crti.o
                0x000000000800dc04                _init
 .init          0x000000000800dc08        0x8 d:/stm32cubeide_1.4.0/stm32cubeide/plugins/com.st.stm32cube.ide.mcu.externaltools.gnu-tools-for-stm32.9-2020-q2-update.win32_2.0.0.202105311346/tools/bin/../lib/gcc/arm-none-eabi/9.3.1/thumb/v7e-m+fp/hard/crtn.o
 *(.fini)
 .fini          0x000000000800dc10        0x4 d:/stm32cubeide_1.4.0/stm32cubeide/plugins/com.st.stm32cube.ide.mcu.externaltools.gnu-tools-for-stm32.9-2020-q2-update.win32_2.0.0.202105311346/tools/bin/../lib/gcc/arm-none-eabi/9.3.1/thumb/v7e-m+fp/hard/crti.o
                0x000000000800dc10                _fini
 .fini          0x000000000800dc14        0x8 d:/stm32cubeide_1.4.0/stm32cubeide/plugins/com.st.stm32cube.ide.mcu.externaltools.gnu-tools-for-stm32.9-2020-q2-update.win32_2.0.0.202105311346/tools/bin/../lib/gcc/arm-none-eabi/9.3.1/thumb/v7e-m+fp/hard/crtn.o
                0x000000000800dc1c                . = ALIGN (0x4)
                0x000000000800dc1c                _etext = .

.vfp11_veneer   0x000000000800dc1c        0x0
 .vfp11_veneer  0x000000000800dc1c        0x0 linker stubs

.v4_bx          0x000000000800dc1c        0x0
 .v4_bx         0x000000000800dc1c        0x0 linker stubs

.iplt           0x000000000800dc1c        0x0
 .iplt          0x000000000800dc1c        0x0 d:/stm32cubeide_1.4.0/stm32cubeide/plugins/com.st.stm32cube.ide.mcu.externaltools.gnu-tools-for-stm32.9-2020-q2-update.win32_2.0.0.202105311346/tools/bin/../lib/gcc/arm-none-eabi/9.3.1/thumb/v7e-m+fp/hard/crtbegin.o

.rodata         0x000000000800dc1c      0x3d4
                0x000000000800dc1c                . = ALIGN (0x4)
 *(.rodata)
 .rodata        0x000000000800dc1c       0x7d ./Core/Src/encoder.o
 *fill*         0x000000000800dc99        0x3 
 .rodata        0x000000000800dc9c       0x46 ./USB_DEVICE/App/usbd_desc.o
 *(.rodata*)
 *fill*         0x000000000800dce2        0x2 
 .rodata.SIN_TABLE
                0x000000000800dce4      0x16c ./Core/Src/Park_u_Clark.o
                0x000000000800dce4                SIN_TABLE
 .rodata.SPWM   0x000000000800de50      0x168 ./Core/Src/SVM.o
                0x000000000800de50                SPWM
 .rodata.AHBPrescTable
                0x000000000800dfb8       0x10 ./Core/Src/system_stm32f3xx.o
                0x000000000800dfb8                AHBPrescTable
 .rodata.APBPrescTable
                0x000000000800dfc8        0x8 ./Core/Src/system_stm32f3xx.o
                0x000000000800dfc8                APBPrescTable
 .rodata.aPLLMULFactorTable
                0x000000000800dfd0       0x10 ./Drivers/STM32F3xx_HAL_Driver/Src/stm32f3xx_hal_rcc.o
                0x000000000800dfd0                aPLLMULFactorTable
 .rodata.aPredivFactorTable
                0x000000000800dfe0       0x10 ./Drivers/STM32F3xx_HAL_Driver/Src/stm32f3xx_hal_rcc.o
                0x000000000800dfe0                aPredivFactorTable
                0x000000000800dff0                . = ALIGN (0x4)

.ARM.extab      0x000000000800dff0        0x0
                0x000000000800dff0                . = ALIGN (0x4)
 *(.ARM.extab* .gnu.linkonce.armextab.*)
                0x000000000800dff0                . = ALIGN (0x4)

.ARM            0x000000000800dff0        0x8
                0x000000000800dff0                . = ALIGN (0x4)
                0x000000000800dff0                __exidx_start = .
 *(.ARM.exidx*)
 .ARM.exidx     0x000000000800dff0        0x8 d:/stm32cubeide_1.4.0/stm32cubeide/plugins/com.st.stm32cube.ide.mcu.externaltools.gnu-tools-for-stm32.9-2020-q2-update.win32_2.0.0.202105311346/tools/bin/../lib/gcc/arm-none-eabi/9.3.1/thumb/v7e-m+fp/hard\libgcc.a(_udivmoddi4.o)
                0x000000000800dff8                __exidx_end = .
                0x000000000800dff8                . = ALIGN (0x4)

.rel.dyn        0x000000000800dff8        0x0
 .rel.iplt      0x000000000800dff8        0x0 d:/stm32cubeide_1.4.0/stm32cubeide/plugins/com.st.stm32cube.ide.mcu.externaltools.gnu-tools-for-stm32.9-2020-q2-update.win32_2.0.0.202105311346/tools/bin/../lib/gcc/arm-none-eabi/9.3.1/thumb/v7e-m+fp/hard/crtbegin.o

.preinit_array  0x000000000800dff8        0x0
                0x000000000800dff8                . = ALIGN (0x4)
                0x000000000800dff8                PROVIDE (__preinit_array_start = .)
 *(.preinit_array*)
                0x000000000800dff8                PROVIDE (__preinit_array_end = .)
                0x000000000800dff8                . = ALIGN (0x4)

.init_array     0x000000000800dff8        0x4
                0x000000000800dff8                . = ALIGN (0x4)
                0x000000000800dff8                PROVIDE (__init_array_start = .)
 *(SORT_BY_NAME(.init_array.*))
 *(.init_array*)
 .init_array    0x000000000800dff8        0x4 d:/stm32cubeide_1.4.0/stm32cubeide/plugins/com.st.stm32cube.ide.mcu.externaltools.gnu-tools-for-stm32.9-2020-q2-update.win32_2.0.0.202105311346/tools/bin/../lib/gcc/arm-none-eabi/9.3.1/thumb/v7e-m+fp/hard/crtbegin.o
                0x000000000800dffc                PROVIDE (__init_array_end = .)
                0x000000000800dffc                . = ALIGN (0x4)

.fini_array     0x000000000800dffc        0x4
                0x000000000800dffc                . = ALIGN (0x4)
                [!provide]                        PROVIDE (__fini_array_start = .)
 *(SORT_BY_NAME(.fini_array.*))
 *(.fini_array*)
 .fini_array    0x000000000800dffc        0x4 d:/stm32cubeide_1.4.0/stm32cubeide/plugins/com.st.stm32cube.ide.mcu.externaltools.gnu-tools-for-stm32.9-2020-q2-update.win32_2.0.0.202105311346/tools/bin/../lib/gcc/arm-none-eabi/9.3.1/thumb/v7e-m+fp/hard/crtbegin.o
                [!provide]                        PROVIDE (__fini_array_end = .)
                0x000000000800e000                . = ALIGN (0x4)
                0x000000000800e000                _sidata = LOADADDR (.data)

.data           0x0000000020000000      0x1a4 load address 0x000000000800e000
                0x0000000020000000                . = ALIGN (0x4)
                0x0000000020000000                _sdata = .
 *(.data)
 *(.data*)
 .data.phaseshift
                0x0000000020000000        0x4 ./Core/Src/main.o
                0x0000000020000000                phaseshift
 .data.HallSector_Averages
                0x0000000020000004       0x10 ./Core/Src/phaseEstimater.o
                0x0000000020000004                HallSector_Averages
 .data.HallSector_phase_offset
                0x0000000020000014       0x10 ./Core/Src/phaseEstimater.o
                0x0000000020000014                HallSector_phase_offset
 .data.block_commutation_active
                0x0000000020000024        0x1 ./Core/Src/phaseEstimater.o
 *fill*         0x0000000020000025        0x3 
 .data.SystemCoreClock
                0x0000000020000028        0x4 ./Core/Src/system_stm32f3xx.o
                0x0000000020000028                SystemCoreClock
 .data.uwTickPrio
                0x000000002000002c        0x4 ./Drivers/STM32F3xx_HAL_Driver/Src/stm32f3xx_hal.o
                0x000000002000002c                uwTickPrio
 .data.uwTickFreq
                0x0000000020000030        0x1 ./Drivers/STM32F3xx_HAL_Driver/Src/stm32f3xx_hal.o
                0x0000000020000030                uwTickFreq
 *fill*         0x0000000020000031        0x3 
 .data.USBD_CDC_DeviceQualifierDesc
                0x0000000020000034        0xa ./Middlewares/ST/STM32_USB_Device_Library/Class/CDC/Src/usbd_cdc.o
 *fill*         0x000000002000003e        0x2 
 .data.USBD_CDC
                0x0000000020000040       0x38 ./Middlewares/ST/STM32_USB_Device_Library/Class/CDC/Src/usbd_cdc.o
                0x0000000020000040                USBD_CDC
 .data.USBD_CDC_CfgHSDesc
                0x0000000020000078       0x43 ./Middlewares/ST/STM32_USB_Device_Library/Class/CDC/Src/usbd_cdc.o
                0x0000000020000078                USBD_CDC_CfgHSDesc
 *fill*         0x00000000200000bb        0x1 
 .data.USBD_CDC_CfgFSDesc
                0x00000000200000bc       0x43 ./Middlewares/ST/STM32_USB_Device_Library/Class/CDC/Src/usbd_cdc.o
                0x00000000200000bc                USBD_CDC_CfgFSDesc
 *fill*         0x00000000200000ff        0x1 
 .data.USBD_CDC_OtherSpeedCfgDesc
                0x0000000020000100       0x43 ./Middlewares/ST/STM32_USB_Device_Library/Class/CDC/Src/usbd_cdc.o
                0x0000000020000100                USBD_CDC_OtherSpeedCfgDesc
 *fill*         0x0000000020000143        0x1 
 .data.USBD_Interface_fops_FS
                0x0000000020000144       0x10 ./USB_DEVICE/App/usbd_cdc_if.o
                0x0000000020000144                USBD_Interface_fops_FS
 .data.FS_Desc  0x0000000020000154       0x1c ./USB_DEVICE/App/usbd_desc.o
                0x0000000020000154                FS_Desc
 .data.USBD_FS_DeviceDesc
                0x0000000020000170       0x12 ./USB_DEVICE/App/usbd_desc.o
                0x0000000020000170                USBD_FS_DeviceDesc
 *fill*         0x0000000020000182        0x2 
 .data.USBD_LangIDDesc
                0x0000000020000184        0x4 ./USB_DEVICE/App/usbd_desc.o
                0x0000000020000184                USBD_LangIDDesc
 .data.USBD_StringSerial
                0x0000000020000188       0x1a ./USB_DEVICE/App/usbd_desc.o
                0x0000000020000188                USBD_StringSerial
 *(.RamFunc)
 *(.RamFunc*)
                0x00000000200001a4                . = ALIGN (0x4)
 *fill*         0x00000000200001a2        0x2 
                0x00000000200001a4                _edata = .

.igot.plt       0x00000000200001a4        0x0 load address 0x000000000800e1a4
 .igot.plt      0x00000000200001a4        0x0 d:/stm32cubeide_1.4.0/stm32cubeide/plugins/com.st.stm32cube.ide.mcu.externaltools.gnu-tools-for-stm32.9-2020-q2-update.win32_2.0.0.202105311346/tools/bin/../lib/gcc/arm-none-eabi/9.3.1/thumb/v7e-m+fp/hard/crtbegin.o
                0x00000000200001a4                . = ALIGN (0x4)

.bss            0x00000000200001a4     0x14d8 load address 0x000000000800e1a4
                0x00000000200001a4                _sbss = .
                0x00000000200001a4                __bss_start__ = _sbss
 *(.bss)
 .bss           0x00000000200001a4       0x1c d:/stm32cubeide_1.4.0/stm32cubeide/plugins/com.st.stm32cube.ide.mcu.externaltools.gnu-tools-for-stm32.9-2020-q2-update.win32_2.0.0.202105311346/tools/bin/../lib/gcc/arm-none-eabi/9.3.1/thumb/v7e-m+fp/hard/crtbegin.o
 *(.bss*)
 .bss.CCR_U     0x00000000200001c0        0x2 ./Core/Src/SVM.o
 .bss.CCR_V     0x00000000200001c2        0x2 ./Core/Src/SVM.o
 .bss.CCR_W     0x00000000200001c4        0x2 ./Core/Src/SVM.o
 .bss.current_sector
                0x00000000200001c6        0x2 ./Core/Src/SVM.o
 .bss.ENCODERA.10297
                0x00000000200001c8        0x1 ./Core/Src/encoder.o
 .bss.ENCODERB.10298
                0x00000000200001c9        0x1 ./Core/Src/encoder.o
 .bss.iniOK.10306
                0x00000000200001ca        0x1 ./Core/Src/encoder.o
 *fill*         0x00000000200001cb        0x1 
 .bss.event.10304
                0x00000000200001cc        0x4 ./Core/Src/encoder.o
 .bss.state.10305
                0x00000000200001d0        0x4 ./Core/Src/encoder.o
 .bss.encoder_val.10299
                0x00000000200001d4        0x4 ./Core/Src/encoder.o
 .bss.Motor     0x00000000200001d8       0x28 ./Core/Src/global_var.o
                0x00000000200001d8                Motor
 .bss.TIM_PSC   0x0000000020000200        0x2 ./Core/Src/main.o
                0x0000000020000200                TIM_PSC
 .bss.init_done.11158
                0x0000000020000202        0x1 ./Core/Src/main.o
 *fill*         0x0000000020000203        0x1 
 .bss.HallSector_phase_span
                0x0000000020000204       0x10 ./Core/Src/phaseEstimater.o
                0x0000000020000204                HallSector_phase_span
 .bss.time_between_sectors
                0x0000000020000214        0x2 ./Core/Src/phaseEstimater.o
                0x0000000020000214                time_between_sectors
 *fill*         0x0000000020000216        0x2 
 .bss.Prev_Sector_times
                0x0000000020000218       0x10 ./Core/Src/phaseEstimater.o
 .bss.init.10834
                0x0000000020000228        0x1 ./Core/Src/phaseEstimater.o
 *fill*         0x0000000020000229        0x1 
 .bss.voltage_phase.10830
                0x000000002000022a        0x2 ./Core/Src/phaseEstimater.o
 .bss.HALL1.10831
                0x000000002000022c        0x1 ./Core/Src/phaseEstimater.o
 .bss.HALL2.10832
                0x000000002000022d        0x1 ./Core/Src/phaseEstimater.o
 .bss.HALL3.10833
                0x000000002000022e        0x1 ./Core/Src/phaseEstimater.o
 .bss.lock_HALL1.10835
                0x000000002000022f        0x1 ./Core/Src/phaseEstimater.o
 .bss.lock_HALL2.10836
                0x0000000020000230        0x1 ./Core/Src/phaseEstimater.o
 .bss.lock_HALL3.10837
                0x0000000020000231        0x1 ./Core/Src/phaseEstimater.o
 .bss.phase_old.10838
                0x0000000020000232        0x2 ./Core/Src/phaseEstimater.o
 .bss.prev_Sector.10839
                0x0000000020000234        0x1 ./Core/Src/phaseEstimater.o
 .bss.init.10860
                0x0000000020000235        0x1 ./Core/Src/phaseEstimater.o
 .bss.HALL1.10867
                0x0000000020000236        0x1 ./Core/Src/phaseEstimater.o
 .bss.HALL2.10868
                0x0000000020000237        0x1 ./Core/Src/phaseEstimater.o
 .bss.HALL3.10869
                0x0000000020000238        0x1 ./Core/Src/phaseEstimater.o
 .bss.lock_HALL1.10877
                0x0000000020000239        0x1 ./Core/Src/phaseEstimater.o
 .bss.lock_HALL2.10878
                0x000000002000023a        0x1 ./Core/Src/phaseEstimater.o
 .bss.lock_HALL3.10879
                0x000000002000023b        0x1 ./Core/Src/phaseEstimater.o
 .bss.HallSector.10861
                0x000000002000023c        0x1 ./Core/Src/phaseEstimater.o
 *fill*         0x000000002000023d        0x1 
 .bss.PreviousHallSector.10864
                0x000000002000023e        0x2 ./Core/Src/phaseEstimater.o
 .bss.SectorTime.10863
                0x0000000020000240        0x2 ./Core/Src/phaseEstimater.o
 *fill*         0x0000000020000242        0x2 
 .bss.prev_phase.10866
                0x0000000020000244        0x4 ./Core/Src/phaseEstimater.o
 .bss.cfgidx.10651
                0x0000000020000248        0x1 ./Middlewares/ST/STM32_USB_Device_Library/Core/Src/usbd_ctlreq.o
 *fill*         0x0000000020000249        0x3 
 .bss.mem.10721
                0x000000002000024c      0x220 ./USB_DEVICE/Target/usbd_conf.o
 *(COMMON)
 COMMON         0x000000002000046c       0x94 ./Core/Src/adc.o
                0x000000002000046c                hadc1
                0x00000000200004bc                hdma_adc1
 COMMON         0x0000000020000500       0x4c ./Core/Src/i2c.o
                0x0000000020000500                hi2c1
 COMMON         0x000000002000054c       0xe4 ./Core/Src/tim.o
                0x000000002000054c                htim15
                0x0000000020000598                htim6
                0x00000000200005e4                htim1
 COMMON         0x0000000020000630       0xc8 ./Core/Src/usart.o
                0x0000000020000630                hdma_usart1_tx
                0x0000000020000674                huart1
 COMMON         0x00000000200006f8        0x4 ./Drivers/STM32F3xx_HAL_Driver/Src/stm32f3xx_hal.o
                0x00000000200006f8                uwTick
 COMMON         0x00000000200006fc      0x2c4 ./USB_DEVICE/App/usb_device.o
                0x00000000200006fc                hUsbDeviceFS
 COMMON         0x00000000200009c0      0x7d0 ./USB_DEVICE/App/usbd_cdc_if.o
                0x00000000200009c0                UserRxBufferFS
                0x0000000020000da8                UserTxBufferFS
 COMMON         0x0000000020001190      0x200 ./USB_DEVICE/App/usbd_desc.o
                0x0000000020001190                USBD_StrDesc
 COMMON         0x0000000020001390      0x2ec ./USB_DEVICE/Target/usbd_conf.o
                0x0000000020001390                hpcd_USB_FS
                0x000000002000167c                . = ALIGN (0x4)
                0x000000002000167c                _ebss = .
                0x000000002000167c                __bss_end__ = _ebss

._user_heap_stack
                0x000000002000167c      0x604 load address 0x000000000800e1a4
                0x0000000020001680                . = ALIGN (0x8)
 *fill*         0x000000002000167c        0x4 
                [!provide]                        PROVIDE (end = .)
                0x0000000020001680                PROVIDE (_end = .)
                0x0000000020001880                . = (. + _Min_Heap_Size)
 *fill*         0x0000000020001680      0x200 
                0x0000000020001c80                . = (. + _Min_Stack_Size)
 *fill*         0x0000000020001880      0x400 
                0x0000000020001c80                . = ALIGN (0x8)

/DISCARD/
 libc.a(*)
 libm.a(*)
 libgcc.a(*)

.ARM.attributes
                0x0000000000000000       0x30
 *(.ARM.attributes)
 .ARM.attributes
                0x0000000000000000       0x1e d:/stm32cubeide_1.4.0/stm32cubeide/plugins/com.st.stm32cube.ide.mcu.externaltools.gnu-tools-for-stm32.9-2020-q2-update.win32_2.0.0.202105311346/tools/bin/../lib/gcc/arm-none-eabi/9.3.1/thumb/v7e-m+fp/hard/crti.o
 .ARM.attributes
                0x000000000000001e       0x34 d:/stm32cubeide_1.4.0/stm32cubeide/plugins/com.st.stm32cube.ide.mcu.externaltools.gnu-tools-for-stm32.9-2020-q2-update.win32_2.0.0.202105311346/tools/bin/../lib/gcc/arm-none-eabi/9.3.1/thumb/v7e-m+fp/hard/crtbegin.o
 .ARM.attributes
                0x0000000000000052       0x34 ./Core/Src/Park_u_Clark.o
 .ARM.attributes
                0x0000000000000086       0x34 ./Core/Src/SVM.o
 .ARM.attributes
                0x00000000000000ba       0x34 ./Core/Src/adc.o
 .ARM.attributes
                0x00000000000000ee       0x34 ./Core/Src/dma.o
 .ARM.attributes
                0x0000000000000122       0x34 ./Core/Src/encoder.o
 .ARM.attributes
                0x0000000000000156       0x39 ./Core/Src/global_var.o
 .ARM.attributes
                0x000000000000018f       0x34 ./Core/Src/gpio.o
 .ARM.attributes
                0x00000000000001c3       0x34 ./Core/Src/i2c.o
 .ARM.attributes
                0x00000000000001f7       0x34 ./Core/Src/main.o
 .ARM.attributes
                0x000000000000022b       0x34 ./Core/Src/phaseEstimater.o
 .ARM.attributes
                0x000000000000025f       0x34 ./Core/Src/stm32f3xx_hal_msp.o
 .ARM.attributes
                0x0000000000000293       0x34 ./Core/Src/stm32f3xx_it.o
 .ARM.attributes
                0x00000000000002c7       0x34 ./Core/Src/system_stm32f3xx.o
 .ARM.attributes
                0x00000000000002fb       0x34 ./Core/Src/tim.o
 .ARM.attributes
                0x000000000000032f       0x34 ./Core/Src/usart.o
 .ARM.attributes
                0x0000000000000363       0x21 ./Core/Startup/startup_stm32f302c8tx.o
 .ARM.attributes
                0x0000000000000384       0x34 ./Drivers/STM32F3xx_HAL_Driver/Src/stm32f3xx_hal.o
 .ARM.attributes
                0x00000000000003b8       0x34 ./Drivers/STM32F3xx_HAL_Driver/Src/stm32f3xx_hal_adc.o
 .ARM.attributes
                0x00000000000003ec       0x34 ./Drivers/STM32F3xx_HAL_Driver/Src/stm32f3xx_hal_adc_ex.o
 .ARM.attributes
                0x0000000000000420       0x34 ./Drivers/STM32F3xx_HAL_Driver/Src/stm32f3xx_hal_cortex.o
 .ARM.attributes
                0x0000000000000454       0x34 ./Drivers/STM32F3xx_HAL_Driver/Src/stm32f3xx_hal_dma.o
 .ARM.attributes
                0x0000000000000488       0x34 ./Drivers/STM32F3xx_HAL_Driver/Src/stm32f3xx_hal_gpio.o
 .ARM.attributes
                0x00000000000004bc       0x34 ./Drivers/STM32F3xx_HAL_Driver/Src/stm32f3xx_hal_i2c.o
 .ARM.attributes
                0x00000000000004f0       0x34 ./Drivers/STM32F3xx_HAL_Driver/Src/stm32f3xx_hal_i2c_ex.o
 .ARM.attributes
                0x0000000000000524       0x34 ./Drivers/STM32F3xx_HAL_Driver/Src/stm32f3xx_hal_pcd.o
 .ARM.attributes
                0x0000000000000558       0x34 ./Drivers/STM32F3xx_HAL_Driver/Src/stm32f3xx_hal_pcd_ex.o
 .ARM.attributes
                0x000000000000058c       0x34 ./Drivers/STM32F3xx_HAL_Driver/Src/stm32f3xx_hal_rcc.o
 .ARM.attributes
                0x00000000000005c0       0x34 ./Drivers/STM32F3xx_HAL_Driver/Src/stm32f3xx_hal_rcc_ex.o
 .ARM.attributes
                0x00000000000005f4       0x34 ./Drivers/STM32F3xx_HAL_Driver/Src/stm32f3xx_hal_tim.o
 .ARM.attributes
                0x0000000000000628       0x34 ./Drivers/STM32F3xx_HAL_Driver/Src/stm32f3xx_hal_tim_ex.o
 .ARM.attributes
                0x000000000000065c       0x34 ./Drivers/STM32F3xx_HAL_Driver/Src/stm32f3xx_hal_uart.o
 .ARM.attributes
                0x0000000000000690       0x34 ./Drivers/STM32F3xx_HAL_Driver/Src/stm32f3xx_hal_uart_ex.o
 .ARM.attributes
                0x00000000000006c4       0x34 ./Drivers/STM32F3xx_HAL_Driver/Src/stm32f3xx_ll_usb.o
 .ARM.attributes
                0x00000000000006f8       0x34 ./Middlewares/ST/STM32_USB_Device_Library/Class/CDC/Src/usbd_cdc.o
 .ARM.attributes
                0x000000000000072c       0x34 ./Middlewares/ST/STM32_USB_Device_Library/Core/Src/usbd_core.o
 .ARM.attributes
                0x0000000000000760       0x34 ./Middlewares/ST/STM32_USB_Device_Library/Core/Src/usbd_ctlreq.o
 .ARM.attributes
                0x0000000000000794       0x34 ./Middlewares/ST/STM32_USB_Device_Library/Core/Src/usbd_ioreq.o
 .ARM.attributes
                0x00000000000007c8       0x34 ./USB_DEVICE/App/usb_device.o
 .ARM.attributes
                0x00000000000007fc       0x34 ./USB_DEVICE/App/usbd_cdc_if.o
 .ARM.attributes
                0x0000000000000830       0x34 ./USB_DEVICE/App/usbd_desc.o
 .ARM.attributes
                0x0000000000000864       0x34 ./USB_DEVICE/Target/usbd_conf.o
 .ARM.attributes
                0x0000000000000898       0x34 d:/stm32cubeide_1.4.0/stm32cubeide/plugins/com.st.stm32cube.ide.mcu.externaltools.gnu-tools-for-stm32.9-2020-q2-update.win32_2.0.0.202105311346/tools/bin/../lib/gcc/arm-none-eabi/9.3.1/../../../../arm-none-eabi/lib/thumb/v7e-m+fp/hard\libc_nano.a(lib_a-init.o)
 .ARM.attributes
                0x00000000000008cc       0x34 d:/stm32cubeide_1.4.0/stm32cubeide/plugins/com.st.stm32cube.ide.mcu.externaltools.gnu-tools-for-stm32.9-2020-q2-update.win32_2.0.0.202105311346/tools/bin/../lib/gcc/arm-none-eabi/9.3.1/../../../../arm-none-eabi/lib/thumb/v7e-m+fp/hard\libc_nano.a(lib_a-memset.o)
 .ARM.attributes
                0x0000000000000900       0x1e d:/stm32cubeide_1.4.0/stm32cubeide/plugins/com.st.stm32cube.ide.mcu.externaltools.gnu-tools-for-stm32.9-2020-q2-update.win32_2.0.0.202105311346/tools/bin/../lib/gcc/arm-none-eabi/9.3.1/thumb/v7e-m+fp/hard\libgcc.a(_aeabi_ldivmod.o)
 .ARM.attributes
                0x000000000000091e       0x34 d:/stm32cubeide_1.4.0/stm32cubeide/plugins/com.st.stm32cube.ide.mcu.externaltools.gnu-tools-for-stm32.9-2020-q2-update.win32_2.0.0.202105311346/tools/bin/../lib/gcc/arm-none-eabi/9.3.1/thumb/v7e-m+fp/hard\libgcc.a(_udivmoddi4.o)
 .ARM.attributes
                0x0000000000000952       0x1e d:/stm32cubeide_1.4.0/stm32cubeide/plugins/com.st.stm32cube.ide.mcu.externaltools.gnu-tools-for-stm32.9-2020-q2-update.win32_2.0.0.202105311346/tools/bin/../lib/gcc/arm-none-eabi/9.3.1/thumb/v7e-m+fp/hard\libgcc.a(_dvmd_tls.o)
 .ARM.attributes
                0x0000000000000970       0x1e d:/stm32cubeide_1.4.0/stm32cubeide/plugins/com.st.stm32cube.ide.mcu.externaltools.gnu-tools-for-stm32.9-2020-q2-update.win32_2.0.0.202105311346/tools/bin/../lib/gcc/arm-none-eabi/9.3.1/thumb/v7e-m+fp/hard/crtn.o
OUTPUT(SESC_V2_Firmware.elf elf32-littlearm)
LOAD linker stubs
LOAD d:/stm32cubeide_1.4.0/stm32cubeide/plugins/com.st.stm32cube.ide.mcu.externaltools.gnu-tools-for-stm32.9-2020-q2-update.win32_2.0.0.202105311346/tools/bin/../lib/gcc/arm-none-eabi/9.3.1/../../../../arm-none-eabi/lib/thumb/v7e-m+fp/hard\libc.a
LOAD d:/stm32cubeide_1.4.0/stm32cubeide/plugins/com.st.stm32cube.ide.mcu.externaltools.gnu-tools-for-stm32.9-2020-q2-update.win32_2.0.0.202105311346/tools/bin/../lib/gcc/arm-none-eabi/9.3.1/../../../../arm-none-eabi/lib/thumb/v7e-m+fp/hard\libm.a
LOAD d:/stm32cubeide_1.4.0/stm32cubeide/plugins/com.st.stm32cube.ide.mcu.externaltools.gnu-tools-for-stm32.9-2020-q2-update.win32_2.0.0.202105311346/tools/bin/../lib/gcc/arm-none-eabi/9.3.1/thumb/v7e-m+fp/hard\libgcc.a

.debug_info     0x0000000000000000    0x2b444
 .debug_info    0x0000000000000000      0xc72 ./Core/Src/Park_u_Clark.o
 .debug_info    0x0000000000000c72     0x17ee ./Core/Src/SVM.o
 .debug_info    0x0000000000002460      0xd11 ./Core/Src/adc.o
 .debug_info    0x0000000000003171      0x3ed ./Core/Src/dma.o
 .debug_info    0x000000000000355e      0xc2c ./Core/Src/encoder.o
 .debug_info    0x000000000000418a      0xb12 ./Core/Src/global_var.o
 .debug_info    0x0000000000004c9c      0x408 ./Core/Src/gpio.o
 .debug_info    0x00000000000050a4      0x97b ./Core/Src/i2c.o
 .debug_info    0x0000000000005a1f     0x23ee ./Core/Src/main.o
 .debug_info    0x0000000000007e0d     0x15d7 ./Core/Src/phaseEstimater.o
 .debug_info    0x00000000000093e4      0x299 ./Core/Src/stm32f3xx_hal_msp.o
 .debug_info    0x000000000000967d     0x1505 ./Core/Src/stm32f3xx_it.o
 .debug_info    0x000000000000ab82      0x49a ./Core/Src/system_stm32f3xx.o
 .debug_info    0x000000000000b01c      0xe84 ./Core/Src/tim.o
 .debug_info    0x000000000000bea0      0xb55 ./Core/Src/usart.o
 .debug_info    0x000000000000c9f5       0x22 ./Core/Startup/startup_stm32f302c8tx.o
 .debug_info    0x000000000000ca17      0x7dd ./Drivers/STM32F3xx_HAL_Driver/Src/stm32f3xx_hal.o
 .debug_info    0x000000000000d1f4      0xc8d ./Drivers/STM32F3xx_HAL_Driver/Src/stm32f3xx_hal_adc.o
 .debug_info    0x000000000000de81     0x1498 ./Drivers/STM32F3xx_HAL_Driver/Src/stm32f3xx_hal_adc_ex.o
 .debug_info    0x000000000000f319      0xc09 ./Drivers/STM32F3xx_HAL_Driver/Src/stm32f3xx_hal_cortex.o
 .debug_info    0x000000000000ff22      0x839 ./Drivers/STM32F3xx_HAL_Driver/Src/stm32f3xx_hal_dma.o
 .debug_info    0x000000000001075b      0x779 ./Drivers/STM32F3xx_HAL_Driver/Src/stm32f3xx_hal_gpio.o
 .debug_info    0x0000000000010ed4     0x21c4 ./Drivers/STM32F3xx_HAL_Driver/Src/stm32f3xx_hal_i2c.o
 .debug_info    0x0000000000013098      0x968 ./Drivers/STM32F3xx_HAL_Driver/Src/stm32f3xx_hal_i2c_ex.o
 .debug_info    0x0000000000013a00     0x162d ./Drivers/STM32F3xx_HAL_Driver/Src/stm32f3xx_hal_pcd.o
 .debug_info    0x000000000001502d      0x80c ./Drivers/STM32F3xx_HAL_Driver/Src/stm32f3xx_hal_pcd_ex.o
 .debug_info    0x0000000000015839     0x15b5 ./Drivers/STM32F3xx_HAL_Driver/Src/stm32f3xx_hal_rcc.o
 .debug_info    0x0000000000016dee      0x671 ./Drivers/STM32F3xx_HAL_Driver/Src/stm32f3xx_hal_rcc_ex.o
 .debug_info    0x000000000001745f     0x2cf6 ./Drivers/STM32F3xx_HAL_Driver/Src/stm32f3xx_hal_tim.o
 .debug_info    0x000000000001a155     0x163e ./Drivers/STM32F3xx_HAL_Driver/Src/stm32f3xx_hal_tim_ex.o
 .debug_info    0x000000000001b793     0x3af9 ./Drivers/STM32F3xx_HAL_Driver/Src/stm32f3xx_hal_uart.o
 .debug_info    0x000000000001f28c      0xccb ./Drivers/STM32F3xx_HAL_Driver/Src/stm32f3xx_hal_uart_ex.o
 .debug_info    0x000000000001ff57     0x1734 ./Drivers/STM32F3xx_HAL_Driver/Src/stm32f3xx_ll_usb.o
 .debug_info    0x000000000002168b     0x194a ./Middlewares/ST/STM32_USB_Device_Library/Class/CDC/Src/usbd_cdc.o
 .debug_info    0x0000000000022fd5     0x12f2 ./Middlewares/ST/STM32_USB_Device_Library/Core/Src/usbd_core.o
 .debug_info    0x00000000000242c7     0x125f ./Middlewares/ST/STM32_USB_Device_Library/Core/Src/usbd_ctlreq.o
 .debug_info    0x0000000000025526     0x1031 ./Middlewares/ST/STM32_USB_Device_Library/Core/Src/usbd_ioreq.o
 .debug_info    0x0000000000026557      0xf6e ./USB_DEVICE/App/usb_device.o
 .debug_info    0x00000000000274c5     0x1143 ./USB_DEVICE/App/usbd_cdc_if.o
 .debug_info    0x0000000000028608      0xdeb ./USB_DEVICE/App/usbd_desc.o
 .debug_info    0x00000000000293f3     0x2051 ./USB_DEVICE/Target/usbd_conf.o

.debug_abbrev   0x0000000000000000     0x57f6
 .debug_abbrev  0x0000000000000000      0x235 ./Core/Src/Park_u_Clark.o
 .debug_abbrev  0x0000000000000235      0x2a6 ./Core/Src/SVM.o
 .debug_abbrev  0x00000000000004db      0x1d7 ./Core/Src/adc.o
 .debug_abbrev  0x00000000000006b2      0x11b ./Core/Src/dma.o
 .debug_abbrev  0x00000000000007cd      0x1ec ./Core/Src/encoder.o
 .debug_abbrev  0x00000000000009b9      0x1a8 ./Core/Src/global_var.o
 .debug_abbrev  0x0000000000000b61      0x14e ./Core/Src/gpio.o
 .debug_abbrev  0x0000000000000caf      0x1c6 ./Core/Src/i2c.o
 .debug_abbrev  0x0000000000000e75      0x2c0 ./Core/Src/main.o
 .debug_abbrev  0x0000000000001135      0x29a ./Core/Src/phaseEstimater.o
 .debug_abbrev  0x00000000000013cf      0x11d ./Core/Src/stm32f3xx_hal_msp.o
 .debug_abbrev  0x00000000000014ec      0x1c1 ./Core/Src/stm32f3xx_it.o
 .debug_abbrev  0x00000000000016ad      0x145 ./Core/Src/system_stm32f3xx.o
 .debug_abbrev  0x00000000000017f2      0x204 ./Core/Src/tim.o
 .debug_abbrev  0x00000000000019f6      0x1d7 ./Core/Src/usart.o
 .debug_abbrev  0x0000000000001bcd       0x12 ./Core/Startup/startup_stm32f302c8tx.o
 .debug_abbrev  0x0000000000001bdf      0x1ed ./Drivers/STM32F3xx_HAL_Driver/Src/stm32f3xx_hal.o
 .debug_abbrev  0x0000000000001dcc      0x1a7 ./Drivers/STM32F3xx_HAL_Driver/Src/stm32f3xx_hal_adc.o
 .debug_abbrev  0x0000000000001f73      0x253 ./Drivers/STM32F3xx_HAL_Driver/Src/stm32f3xx_hal_adc_ex.o
 .debug_abbrev  0x00000000000021c6      0x313 ./Drivers/STM32F3xx_HAL_Driver/Src/stm32f3xx_hal_cortex.o
 .debug_abbrev  0x00000000000024d9      0x228 ./Drivers/STM32F3xx_HAL_Driver/Src/stm32f3xx_hal_dma.o
 .debug_abbrev  0x0000000000002701      0x1e8 ./Drivers/STM32F3xx_HAL_Driver/Src/stm32f3xx_hal_gpio.o
 .debug_abbrev  0x00000000000028e9      0x256 ./Drivers/STM32F3xx_HAL_Driver/Src/stm32f3xx_hal_i2c.o
 .debug_abbrev  0x0000000000002b3f      0x1dd ./Drivers/STM32F3xx_HAL_Driver/Src/stm32f3xx_hal_i2c_ex.o
 .debug_abbrev  0x0000000000002d1c      0x2ba ./Drivers/STM32F3xx_HAL_Driver/Src/stm32f3xx_hal_pcd.o
 .debug_abbrev  0x0000000000002fd6      0x1ac ./Drivers/STM32F3xx_HAL_Driver/Src/stm32f3xx_hal_pcd_ex.o
 .debug_abbrev  0x0000000000003182      0x2c4 ./Drivers/STM32F3xx_HAL_Driver/Src/stm32f3xx_hal_rcc.o
 .debug_abbrev  0x0000000000003446      0x22b ./Drivers/STM32F3xx_HAL_Driver/Src/stm32f3xx_hal_rcc_ex.o
 .debug_abbrev  0x0000000000003671      0x25e ./Drivers/STM32F3xx_HAL_Driver/Src/stm32f3xx_hal_tim.o
 .debug_abbrev  0x00000000000038cf      0x266 ./Drivers/STM32F3xx_HAL_Driver/Src/stm32f3xx_hal_tim_ex.o
 .debug_abbrev  0x0000000000003b35      0x2b3 ./Drivers/STM32F3xx_HAL_Driver/Src/stm32f3xx_hal_uart.o
 .debug_abbrev  0x0000000000003de8      0x2a2 ./Drivers/STM32F3xx_HAL_Driver/Src/stm32f3xx_hal_uart_ex.o
 .debug_abbrev  0x000000000000408a      0x25c ./Drivers/STM32F3xx_HAL_Driver/Src/stm32f3xx_ll_usb.o
 .debug_abbrev  0x00000000000042e6      0x2f6 ./Middlewares/ST/STM32_USB_Device_Library/Class/CDC/Src/usbd_cdc.o
 .debug_abbrev  0x00000000000045dc      0x2a8 ./Middlewares/ST/STM32_USB_Device_Library/Core/Src/usbd_core.o
 .debug_abbrev  0x0000000000004884      0x2de ./Middlewares/ST/STM32_USB_Device_Library/Core/Src/usbd_ctlreq.o
 .debug_abbrev  0x0000000000004b62      0x20a ./Middlewares/ST/STM32_USB_Device_Library/Core/Src/usbd_ioreq.o
 .debug_abbrev  0x0000000000004d6c      0x1e4 ./USB_DEVICE/App/usb_device.o
 .debug_abbrev  0x0000000000004f50      0x2bf ./USB_DEVICE/App/usbd_cdc_if.o
 .debug_abbrev  0x000000000000520f      0x2ca ./USB_DEVICE/App/usbd_desc.o
 .debug_abbrev  0x00000000000054d9      0x31d ./USB_DEVICE/Target/usbd_conf.o

.debug_aranges  0x0000000000000000     0x1988
 .debug_aranges
                0x0000000000000000       0x38 ./Core/Src/Park_u_Clark.o
 .debug_aranges
                0x0000000000000038       0x30 ./Core/Src/SVM.o
 .debug_aranges
                0x0000000000000068       0x30 ./Core/Src/adc.o
 .debug_aranges
                0x0000000000000098       0x20 ./Core/Src/dma.o
 .debug_aranges
                0x00000000000000b8       0x20 ./Core/Src/encoder.o
 .debug_aranges
                0x00000000000000d8       0x18 ./Core/Src/global_var.o
 .debug_aranges
                0x00000000000000f0       0x20 ./Core/Src/gpio.o
 .debug_aranges
                0x0000000000000110       0x30 ./Core/Src/i2c.o
 .debug_aranges
                0x0000000000000140       0x38 ./Core/Src/main.o
 .debug_aranges
                0x0000000000000178       0x30 ./Core/Src/phaseEstimater.o
 .debug_aranges
                0x00000000000001a8       0x20 ./Core/Src/stm32f3xx_hal_msp.o
 .debug_aranges
                0x00000000000001c8       0x98 ./Core/Src/stm32f3xx_it.o
 .debug_aranges
                0x0000000000000260       0x28 ./Core/Src/system_stm32f3xx.o
 .debug_aranges
                0x0000000000000288       0x48 ./Core/Src/tim.o
 .debug_aranges
                0x00000000000002d0       0x30 ./Core/Src/usart.o
 .debug_aranges
                0x0000000000000300       0x28 ./Core/Startup/startup_stm32f302c8tx.o
 .debug_aranges
                0x0000000000000328       0xe0 ./Drivers/STM32F3xx_HAL_Driver/Src/stm32f3xx_hal.o
 .debug_aranges
                0x0000000000000408       0xc8 ./Drivers/STM32F3xx_HAL_Driver/Src/stm32f3xx_hal_adc.o
 .debug_aranges
                0x00000000000004d0      0x140 ./Drivers/STM32F3xx_HAL_Driver/Src/stm32f3xx_hal_adc_ex.o
 .debug_aranges
                0x0000000000000610      0x100 ./Drivers/STM32F3xx_HAL_Driver/Src/stm32f3xx_hal_cortex.o
 .debug_aranges
                0x0000000000000710       0x88 ./Drivers/STM32F3xx_HAL_Driver/Src/stm32f3xx_hal_dma.o
 .debug_aranges
                0x0000000000000798       0x58 ./Drivers/STM32F3xx_HAL_Driver/Src/stm32f3xx_hal_gpio.o
 .debug_aranges
                0x00000000000007f0      0x290 ./Drivers/STM32F3xx_HAL_Driver/Src/stm32f3xx_hal_i2c.o
 .debug_aranges
                0x0000000000000a80       0x48 ./Drivers/STM32F3xx_HAL_Driver/Src/stm32f3xx_hal_i2c_ex.o
 .debug_aranges
                0x0000000000000ac8      0x138 ./Drivers/STM32F3xx_HAL_Driver/Src/stm32f3xx_hal_pcd.o
 .debug_aranges
                0x0000000000000c00       0x38 ./Drivers/STM32F3xx_HAL_Driver/Src/stm32f3xx_hal_pcd_ex.o
 .debug_aranges
                0x0000000000000c38       0x88 ./Drivers/STM32F3xx_HAL_Driver/Src/stm32f3xx_hal_rcc.o
 .debug_aranges
                0x0000000000000cc0       0x38 ./Drivers/STM32F3xx_HAL_Driver/Src/stm32f3xx_hal_rcc_ex.o
 .debug_aranges
                0x0000000000000cf8      0x3e0 ./Drivers/STM32F3xx_HAL_Driver/Src/stm32f3xx_hal_tim.o
 .debug_aranges
                0x00000000000010d8      0x178 ./Drivers/STM32F3xx_HAL_Driver/Src/stm32f3xx_hal_tim_ex.o
 .debug_aranges
                0x0000000000001250      0x228 ./Drivers/STM32F3xx_HAL_Driver/Src/stm32f3xx_hal_uart.o
 .debug_aranges
                0x0000000000001478       0x68 ./Drivers/STM32F3xx_HAL_Driver/Src/stm32f3xx_hal_uart_ex.o
 .debug_aranges
                0x00000000000014e0       0xb0 ./Drivers/STM32F3xx_HAL_Driver/Src/stm32f3xx_ll_usb.o
 .debug_aranges
                0x0000000000001590       0x90 ./Middlewares/ST/STM32_USB_Device_Library/Class/CDC/Src/usbd_cdc.o
 .debug_aranges
                0x0000000000001620       0xb8 ./Middlewares/ST/STM32_USB_Device_Library/Core/Src/usbd_core.o
 .debug_aranges
                0x00000000000016d8       0x88 ./Middlewares/ST/STM32_USB_Device_Library/Core/Src/usbd_ctlreq.o
 .debug_aranges