stm32f3xx_it.c:75:6:NMI_Handler	4	static
stm32f3xx_it.c:90:6:HardFault_Handler	8	static
stm32f3xx_it.c:108:6:MemManage_Handler	4	static
stm32f3xx_it.c:123:6:BusFault_Handler	4	static
stm32f3xx_it.c:138:6:UsageFault_Handler	4	static
stm32f3xx_it.c:153:6:SVC_Handler	4	static
stm32f3xx_it.c:166:6:DebugMon_Handler	4	static
stm32f3xx_it.c:179:6:PendSV_Handler	4	static
stm32f3xx_it.c:192:6:SysTick_Handler	8	static
stm32f3xx_it.c:213:6:DMA1_Channel1_IRQHandler	8	static
stm32f3xx_it.c:227:6:DMA1_Channel4_IRQHandler	8	static
stm32f3xx_it.c:241:6:ADC1_IRQHandler	8	static
stm32f3xx_it.c:254:6:TIM1_BRK_TIM15_IRQHandler	8	static
stm32f3xx_it.c:269:6:TIM1_UP_TIM16_IRQHandler	8	static
stm32f3xx_it.c:283:6:USART1_IRQHandler	8	static
stm32f3xx_it.c:297:6:USB_LP_IRQHandler	8	static
