Archive member included to satisfy reference by file (symbol)

c:/program files (x86)/gnu arm embedded toolchain/10 2021.10/bin/../lib/gcc/arm-none-eabi/10.3.1/../../../../arm-none-eabi/lib/thumb/v7e-m+fp/hard\libc_nano.a(lib_a-errno.o)
                              build/syscalls.o (__errno)
c:/program files (x86)/gnu arm embedded toolchain/10 2021.10/bin/../lib/gcc/arm-none-eabi/10.3.1/../../../../arm-none-eabi/lib/thumb/v7e-m+fp/hard\libc_nano.a(lib_a-exit.o)
                              c:/program files (x86)/gnu arm embedded toolchain/10 2021.10/bin/../lib/gcc/arm-none-eabi/10.3.1/../../../../arm-none-eabi/lib/thumb/v7e-m+fp/hard/crt0.o (exit)
c:/program files (x86)/gnu arm embedded toolchain/10 2021.10/bin/../lib/gcc/arm-none-eabi/10.3.1/../../../../arm-none-eabi/lib/thumb/v7e-m+fp/hard\libc_nano.a(lib_a-impure.o)
                              c:/program files (x86)/gnu arm embedded toolchain/10 2021.10/bin/../lib/gcc/arm-none-eabi/10.3.1/../../../../arm-none-eabi/lib/thumb/v7e-m+fp/hard\libc_nano.a(lib_a-exit.o) (_global_impure_ptr)
c:/program files (x86)/gnu arm embedded toolchain/10 2021.10/bin/../lib/gcc/arm-none-eabi/10.3.1/../../../../arm-none-eabi/lib/thumb/v7e-m+fp/hard\libc_nano.a(lib_a-init.o)
                              c:/program files (x86)/gnu arm embedded toolchain/10 2021.10/bin/../lib/gcc/arm-none-eabi/10.3.1/../../../../arm-none-eabi/lib/thumb/v7e-m+fp/hard/crt0.o (__libc_init_array)
c:/program files (x86)/gnu arm embedded toolchain/10 2021.10/bin/../lib/gcc/arm-none-eabi/10.3.1/../../../../arm-none-eabi/lib/thumb/v7e-m+fp/hard\libc_nano.a(lib_a-memset.o)
                              c:/program files (x86)/gnu arm embedded toolchain/10 2021.10/bin/../lib/gcc/arm-none-eabi/10.3.1/../../../../arm-none-eabi/lib/thumb/v7e-m+fp/hard/crt0.o (memset)
c:/program files (x86)/gnu arm embedded toolchain/10 2021.10/bin/../lib/gcc/arm-none-eabi/10.3.1/../../../../arm-none-eabi/lib/thumb/v7e-m+fp/hard\libc_nano.a(lib_a-strlen.o)
                              build/uart_debug.o (strlen)
c:/program files (x86)/gnu arm embedded toolchain/10 2021.10/bin/../lib/gcc/arm-none-eabi/10.3.1/thumb/v7e-m+fp/hard\libgcc.a(_aeabi_ldivmod.o)
                              build/Park_u_Clark.o (__aeabi_ldivmod)
c:/program files (x86)/gnu arm embedded toolchain/10 2021.10/bin/../lib/gcc/arm-none-eabi/10.3.1/thumb/v7e-m+fp/hard\libgcc.a(_udivmoddi4.o)
                              c:/program files (x86)/gnu arm embedded toolchain/10 2021.10/bin/../lib/gcc/arm-none-eabi/10.3.1/thumb/v7e-m+fp/hard\libgcc.a(_aeabi_ldivmod.o) (__udivmoddi4)
c:/program files (x86)/gnu arm embedded toolchain/10 2021.10/bin/../lib/gcc/arm-none-eabi/10.3.1/thumb/v7e-m+fp/hard\libgcc.a(_dvmd_tls.o)
                              c:/program files (x86)/gnu arm embedded toolchain/10 2021.10/bin/../lib/gcc/arm-none-eabi/10.3.1/thumb/v7e-m+fp/hard\libgcc.a(_aeabi_ldivmod.o) (__aeabi_ldiv0)

Discarded input sections

 .text          0x00000000        0x0 c:/program files (x86)/gnu arm embedded toolchain/10 2021.10/bin/../lib/gcc/arm-none-eabi/10.3.1/thumb/v7e-m+fp/hard/crti.o
 .data          0x00000000        0x0 c:/program files (x86)/gnu arm embedded toolchain/10 2021.10/bin/../lib/gcc/arm-none-eabi/10.3.1/thumb/v7e-m+fp/hard/crti.o
 .bss           0x00000000        0x0 c:/program files (x86)/gnu arm embedded toolchain/10 2021.10/bin/../lib/gcc/arm-none-eabi/10.3.1/thumb/v7e-m+fp/hard/crti.o
 .data          0x00000000        0x4 c:/program files (x86)/gnu arm embedded toolchain/10 2021.10/bin/../lib/gcc/arm-none-eabi/10.3.1/thumb/v7e-m+fp/hard/crtbegin.o
 .rodata        0x00000000       0x24 c:/program files (x86)/gnu arm embedded toolchain/10 2021.10/bin/../lib/gcc/arm-none-eabi/10.3.1/thumb/v7e-m+fp/hard/crtbegin.o
 .text          0x00000000       0x7c c:/program files (x86)/gnu arm embedded toolchain/10 2021.10/bin/../lib/gcc/arm-none-eabi/10.3.1/../../../../arm-none-eabi/lib/thumb/v7e-m+fp/hard/crt0.o
 .data          0x00000000        0x0 c:/program files (x86)/gnu arm embedded toolchain/10 2021.10/bin/../lib/gcc/arm-none-eabi/10.3.1/../../../../arm-none-eabi/lib/thumb/v7e-m+fp/hard/crt0.o
 .bss           0x00000000        0x0 c:/program files (x86)/gnu arm embedded toolchain/10 2021.10/bin/../lib/gcc/arm-none-eabi/10.3.1/../../../../arm-none-eabi/lib/thumb/v7e-m+fp/hard/crt0.o
 .ARM.extab     0x00000000        0x0 c:/program files (x86)/gnu arm embedded toolchain/10 2021.10/bin/../lib/gcc/arm-none-eabi/10.3.1/../../../../arm-none-eabi/lib/thumb/v7e-m+fp/hard/crt0.o
 .ARM.exidx     0x00000000       0x10 c:/program files (x86)/gnu arm embedded toolchain/10 2021.10/bin/../lib/gcc/arm-none-eabi/10.3.1/../../../../arm-none-eabi/lib/thumb/v7e-m+fp/hard/crt0.o
 .ARM.attributes
                0x00000000       0x1c c:/program files (x86)/gnu arm embedded toolchain/10 2021.10/bin/../lib/gcc/arm-none-eabi/10.3.1/../../../../arm-none-eabi/lib/thumb/v7e-m+fp/hard/crt0.o
 .text          0x00000000        0x0 build/main.o
[...]
Memory Configuration

Name             Origin             Length             Attributes
RAM              0x20000000         0x00004000         xrw
FLASH            0x08000000         0x00010000         xr
*default*        0x00000000         0xffffffff

Linker script and memory map

LOAD c:/program files (x86)/gnu arm embedded toolchain/10 2021.10/bin/../lib/gcc/arm-none-eabi/10.3.1/thumb/v7e-m+fp/hard/crti.o
LOAD c:/program files (x86)/gnu arm embedded toolchain/10 2021.10/bin/../lib/gcc/arm-none-eabi/10.3.1/thumb/v7e-m+fp/hard/crtbegin.o
LOAD c:/program files (x86)/gnu arm embedded toolchain/10 2021.10/bin/../lib/gcc/arm-none-eabi/10.3.1/../../../../arm-none-eabi/lib/thumb/v7e-m+fp/hard/crt0.o
LOAD build/main.o
LOAD build/gpio.o
LOAD build/adc.o
LOAD build/dma.o
LOAD build/i2c.o
LOAD build/tim.o
LOAD build/usart.o
LOAD build/eeprom.o
LOAD build/encoder.o
LOAD build/global_var.o
LOAD build/Park_u_Clark.o
LOAD build/phaseEstimater.o
LOAD build/SVM.o
LOAD build/syscalls.o
LOAD build/sysmem.o
LOAD build/uart_debug.o
LOAD build/stm32f3xx_it.o
LOAD build/stm32f3xx_hal_msp.o
LOAD build/usb_device.o
LOAD build/usbd_desc.o
LOAD build/usbd_cdc_if.o
LOAD build/usbd_conf.o
LOAD build/stm32f3xx_ll_usb.o
LOAD build/stm32f3xx_hal_pcd.o
LOAD build/stm32f3xx_hal_pcd_ex.o
LOAD build/stm32f3xx_hal.o
LOAD build/stm32f3xx_hal_rcc.o
LOAD build/stm32f3xx_hal_rcc_ex.o
LOAD build/stm32f3xx_hal_gpio.o
LOAD build/stm32f3xx_hal_dma.o
LOAD build/stm32f3xx_hal_cortex.o
LOAD build/stm32f3xx_hal_pwr.o
LOAD build/stm32f3xx_hal_pwr_ex.o
LOAD build/stm32f3xx_hal_flash.o
LOAD build/stm32f3xx_hal_flash_ex.o
LOAD build/stm32f3xx_hal_i2c.o
LOAD build/stm32f3xx_hal_i2c_ex.o
LOAD build/stm32f3xx_hal_exti.o
LOAD build/stm32f3xx_hal_adc.o
LOAD build/stm32f3xx_hal_adc_ex.o
LOAD build/stm32f3xx_hal_tim.o
LOAD build/stm32f3xx_hal_tim_ex.o
LOAD build/stm32f3xx_hal_uart.o
LOAD build/stm32f3xx_hal_uart_ex.o
LOAD build/system_stm32f3xx.o
LOAD build/usbd_core.o
LOAD build/usbd_ctlreq.o
LOAD build/usbd_ioreq.o
LOAD build/usbd_cdc.o
LOAD build/startup_stm32f302x8.o
LOAD c:/program files (x86)/gnu arm embedded toolchain/10 2021.10/bin/../lib/gcc/arm-none-eabi/10.3.1/../../../../arm-none-eabi/lib/thumb/v7e-m+fp/hard\libc_nano.a
LOAD c:/program files (x86)/gnu arm embedded toolchain/10 2021.10/bin/../lib/gcc/arm-none-eabi/10.3.1/../../../../arm-none-eabi/lib/thumb/v7e-m+fp/hard\libm.a
LOAD c:/program files (x86)/gnu arm embedded toolchain/10 2021.10/bin/../lib/gcc/arm-none-eabi/10.3.1/../../../../arm-none-eabi/lib/thumb/v7e-m+fp/hard\libnosys.a
LOAD Middlewares/Third_Party/ARM_CMSIS/CMSIS/DSP/Lib/GCC/libarm_cortexM4lf_math.a
START GROUP
LOAD c:/program files (x86)/gnu arm embedded toolchain/10 2021.10/bin/../lib/gcc/arm-none-eabi/10.3.1/thumb/v7e-m+fp/hard\libgcc.a
LOAD c:/program files (x86)/gnu arm embedded toolchain/10 2021.10/bin/../lib/gcc/arm-none-eabi/10.3.1/../../../../arm-none-eabi/lib/thumb/v7e-m+fp/hard\libc_nano.a
END GROUP
START GROUP
LOAD c:/program files (x86)/gnu arm embedded toolchain/10 2021.10/bin/../lib/gcc/arm-none-eabi/10.3.1/thumb/v7e-m+fp/hard\libgcc.a
LOAD c:/program files (x86)/gnu arm embedded toolchain/10 2021.10/bin/../lib/gcc/arm-none-eabi/10.3.1/../../../../arm-none-eabi/lib/thumb/v7e-m+fp/hard\libc_nano.a
END GROUP
LOAD c:/program files (x86)/gnu arm embedded toolchain/10 2021.10/bin/../lib/gcc/arm-none-eabi/10.3.1/thumb/v7e-m+fp/hard/crtend.o
LOAD c:/program files (x86)/gnu arm embedded toolchain/10 2021.10/bin/../lib/gcc/arm-none-eabi/10.3.1/thumb/v7e-m+fp/hard/crtn.o
                0x20004000                _estack = (ORIGIN (RAM) + LENGTH (RAM))
                0x00000200                _Min_Heap_Size = 0x200
                0x00000400                _Min_Stack_Size = 0x400

.isr_vector     0x08000000      0x188
                0x08000000                . = ALIGN (0x4)
 *(.isr_vector)
 .isr_vector    0x08000000      0x188 build/startup_stm32f302x8.o
                0x08000000                g_pfnVectors
                0x08000188                . = ALIGN (0x4)

.text           0x08000188     0x7d70
                0x08000188                . = ALIGN (0x4)
 *(.text)
 .text          0x08000188       0x40 c:/program files (x86)/gnu arm embedded toolchain/10 2021.10/bin/../lib/gcc/arm-none-eabi/10.3.1/thumb/v7e-m+fp/hard/crtbegin.o
 .text          0x080001c8       0xa0 c:/program files (x86)/gnu arm embedded toolchain/10 2021.10/bin/../lib/gcc/arm-none-eabi/10.3.1/thumb/v7e-m+fp/hard\libgcc.a(_aeabi_ldivmod.o)
                0x080001c8                __aeabi_ldivmod
 .text          0x08000268      0x2d0 c:/program files (x86)/gnu arm embedded toolchain/10 2021.10/bin/../lib/gcc/arm-none-eabi/10.3.1/thumb/v7e-m+fp/hard\libgcc.a(_udivmoddi4.o)
                0x08000268                __udivmoddi4
 .text          0x08000538        0x4 c:/program files (x86)/gnu arm embedded toolchain/10 2021.10/bin/../lib/gcc/arm-none-eabi/10.3.1/thumb/v7e-m+fp/hard\libgcc.a(_dvmd_tls.o)
                0x08000538                __aeabi_idiv0
                0x08000538                __aeabi_ldiv0
 *(.text*)
 .text.PI_control
                0x0800053c        0x6 build/main.o
                0x0800053c                PI_control
 *fill*         0x08000542        0x2 
 .text.Error_Handler
                0x08000544       0x18 build/main.o
                0x08000544                Error_Handler
 .text.SystemClock_Config
                0x0800055c       0x9c build/main.o
                0x0800055c                SystemClock_Config
 .text.main     0x080005f8       0xf4 build/main.o
                0x080005f8                main
 .text.MX_GPIO_Init
                0x080006ec       0x9c build/gpio.o
                0x080006ec                MX_GPIO_Init
 .text.MX_ADC1_Init
                0x08000788       0xf4 build/adc.o
                0x08000788                MX_ADC1_Init
 .text.HAL_ADC_MspInit
                0x0800087c       0xd4 build/adc.o
                0x0800087c                HAL_ADC_MspInit
 .text.MX_DMA_Init
                0x08000950       0x44 build/dma.o
                0x08000950                MX_DMA_Init
 .text.MX_I2C1_Init
                0x08000994       0x58 build/i2c.o
                0x08000994                MX_I2C1_Init
 .text.HAL_I2C_MspInit
                0x080009ec       0x6c build/i2c.o
                0x080009ec                HAL_I2C_MspInit
 .text.MX_TIM6_Init
                0x08000a58       0x50 build/tim.o
                0x08000a58                MX_TIM6_Init
 .text.MX_TIM15_Init
                0x08000aa8       0x70 build/tim.o
                0x08000aa8                MX_TIM15_Init
 .text.HAL_TIM_Base_MspInit
                0x08000b18       0xa0 build/tim.o
                0x08000b18                HAL_TIM_Base_MspInit
 .text.HAL_TIM_MspPostInit
                0x08000bb8       0x98 build/tim.o
                0x08000bb8                HAL_TIM_MspPostInit
 .text.MX_TIM1_Init
                0x08000c50      0x130 build/tim.o
                0x08000c50                MX_TIM1_Init
 .text.MX_USART1_UART_Init
                0x08000d80       0x38 build/usart.o
                0x08000d80                MX_USART1_UART_Init
 .text.HAL_UART_MspInit
                0x08000db8       0xac build/usart.o
                0x08000db8                HAL_UART_MspInit
 .text.readEncoder
                0x08000e64      0x144 build/encoder.o
                0x08000e64                readEncoder
 .text.sin_from_table
                0x08000fa8       0x68 build/Park_u_Clark.o
                0x08000fa8                sin_from_table
 .text.cos_from_table
                0x08001010       0x70 build/Park_u_Clark.o
                0x08001010                cos_from_table
 .text.transform_to_Clark_domain
                0x08001080       0x20 build/Park_u_Clark.o
                0x08001080                transform_to_Clark_domain
 .text.transform_to_Park_domain
                0x080010a0       0x40 build/Park_u_Clark.o
                0x080010a0                transform_to_Park_domain
 .text.init_phase_estimater
                0x080010e0       0x3c build/phaseEstimater.o
                0x080010e0                init_phase_estimater
 .text.initialize_Hallsensor_phase_estimator
                0x0800111c      0x324 build/phaseEstimater.o
                0x0800111c                initialize_Hallsensor_phase_estimator
 .text.estimate_rotor_phase
                0x08001440      0x38c build/phaseEstimater.o
                0x08001440                estimate_rotor_phase
 .text.initSVM  0x080017cc       0x84 build/SVM.o
                0x080017cc                initSVM
 .text.HAL_TIM_PeriodElapsedCallback
                0x08001850       0x74 build/SVM.o
                0x08001850                HAL_TIM_PeriodElapsedCallback
 .text.setVoltageVector
                0x080018c4      0x144 build/SVM.o
                0x080018c4                setVoltageVector
 .text.NMI_Handler
                0x08001a08        0x2 build/stm32f3xx_it.o
                0x08001a08                NMI_Handler
 *fill*         0x08001a0a        0x2 
 .text.HardFault_Handler
                0x08001a0c       0x18 build/stm32f3xx_it.o
                0x08001a0c                HardFault_Handler
 .text.MemManage_Handler
                0x08001a24        0x2 build/stm32f3xx_it.o
                0x08001a24                MemManage_Handler
 .text.BusFault_Handler
                0x08001a26        0x2 build/stm32f3xx_it.o
                0x08001a26                BusFault_Handler
 .text.UsageFault_Handler
                0x08001a28        0x2 build/stm32f3xx_it.o
                0x08001a28                UsageFault_Handler
 .text.SVC_Handler
                0x08001a2a        0x2 build/stm32f3xx_it.o
                0x08001a2a                SVC_Handler
 .text.DebugMon_Handler
                0x08001a2c        0x2 build/stm32f3xx_it.o
                0x08001a2c                DebugMon_Handler
 .text.PendSV_Handler
                0x08001a2e        0x2 build/stm32f3xx_it.o
                0x08001a2e                PendSV_Handler
 .text.SysTick_Handler
                0x08001a30        0x8 build/stm32f3xx_it.o
                0x08001a30                SysTick_Handler
 .text.DMA1_Channel1_IRQHandler
                0x08001a38       0x10 build/stm32f3xx_it.o
                0x08001a38                DMA1_Channel1_IRQHandler
 .text.DMA1_Channel4_IRQHandler
                0x08001a48       0x10 build/stm32f3xx_it.o
                0x08001a48                DMA1_Channel4_IRQHandler
 .text.ADC1_IRQHandler
                0x08001a58       0x10 build/stm32f3xx_it.o
                0x08001a58                ADC1_IRQHandler
 .text.TIM1_BRK_TIM15_IRQHandler
                0x08001a68       0x18 build/stm32f3xx_it.o
                0x08001a68                TIM1_BRK_TIM15_IRQHandler
 .text.TIM1_UP_TIM16_IRQHandler
                0x08001a80       0x10 build/stm32f3xx_it.o
                0x08001a80                TIM1_UP_TIM16_IRQHandler
 .text.USART1_IRQHandler
                0x08001a90       0x10 build/stm32f3xx_it.o
                0x08001a90                USART1_IRQHandler
 .text.USB_LP_IRQHandler
                0x08001aa0       0x10 build/stm32f3xx_it.o
                0x08001aa0                USB_LP_IRQHandler
 .text.HAL_MspInit
                0x08001ab0       0x30 build/stm32f3xx_hal_msp.o
                0x08001ab0                HAL_MspInit
 .text.MX_USB_DEVICE_Init
                0x08001ae0       0x54 build/usb_device.o
                0x08001ae0                MX_USB_DEVICE_Init
 .text.USBD_FS_DeviceDescriptor
                0x08001b34        0xc build/usbd_desc.o
                0x08001b34                USBD_FS_DeviceDescriptor
 .text.USBD_FS_LangIDStrDescriptor
                0x08001b40        0xc build/usbd_desc.o
                0x08001b40                USBD_FS_LangIDStrDescriptor
 .text.IntToUnicode
                0x08001b4c       0x46 build/usbd_desc.o
 *fill*         0x08001b92        0x2 
 .text.Get_SerialNum
                0x08001b94       0x38 build/usbd_desc.o
 .text.USBD_FS_SerialStrDescriptor
                0x08001bcc       0x14 build/usbd_desc.o
                0x08001bcc                USBD_FS_SerialStrDescriptor
 .text.USBD_FS_ProductStrDescriptor
                0x08001be0       0x24 build/usbd_desc.o
                0x08001be0                USBD_FS_ProductStrDescriptor
 .text.USBD_FS_ManufacturerStrDescriptor
                0x08001c04       0x1c build/usbd_desc.o
                0x08001c04                USBD_FS_ManufacturerStrDescriptor
 .text.USBD_FS_ConfigStrDescriptor
                0x08001c20       0x24 build/usbd_desc.o
                0x08001c20                USBD_FS_ConfigStrDescriptor
 .text.USBD_FS_InterfaceStrDescriptor
                0x08001c44       0x24 build/usbd_desc.o
                0x08001c44                USBD_FS_InterfaceStrDescriptor
 .text.CDC_DeInit_FS
                0x08001c68        0x4 build/usbd_cdc_if.o
 .text.CDC_Control_FS
                0x08001c6c        0x4 build/usbd_cdc_if.o
 .text.CDC_Receive_FS
                0x08001c70       0x1c build/usbd_cdc_if.o
 .text.CDC_Init_FS
                0x08001c8c       0x28 build/usbd_cdc_if.o
 .text.USBD_Get_USB_Status
                0x08001cb4       0x14 build/usbd_conf.o
 .text.HAL_PCD_MspInit
                0x08001cc8       0x4c build/usbd_conf.o
                0x08001cc8                HAL_PCD_MspInit
 .text.HAL_PCD_SetupStageCallback
                0x08001d14       0x10 build/usbd_conf.o
                0x08001d14                HAL_PCD_SetupStageCallback
 .text.HAL_PCD_DataOutStageCallback
                0x08001d24       0x18 build/usbd_conf.o
                0x08001d24                HAL_PCD_DataOutStageCallback
 .text.HAL_PCD_DataInStageCallback
                0x08001d3c       0x16 build/usbd_conf.o
                0x08001d3c                HAL_PCD_DataInStageCallback
 .text.HAL_PCD_SOFCallback
                0x08001d52        0xc build/usbd_conf.o
                0x08001d52                HAL_PCD_SOFCallback
 .text.HAL_PCD_ResetCallback
                0x08001d5e       0x24 build/usbd_conf.o
                0x08001d5e                HAL_PCD_ResetCallback
 *fill*         0x08001d82        0x2 
 .text.HAL_PCD_SuspendCallback
                0x08001d84       0x20 build/usbd_conf.o
                0x08001d84                HAL_PCD_SuspendCallback
 .text.HAL_PCD_ResumeCallback
                0x08001da4        0xc build/usbd_conf.o
                0x08001da4                HAL_PCD_ResumeCallback
 .text.USBD_LL_Init
                0x08001db0       0x84 build/usbd_conf.o
                0x08001db0                USBD_LL_Init
 .text.USBD_LL_Start
                0x08001e34       0x10 build/usbd_conf.o
                0x08001e34                USBD_LL_Start
 .text.USBD_LL_OpenEP
                0x08001e44       0x16 build/usbd_conf.o
                0x08001e44                USBD_LL_OpenEP
 .text.USBD_LL_CloseEP
                0x08001e5a       0x10 build/usbd_conf.o
                0x08001e5a                USBD_LL_CloseEP
 .text.USBD_LL_StallEP
                0x08001e6a       0x10 build/usbd_conf.o
                0x08001e6a                USBD_LL_StallEP
 .text.USBD_LL_ClearStallEP
                0x08001e7a       0x10 build/usbd_conf.o
                0x08001e7a                USBD_LL_ClearStallEP
 .text.USBD_LL_IsStallEP
                0x08001e8a       0x2e build/usbd_conf.o
                0x08001e8a                USBD_LL_IsStallEP
 .text.USBD_LL_SetUSBAddress
                0x08001eb8       0x10 build/usbd_conf.o
                0x08001eb8                USBD_LL_SetUSBAddress
 .text.USBD_LL_Transmit
                0x08001ec8       0x10 build/usbd_conf.o
                0x08001ec8                USBD_LL_Transmit
 .text.USBD_LL_PrepareReceive
                0x08001ed8       0x10 build/usbd_conf.o
                0x08001ed8                USBD_LL_PrepareReceive
 .text.USBD_LL_GetRxDataSize
                0x08001ee8        0xc build/usbd_conf.o
                0x08001ee8                USBD_LL_GetRxDataSize
 .text.USBD_static_malloc
                0x08001ef4        0x8 build/usbd_conf.o
                0x08001ef4                USBD_static_malloc
 .text.USBD_static_free
                0x08001efc        0x2 build/usbd_conf.o
                0x08001efc                USBD_static_free
 .text.HAL_PCDEx_SetConnectionState
                0x08001efe        0x2 build/usbd_conf.o
                0x08001efe                HAL_PCDEx_SetConnectionState
 .text.USB_EnableGlobalInt
                0x08001f00       0x12 build/stm32f3xx_ll_usb.o
                0x08001f00                USB_EnableGlobalInt
 .text.USB_DisableGlobalInt
                0x08001f12       0x14 build/stm32f3xx_ll_usb.o
                0x08001f12                USB_DisableGlobalInt
 .text.USB_DevInit
                0x08001f26       0x22 build/stm32f3xx_ll_usb.o
                0x08001f26                USB_DevInit
 .text.USB_ActivateEndpoint
                0x08001f48      0x3ca build/stm32f3xx_ll_usb.o
                0x08001f48                USB_ActivateEndpoint
 .text.USB_DeactivateEndpoint
                0x08002312      0x1d6 build/stm32f3xx_ll_usb.o
                0x08002312                USB_DeactivateEndpoint
 .text.USB_EPSetStall
                0x080024e8       0x4a build/stm32f3xx_ll_usb.o
                0x080024e8                USB_EPSetStall
 .text.USB_EPClearStall
                0x08002532       0xa2 build/stm32f3xx_ll_usb.o
                0x08002532                USB_EPClearStall
 .text.USB_SetDevAddress
                0x080025d4        0xc build/stm32f3xx_ll_usb.o
                0x080025d4                USB_SetDevAddress
 .text.USB_DevConnect
                0x080025e0        0x4 build/stm32f3xx_ll_usb.o
                0x080025e0                USB_DevConnect
 .text.USB_ReadInterrupts
                0x080025e4        0x8 build/stm32f3xx_ll_usb.o
                0x080025e4                USB_ReadInterrupts
 .text.USB_WritePMA
                0x080025ec       0x24 build/stm32f3xx_ll_usb.o
                0x080025ec                USB_WritePMA
 .text.USB_EPStartXfer
                0x08002610      0x7ce build/stm32f3xx_ll_usb.o
                0x08002610                USB_EPStartXfer
 .text.USB_ReadPMA
                0x08002dde       0x30 build/stm32f3xx_ll_usb.o
                0x08002dde                USB_ReadPMA
 .text.HAL_PCD_EP_DB_Receive
                0x08002e0e      0x118 build/stm32f3xx_hal_pcd.o
 .text.HAL_PCD_Init
                0x08002f26       0xca build/stm32f3xx_hal_pcd.o
                0x08002f26                HAL_PCD_Init
 .text.HAL_PCD_Start
                0x08002ff0       0x32 build/stm32f3xx_hal_pcd.o
                0x08002ff0                HAL_PCD_Start
 .text.HAL_PCD_EP_DB_Transmit
                0x08003022      0x414 build/stm32f3xx_hal_pcd.o
 .text.PCD_EP_ISR_Handler
                0x08003436      0x520 build/stm32f3xx_hal_pcd.o
 .text.HAL_PCD_SetAddress
                0x08003956       0x28 build/stm32f3xx_hal_pcd.o
                0x08003956                HAL_PCD_SetAddress
 .text.HAL_PCD_IRQHandler
                0x0800397e      0x132 build/stm32f3xx_hal_pcd.o
                0x0800397e                HAL_PCD_IRQHandler
 .text.HAL_PCD_EP_Open
                0x08003ab0       0x7c build/stm32f3xx_hal_pcd.o
                0x08003ab0                HAL_PCD_EP_Open
 .text.HAL_PCD_EP_Close
                0x08003b2c       0x64 build/stm32f3xx_hal_pcd.o
                0x08003b2c                HAL_PCD_EP_Close
 .text.HAL_PCD_EP_Receive
                0x08003b90       0x3a build/stm32f3xx_hal_pcd.o
                0x08003b90                HAL_PCD_EP_Receive
 .text.HAL_PCD_EP_GetRxCount
                0x08003bca       0x12 build/stm32f3xx_hal_pcd.o
                0x08003bca                HAL_PCD_EP_GetRxCount
 .text.HAL_PCD_EP_Transmit
                0x08003bdc       0x44 build/stm32f3xx_hal_pcd.o
                0x08003bdc                HAL_PCD_EP_Transmit
 .text.HAL_PCD_EP_SetStall
                0x08003c20       0x6a build/stm32f3xx_hal_pcd.o
                0x08003c20                HAL_PCD_EP_SetStall
 .text.HAL_PCD_EP_ClrStall
                0x08003c8a       0x76 build/stm32f3xx_hal_pcd.o
                0x08003c8a                HAL_PCD_EP_ClrStall
 .text.HAL_PCDEx_PMAConfig
                0x08003d00       0x38 build/stm32f3xx_hal_pcd_ex.o
                0x08003d00                HAL_PCDEx_PMAConfig
 .text.HAL_InitTick
                0x08003d38       0x4c build/stm32f3xx_hal.o
                0x08003d38                HAL_InitTick
 .text.HAL_Init
                0x08003d84       0x24 build/stm32f3xx_hal.o
                0x08003d84                HAL_Init
 .text.HAL_IncTick
                0x08003da8       0x18 build/stm32f3xx_hal.o
                0x08003da8                HAL_IncTick
 .text.HAL_GetTick
                0x08003dc0        0xc build/stm32f3xx_hal.o
                0x08003dc0                HAL_GetTick
 .text.HAL_Delay
                0x08003dcc       0x28 build/stm32f3xx_hal.o
                0x08003dcc                HAL_Delay
 .text.HAL_RCC_OscConfig
                0x08003df4      0x630 build/stm32f3xx_hal_rcc.o
                0x08003df4                HAL_RCC_OscConfig
 .text.HAL_RCC_GetSysClockFreq
                0x08004424       0x70 build/stm32f3xx_hal_rcc.o
                0x08004424                HAL_RCC_GetSysClockFreq
 .text.HAL_RCC_ClockConfig
                0x08004494      0x1a8 build/stm32f3xx_hal_rcc.o
                0x08004494                HAL_RCC_ClockConfig
 .text.HAL_RCC_GetHCLKFreq
                0x0800463c        0xc build/stm32f3xx_hal_rcc.o
                0x0800463c                HAL_RCC_GetHCLKFreq
 .text.HAL_RCC_GetPCLK1Freq
                0x08004648       0x2c build/stm32f3xx_hal_rcc.o
                0x08004648                HAL_RCC_GetPCLK1Freq
 .text.HAL_RCC_GetPCLK2Freq
                0x08004674       0x2c build/stm32f3xx_hal_rcc.o
                0x08004674                HAL_RCC_GetPCLK2Freq
 .text.HAL_RCCEx_PeriphCLKConfig
                0x080046a0      0x234 build/stm32f3xx_hal_rcc_ex.o
                0x080046a0                HAL_RCCEx_PeriphCLKConfig
 .text.HAL_GPIO_Init
                0x080048d4      0x1bc build/stm32f3xx_hal_gpio.o
                0x080048d4                HAL_GPIO_Init
 .text.HAL_GPIO_ReadPin
                0x08004a90        0xe build/stm32f3xx_hal_gpio.o
                0x08004a90                HAL_GPIO_ReadPin
 .text.HAL_GPIO_WritePin
                0x08004a9e        0xa build/stm32f3xx_hal_gpio.o
                0x08004a9e                HAL_GPIO_WritePin
 .text.HAL_GPIO_TogglePin
                0x08004aa8       0x12 build/stm32f3xx_hal_gpio.o
                0x08004aa8                HAL_GPIO_TogglePin
 .text.DMA_SetConfig
                0x08004aba       0x2c build/stm32f3xx_hal_dma.o
 *fill*         0x08004ae6        0x2 
 .text.DMA_CalcBaseAndBitshift
                0x08004ae8       0x24 build/stm32f3xx_hal_dma.o
 .text.HAL_DMA_Init
                0x08004b0c       0x4c build/stm32f3xx_hal_dma.o
                0x08004b0c                HAL_DMA_Init
 .text.HAL_DMA_Start_IT
                0x08004b58       0x74 build/stm32f3xx_hal_dma.o
                0x08004b58                HAL_DMA_Start_IT
 .text.HAL_DMA_Abort
                0x08004bcc       0x44 build/stm32f3xx_hal_dma.o
                0x08004bcc                HAL_DMA_Abort
 .text.HAL_DMA_Abort_IT
                0x08004c10       0x4a build/stm32f3xx_hal_dma.o
                0x08004c10                HAL_DMA_Abort_IT
 .text.HAL_DMA_IRQHandler
                0x08004c5a       0xb2 build/stm32f3xx_hal_dma.o
                0x08004c5a                HAL_DMA_IRQHandler
 .text.__NVIC_SetPriority
                0x08004d0c       0x28 build/stm32f3xx_hal_cortex.o
 .text.NVIC_EncodePriority
                0x08004d34       0x3e build/stm32f3xx_hal_cortex.o
 *fill*         0x08004d72        0x2 
 .text.HAL_NVIC_SetPriorityGrouping
                0x08004d74       0x24 build/stm32f3xx_hal_cortex.o
                0x08004d74                HAL_NVIC_SetPriorityGrouping
 .text.HAL_NVIC_SetPriority
                0x08004d98       0x20 build/stm32f3xx_hal_cortex.o
                0x08004d98                HAL_NVIC_SetPriority
 .text.HAL_NVIC_EnableIRQ
                0x08004db8       0x1c build/stm32f3xx_hal_cortex.o
                0x08004db8                HAL_NVIC_EnableIRQ
 .text.HAL_SYSTICK_Config
                0x08004dd4       0x28 build/stm32f3xx_hal_cortex.o
                0x08004dd4                HAL_SYSTICK_Config
 .text.HAL_I2C_Init
                0x08004dfc       0xbc build/stm32f3xx_hal_i2c.o
                0x08004dfc                HAL_I2C_Init
 .text.HAL_I2CEx_ConfigAnalogFilter
                0x08004eb8       0x5c build/stm32f3xx_hal_i2c_ex.o
                0x08004eb8                HAL_I2CEx_ConfigAnalogFilter
 .text.HAL_I2CEx_ConfigDigitalFilter
                0x08004f14       0x58 build/stm32f3xx_hal_i2c_ex.o
                0x08004f14                HAL_I2CEx_ConfigDigitalFilter
 .text.HAL_ADC_ConvCpltCallback
                0x08004f6c        0x2 build/stm32f3xx_hal_adc.o
                0x08004f6c                HAL_ADC_ConvCpltCallback
 .text.HAL_ADC_ConvHalfCpltCallback
                0x08004f6e        0x2 build/stm32f3xx_hal_adc.o
                0x08004f6e                HAL_ADC_ConvHalfCpltCallback
 .text.HAL_ADC_LevelOutOfWindowCallback
                0x08004f70        0x2 build/stm32f3xx_hal_adc.o
                0x08004f70                HAL_ADC_LevelOutOfWindowCallback
 .text.HAL_ADC_ErrorCallback
                0x08004f72        0x2 build/stm32f3xx_hal_adc.o
                0x08004f72                HAL_ADC_ErrorCallback
 .text.ADC_Disable
                0x08004f74       0x88 build/stm32f3xx_hal_adc_ex.o
 .text.ADC_Enable
                0x08004ffc       0x80 build/stm32f3xx_hal_adc_ex.o
 .text.ADC_DMAError
                0x0800507c       0x1a build/stm32f3xx_hal_adc_ex.o
 .text.ADC_DMAHalfConvCplt
                0x08005096        0xa build/stm32f3xx_hal_adc_ex.o
 .text.ADC_DMAConvCplt
                0x080050a0       0x4a build/stm32f3xx_hal_adc_ex.o
 *fill*         0x080050ea        0x2 
 .text.HAL_ADC_Init
                0x080050ec      0x1e4 build/stm32f3xx_hal_adc_ex.o
                0x080050ec                HAL_ADC_Init
 .text.HAL_ADC_Start_DMA
                0x080052d0       0xd8 build/stm32f3xx_hal_adc_ex.o
                0x080052d0                HAL_ADC_Start_DMA
 .text.HAL_ADCEx_InjectedConvCpltCallback
                0x080053a8        0x2 build/stm32f3xx_hal_adc_ex.o
                0x080053a8                HAL_ADCEx_InjectedConvCpltCallback
 .text.HAL_ADCEx_InjectedQueueOverflowCallback
                0x080053aa        0x2 build/stm32f3xx_hal_adc_ex.o
                0x080053aa                HAL_ADCEx_InjectedQueueOverflowCallback
 .text.HAL_ADCEx_LevelOutOfWindow2Callback
                0x080053ac        0x2 build/stm32f3xx_hal_adc_ex.o
                0x080053ac                HAL_ADCEx_LevelOutOfWindow2Callback
 .text.HAL_ADCEx_LevelOutOfWindow3Callback
                0x080053ae        0x2 build/stm32f3xx_hal_adc_ex.o
                0x080053ae                HAL_ADCEx_LevelOutOfWindow3Callback
 .text.HAL_ADC_IRQHandler
                0x080053b0      0x20c build/stm32f3xx_hal_adc_ex.o
                0x080053b0                HAL_ADC_IRQHandler
 .text.HAL_ADC_ConfigChannel
                0x080055bc      0x344 build/stm32f3xx_hal_adc_ex.o
                0x080055bc                HAL_ADC_ConfigChannel
 .text.HAL_ADCEx_InjectedConfigChannel
                0x08005900      0x3d8 build/stm32f3xx_hal_adc_ex.o
                0x08005900                HAL_ADCEx_InjectedConfigChannel
 .text.TIM_OC1_SetConfig
                0x08005cd8       0x8c build/stm32f3xx_hal_tim.o
 .text.TIM_OC3_SetConfig
                0x08005d64       0x7c build/stm32f3xx_hal_tim.o
 .text.TIM_OC4_SetConfig
                0x08005de0       0x64 build/stm32f3xx_hal_tim.o
 .text.TIM_OC5_SetConfig
                0x08005e44       0x60 build/stm32f3xx_hal_tim.o
 .text.TIM_OC6_SetConfig
                0x08005ea4       0x64 build/stm32f3xx_hal_tim.o
 .text.TIM_TI1_ConfigInputStage
                0x08005f08       0x26 build/stm32f3xx_hal_tim.o
 .text.TIM_TI2_ConfigInputStage
                0x08005f2e       0x28 build/stm32f3xx_hal_tim.o
 .text.TIM_ITRx_SetConfig
                0x08005f56       0x10 build/stm32f3xx_hal_tim.o
 .text.HAL_TIM_PWM_MspInit
                0x08005f66        0x2 build/stm32f3xx_hal_tim.o
                0x08005f66                HAL_TIM_PWM_MspInit
 .text.HAL_TIM_OC_DelayElapsedCallback
                0x08005f68        0x2 build/stm32f3xx_hal_tim.o
                0x08005f68                HAL_TIM_OC_DelayElapsedCallback
 .text.HAL_TIM_IC_CaptureCallback
                0x08005f6a        0x2 build/stm32f3xx_hal_tim.o
                0x08005f6a                HAL_TIM_IC_CaptureCallback
 .text.HAL_TIM_PWM_PulseFinishedCallback
                0x08005f6c        0x2 build/stm32f3xx_hal_tim.o
                0x08005f6c                HAL_TIM_PWM_PulseFinishedCallback
 .text.HAL_TIM_TriggerCallback
                0x08005f6e        0x2 build/stm32f3xx_hal_tim.o
                0x08005f6e                HAL_TIM_TriggerCallback
 .text.HAL_TIM_IRQHandler
                0x08005f70      0x19a build/stm32f3xx_hal_tim.o
                0x08005f70                HAL_TIM_IRQHandler
 *fill*         0x0800610a        0x2 
 .text.TIM_Base_SetConfig
                0x0800610c       0x80 build/stm32f3xx_hal_tim.o
                0x0800610c                TIM_Base_SetConfig
 .text.HAL_TIM_Base_Init
                0x0800618c       0x60 build/stm32f3xx_hal_tim.o
                0x0800618c                HAL_TIM_Base_Init
 .text.HAL_TIM_PWM_Init
                0x080061ec       0x60 build/stm32f3xx_hal_tim.o
                0x080061ec                HAL_TIM_PWM_Init
 .text.TIM_OC2_SetConfig
                0x0800624c       0x7c build/stm32f3xx_hal_tim.o
                0x0800624c                TIM_OC2_SetConfig
 .text.HAL_TIM_PWM_ConfigChannel
                0x080062c8      0x13a build/stm32f3xx_hal_tim.o
                0x080062c8                HAL_TIM_PWM_ConfigChannel
 .text.TIM_ETR_SetConfig
                0x08006402       0x1a build/stm32f3xx_hal_tim.o
                0x08006402                TIM_ETR_SetConfig
 .text.HAL_TIM_ConfigClockSource
                0x0800641c      0x100 build/stm32f3xx_hal_tim.o
                0x0800641c                HAL_TIM_ConfigClockSource
 .text.TIM_CCxChannelCmd
                0x0800651c       0x1e build/stm32f3xx_hal_tim.o
                0x0800651c                TIM_CCxChannelCmd
 *fill*         0x0800653a        0x2 
 .text.HAL_TIM_PWM_Start
                0x0800653c      0x140 build/stm32f3xx_hal_tim.o
                0x0800653c                HAL_TIM_PWM_Start
 .text.HAL_TIM_PWM_Start_IT
                0x0800667c      0x1ac build/stm32f3xx_hal_tim.o
                0x0800667c                HAL_TIM_PWM_Start_IT
 .text.TIM_CCxNChannelCmd
                0x08006828       0x1e build/stm32f3xx_hal_tim_ex.o
 *fill*         0x08006846        0x2 
 .text.HAL_TIMEx_PWMN_Start
                0x08006848       0xdc build/stm32f3xx_hal_tim_ex.o
                0x08006848                HAL_TIMEx_PWMN_Start
 .text.HAL_TIMEx_MasterConfigSynchronization
                0x08006924       0x70 build/stm32f3xx_hal_tim_ex.o
                0x08006924                HAL_TIMEx_MasterConfigSynchronization
 .text.HAL_TIMEx_ConfigBreakDeadTime
                0x08006994       0x88 build/stm32f3xx_hal_tim_ex.o
                0x08006994                HAL_TIMEx_ConfigBreakDeadTime
 .text.HAL_TIMEx_CommutCallback
                0x08006a1c        0x2 build/stm32f3xx_hal_tim_ex.o
                0x08006a1c                HAL_TIMEx_CommutCallback
 .text.HAL_TIMEx_BreakCallback
                0x08006a1e        0x2 build/stm32f3xx_hal_tim_ex.o
                0x08006a1e                HAL_TIMEx_BreakCallback
 .text.HAL_TIMEx_Break2Callback
                0x08006a20        0x2 build/stm32f3xx_hal_tim_ex.o
                0x08006a20                HAL_TIMEx_Break2Callback
 .text.UART_EndRxTransfer
                0x08006a22       0x52 build/stm32f3xx_hal_uart.o
 .text.HAL_UART_TxCpltCallback
                0x08006a74        0x2 build/stm32f3xx_hal_uart.o
                0x08006a74                HAL_UART_TxCpltCallback
 .text.UART_EndTransmit_IT
                0x08006a76       0x22 build/stm32f3xx_hal_uart.o
 .text.HAL_UART_ErrorCallback
                0x08006a98        0x2 build/stm32f3xx_hal_uart.o
                0x08006a98                HAL_UART_ErrorCallback
 .text.UART_DMAAbortOnError
                0x08006a9a       0x14 build/stm32f3xx_hal_uart.o
 .text.HAL_UARTEx_RxEventCallback
                0x08006aae        0x2 build/stm32f3xx_hal_uart.o
                0x08006aae                HAL_UARTEx_RxEventCallback
 .text.HAL_UART_IRQHandler
                0x08006ab0      0x2e8 build/stm32f3xx_hal_uart.o
                0x08006ab0                HAL_UART_IRQHandler
 .text.UART_SetConfig
                0x08006d98      0x164 build/stm32f3xx_hal_uart.o
                0x08006d98                UART_SetConfig
 .text.UART_AdvFeatureConfig
                0x08006efc       0xca build/stm32f3xx_hal_uart.o
                0x08006efc                UART_AdvFeatureConfig
 .text.UART_WaitOnFlagUntilTimeout
                0x08006fc6       0x96 build/stm32f3xx_hal_uart.o
                0x08006fc6                UART_WaitOnFlagUntilTimeout
 .text.UART_CheckIdleState
                0x0800705c       0xc6 build/stm32f3xx_hal_uart.o
                0x0800705c                UART_CheckIdleState
 .text.HAL_UART_Init
                0x08007122       0x62 build/stm32f3xx_hal_uart.o
                0x08007122                HAL_UART_Init
 .text.HAL_UARTEx_WakeupCallback
                0x08007184        0x2 build/stm32f3xx_hal_uart_ex.o
                0x08007184                HAL_UARTEx_WakeupCallback
 *fill*         0x08007186        0x2 
 .text.SystemInit
                0x08007188       0x14 build/system_stm32f3xx.o
                0x08007188                SystemInit
 .text.USBD_Init
                0x0800719c       0x2e build/usbd_core.o
                0x0800719c                USBD_Init
 .text.USBD_RegisterClass
                0x080071ca        0xe build/usbd_core.o
                0x080071ca                USBD_RegisterClass
 .text.USBD_Start
                0x080071d8        0xa build/usbd_core.o
                0x080071d8                USBD_Start
 .text.USBD_SetClassConfig
                0x080071e2       0x18 build/usbd_core.o
                0x080071e2                USBD_SetClassConfig
 .text.USBD_ClrClassConfig
                0x080071fa        0xe build/usbd_core.o
                0x080071fa                USBD_ClrClassConfig
 .text.USBD_LL_SetupStage
                0x08007208       0x5a build/usbd_core.o
                0x08007208                USBD_LL_SetupStage
 .text.USBD_LL_DataOutStage
                0x08007262       0x8c build/usbd_core.o
                0x08007262                USBD_LL_DataOutStage
 .text.USBD_LL_DataInStage
                0x080072ee       0xd0 build/usbd_core.o
                0x080072ee                USBD_LL_DataInStage
 .text.USBD_LL_Reset
                0x080073be       0x50 build/usbd_core.o
                0x080073be                USBD_LL_Reset
 .text.USBD_LL_SetSpeed
                0x0800740e        0x6 build/usbd_core.o
                0x0800740e                USBD_LL_SetSpeed
 .text.USBD_LL_Suspend
                0x08007414       0x12 build/usbd_core.o
                0x08007414                USBD_LL_Suspend
 .text.USBD_LL_Resume
                0x08007426       0x16 build/usbd_core.o
                0x08007426                USBD_LL_Resume
 .text.USBD_LL_SOF
                0x0800743c       0x1c build/usbd_core.o
                0x0800743c                USBD_LL_SOF
 .text.USBD_GetLen
                0x08007458       0x14 build/usbd_ctlreq.o
 .text.USBD_SetFeature
                0x0800746c       0x14 build/usbd_ctlreq.o
 .text.USBD_ParseSetupRequest
                0x08007480       0x28 build/usbd_ctlreq.o
                0x08007480                USBD_ParseSetupRequest
 .text.USBD_CtlError
                0x080074a8       0x14 build/usbd_ctlreq.o
                0x080074a8                USBD_CtlError
 .text.USBD_GetDescriptor
                0x080074bc      0x186 build/usbd_ctlreq.o
 .text.USBD_SetAddress
                0x08007642       0x4e build/usbd_ctlreq.o
 .text.USBD_SetConfig
                0x08007690       0xb0 build/usbd_ctlreq.o
 .text.USBD_GetConfig
                0x08007740       0x3e build/usbd_ctlreq.o
 .text.USBD_GetStatus
                0x0800777e       0x38 build/usbd_ctlreq.o
 .text.USBD_ClrFeature
                0x080077b6       0x26 build/usbd_ctlreq.o
 .text.USBD_StdDevReq
                0x080077dc       0x68 build/usbd_ctlreq.o
                0x080077dc                USBD_StdDevReq
 .text.USBD_StdItfReq
                0x08007844       0x60 build/usbd_ctlreq.o
                0x08007844                USBD_StdItfReq
 .text.USBD_StdEPReq
                0x080078a4      0x1e2 build/usbd_ctlreq.o
                0x080078a4                USBD_StdEPReq
 .text.USBD_GetString
                0x08007a86       0x3a build/usbd_ctlreq.o
                0x08007a86                USBD_GetString
 .text.USBD_CtlSendData
                0x08007ac0       0x1a build/usbd_ioreq.o
                0x08007ac0                USBD_CtlSendData
 .text.USBD_CtlContinueSendData
                0x08007ada       0x10 build/usbd_ioreq.o
                0x08007ada                USBD_CtlContinueSendData
 .text.USBD_CtlPrepareRx
                0x08007aea       0x1e build/usbd_ioreq.o
                0x08007aea                USBD_CtlPrepareRx
 .text.USBD_CtlContinueRx
                0x08007b08       0x10 build/usbd_ioreq.o
                0x08007b08                USBD_CtlContinueRx
 .text.USBD_CtlSendStatus
                0x08007b18       0x16 build/usbd_ioreq.o
                0x08007b18                USBD_CtlSendStatus
 .text.USBD_CtlReceiveStatus
                0x08007b2e       0x16 build/usbd_ioreq.o
                0x08007b2e                USBD_CtlReceiveStatus
 .text.USBD_CDC_EP0_RxReady
                0x08007b44       0x28 build/usbd_cdc.o
 .text.USBD_CDC_GetFSCfgDesc
                0x08007b6c        0xc build/usbd_cdc.o
 .text.USBD_CDC_GetHSCfgDesc
                0x08007b78        0xc build/usbd_cdc.o
 .text.USBD_CDC_GetOtherSpeedCfgDesc
                0x08007b84        0xc build/usbd_cdc.o
 .text.USBD_CDC_GetDeviceQualifierDescriptor
                0x08007b90        0xc build/usbd_cdc.o
                0x08007b90                USBD_CDC_GetDeviceQualifierDescriptor
 .text.USBD_CDC_DataOut
                0x08007b9c       0x2e build/usbd_cdc.o
 .text.USBD_CDC_DataIn
                0x08007bca       0x4e build/usbd_cdc.o
 .text.USBD_CDC_Setup
                0x08007c18       0xd6 build/usbd_cdc.o
 .text.USBD_CDC_DeInit
                0x08007cee       0x42 build/usbd_cdc.o
 .text.USBD_CDC_Init
                0x08007d30       0xaa build/usbd_cdc.o
 .text.USBD_CDC_RegisterInterface
                0x08007dda        0xe build/usbd_cdc.o
                0x08007dda                USBD_CDC_RegisterInterface
 .text.USBD_CDC_SetTxBuffer
                0x08007de8       0x10 build/usbd_cdc.o
                0x08007de8                USBD_CDC_SetTxBuffer
 .text.USBD_CDC_SetRxBuffer
                0x08007df8        0xc build/usbd_cdc.o
                0x08007df8                USBD_CDC_SetRxBuffer
 .text.USBD_CDC_ReceivePacket
                0x08007e04       0x30 build/usbd_cdc.o
                0x08007e04                USBD_CDC_ReceivePacket
 .text.Reset_Handler
                0x08007e34       0x50 build/startup_stm32f302x8.o
                0x08007e34                Reset_Handler
 .text.Default_Handler
                0x08007e84        0x2 build/startup_stm32f302x8.o
                0x08007e84                RTC_Alarm_IRQHandler
                0x08007e84                TIM1_CC_IRQHandler
                0x08007e84                USB_HP_IRQHandler
                0x08007e84                PVD_IRQHandler
                0x08007e84                TAMP_STAMP_IRQHandler
                0x08007e84                EXTI3_IRQHandler
                0x08007e84                I2C3_ER_IRQHandler
                0x08007e84                USB_HP_CAN_TX_IRQHandler
                0x08007e84                EXTI0_IRQHandler
                0x08007e84                I2C2_EV_IRQHandler
                0x08007e84                FPU_IRQHandler
                0x08007e84                CAN_SCE_IRQHandler
                0x08007e84                TIM6_DAC_IRQHandler
                0x08007e84                USART3_IRQHandler
                0x08007e84                DMA1_Channel7_IRQHandler
                0x08007e84                CAN_RX1_IRQHandler
                0x08007e84                I2C1_EV_IRQHandler
                0x08007e84                DMA1_Channel6_IRQHandler
                0x08007e84                RCC_IRQHandler
                0x08007e84                Default_Handler
                0x08007e84                USBWakeUp_RMP_IRQHandler
                0x08007e84                EXTI15_10_IRQHandler
                0x08007e84                COMP2_IRQHandler
                0x08007e84                I2C3_EV_IRQHandler
                0x08007e84                EXTI9_5_IRQHandler
                0x08007e84                RTC_WKUP_IRQHandler
                0x08007e84                SPI2_IRQHandler
                0x08007e84                USB_LP_CAN_RX0_IRQHandler
                0x08007e84                DMA1_Channel5_IRQHandler
                0x08007e84                EXTI4_IRQHandler
                0x08007e84                TIM1_TRG_COM_TIM17_IRQHandler
                0x08007e84                DMA1_Channel3_IRQHandler
                0x08007e84                WWDG_IRQHandler
                0x08007e84                TIM2_IRQHandler
                0x08007e84                EXTI1_IRQHandler
                0x08007e84                COMP4_6_IRQHandler
                0x08007e84                USART2_IRQHandler
                0x08007e84                I2C2_ER_IRQHandler
                0x08007e84                DMA1_Channel2_IRQHandler
                0x08007e84                FLASH_IRQHandler
                0x08007e84                SPI3_IRQHandler
                0x08007e84                I2C1_ER_IRQHandler
                0x08007e84                USBWakeUp_IRQHandler
                0x08007e84                EXTI2_TSC_IRQHandler
 *fill*         0x08007e86        0x2 
 .text.__libc_init_array
                0x08007e88       0x48 c:/program files (x86)/gnu arm embedded toolchain/10 2021.10/bin/../lib/gcc/arm-none-eabi/10.3.1/../../../../arm-none-eabi/lib/thumb/v7e-m+fp/hard\libc_nano.a(lib_a-init.o)
                0x08007e88                __libc_init_array
 .text.memset   0x08007ed0       0x10 c:/program files (x86)/gnu arm embedded toolchain/10 2021.10/bin/../lib/gcc/arm-none-eabi/10.3.1/../../../../arm-none-eabi/lib/thumb/v7e-m+fp/hard\libc_nano.a(lib_a-memset.o)
                0x08007ed0                memset
 *(.glue_7)
 .glue_7        0x08007ee0        0x0 linker stubs
 *(.glue_7t)
 .glue_7t       0x08007ee0        0x0 linker stubs
 *(.eh_frame)
 .eh_frame      0x08007ee0        0x0 c:/program files (x86)/gnu arm embedded toolchain/10 2021.10/bin/../lib/gcc/arm-none-eabi/10.3.1/thumb/v7e-m+fp/hard/crtbegin.o
 *(.init)
 .init          0x08007ee0        0x4 c:/program files (x86)/gnu arm embedded toolchain/10 2021.10/bin/../lib/gcc/arm-none-eabi/10.3.1/thumb/v7e-m+fp/hard/crti.o
                0x08007ee0                _init
 .init          0x08007ee4        0x8 c:/program files (x86)/gnu arm embedded toolchain/10 2021.10/bin/../lib/gcc/arm-none-eabi/10.3.1/thumb/v7e-m+fp/hard/crtn.o
 *(.fini)
 .fini          0x08007eec        0x4 c:/program files (x86)/gnu arm embedded toolchain/10 2021.10/bin/../lib/gcc/arm-none-eabi/10.3.1/thumb/v7e-m+fp/hard/crti.o
                0x08007eec                _fini
 .fini          0x08007ef0        0x8 c:/program files (x86)/gnu arm embedded toolchain/10 2021.10/bin/../lib/gcc/arm-none-eabi/10.3.1/thumb/v7e-m+fp/hard/crtn.o
                0x08007ef8                . = ALIGN (0x4)
                0x08007ef8                _etext = .

.vfp11_veneer   0x08007ef8        0x0
 .vfp11_veneer  0x08007ef8        0x0 linker stubs

.v4_bx          0x08007ef8        0x0
 .v4_bx         0x08007ef8        0x0 linker stubs

.iplt           0x08007ef8        0x0
 .iplt          0x08007ef8        0x0 c:/program files (x86)/gnu arm embedded toolchain/10 2021.10/bin/../lib/gcc/arm-none-eabi/10.3.1/thumb/v7e-m+fp/hard/crtbegin.o

.rodata         0x08007ef8      0x3d4
                0x08007ef8                . = ALIGN (0x4)
 *(.rodata)
 *(.rodata*)
 .rodata.readEncoder.str1.4
                0x08007ef8       0x7d build/encoder.o
 *fill*         0x08007f75        0x3 
 .rodata.SIN_TABLE
                0x08007f78      0x16c build/Park_u_Clark.o
                0x08007f78                SIN_TABLE
 .rodata.SPWM   0x080080e4      0x168 build/SVM.o
                0x080080e4                SPWM
 .rodata.USBD_FS_ProductStrDescriptor.str1.4
                0x0800824c       0x16 build/usbd_desc.o
 *fill*         0x08008262        0x2 
 .rodata.USBD_FS_ManufacturerStrDescriptor.str1.4
                0x08008264       0x13 build/usbd_desc.o
 *fill*         0x08008277        0x1 
 .rodata.USBD_FS_ConfigStrDescriptor.str1.4
                0x08008278        0xb build/usbd_desc.o
 *fill*         0x08008283        0x1 
 .rodata.USBD_FS_InterfaceStrDescriptor.str1.4
                0x08008284        0xe build/usbd_desc.o
 *fill*         0x08008292        0x2 
 .rodata.aPredivFactorTable
                0x08008294       0x10 build/stm32f3xx_hal_rcc.o
 .rodata.aPLLMULFactorTable
                0x080082a4       0x10 build/stm32f3xx_hal_rcc.o
 .rodata.APBPrescTable
                0x080082b4        0x8 build/system_stm32f3xx.o
                0x080082b4                APBPrescTable
 .rodata.AHBPrescTable
                0x080082bc       0x10 build/system_stm32f3xx.o
                0x080082bc                AHBPrescTable
                0x080082cc                . = ALIGN (0x4)

.ARM.extab
 *(.ARM.extab* .gnu.linkonce.armextab.*)

.ARM            0x080082cc        0x8
                0x080082cc                __exidx_start = .
 *(.ARM.exidx*)
 .ARM.exidx     0x080082cc        0x8 c:/program files (x86)/gnu arm embedded toolchain/10 2021.10/bin/../lib/gcc/arm-none-eabi/10.3.1/thumb/v7e-m+fp/hard\libgcc.a(_udivmoddi4.o)
                0x080082d4                __exidx_end = .

.rel.dyn        0x080082d4        0x0
 .rel.iplt      0x080082d4        0x0 c:/program files (x86)/gnu arm embedded toolchain/10 2021.10/bin/../lib/gcc/arm-none-eabi/10.3.1/thumb/v7e-m+fp/hard/crtbegin.o

.preinit_array  0x080082d4        0x0
                0x080082d4                PROVIDE (__preinit_array_start = .)
 *(.preinit_array*)
                0x080082d4                PROVIDE (__preinit_array_end = .)

.init_array     0x080082d4        0x4
                0x080082d4                PROVIDE (__init_array_start = .)
 *(SORT_BY_NAME(.init_array.*))
 *(.init_array*)
 .init_array    0x080082d4        0x4 c:/program files (x86)/gnu arm embedded toolchain/10 2021.10/bin/../lib/gcc/arm-none-eabi/10.3.1/thumb/v7e-m+fp/hard/crtbegin.o
                0x080082d8                PROVIDE (__init_array_end = .)

.fini_array     0x080082d8        0x4
                [!provide]                PROVIDE (__fini_array_start = .)
 *(SORT_BY_NAME(.fini_array.*))
 *(.fini_array*)
 .fini_array    0x080082d8        0x4 c:/program files (x86)/gnu arm embedded toolchain/10 2021.10/bin/../lib/gcc/arm-none-eabi/10.3.1/thumb/v7e-m+fp/hard/crtbegin.o
                [!provide]                PROVIDE (__fini_array_end = .)
                0x080082dc                _sidata = LOADADDR (.data)

.data           0x20000000      0x1a4 load address 0x080082dc
                0x20000000                . = ALIGN (0x4)
                0x20000000                _sdata = .
 *(.data)
 *(.data*)
 .data.phaseshift
                0x20000000        0x4 build/main.o
                0x20000000                phaseshift
 .data.HallSector_Averages
                0x20000004       0x10 build/phaseEstimater.o
                0x20000004                HallSector_Averages
 .data.HallSector_phase_offset
                0x20000014       0x10 build/phaseEstimater.o
                0x20000014                HallSector_phase_offset
 .data.block_commutation_active
                0x20000024        0x1 build/phaseEstimater.o
 *fill*         0x20000025        0x3 
 .data.USBD_StringSerial
                0x20000028       0x1a build/usbd_desc.o
                0x20000028                USBD_StringSerial
 *fill*         0x20000042        0x2 
 .data.USBD_LangIDDesc
                0x20000044        0x4 build/usbd_desc.o
                0x20000044                USBD_LangIDDesc
 .data.USBD_FS_DeviceDesc
                0x20000048       0x12 build/usbd_desc.o
                0x20000048                USBD_FS_DeviceDesc
 *fill*         0x2000005a        0x2 
 .data.FS_Desc  0x2000005c       0x1c build/usbd_desc.o
                0x2000005c                FS_Desc
 .data.USBD_Interface_fops_FS
                0x20000078       0x10 build/usbd_cdc_if.o
                0x20000078                USBD_Interface_fops_FS
 .data.uwTickFreq
                0x20000088        0x1 build/stm32f3xx_hal.o
                0x20000088                uwTickFreq
 *fill*         0x20000089        0x3 
 .data.uwTickPrio
                0x2000008c        0x4 build/stm32f3xx_hal.o
                0x2000008c                uwTickPrio
 .data.SystemCoreClock
                0x20000090        0x4 build/system_stm32f3xx.o
                0x20000090                SystemCoreClock
 .data.USBD_CDC_OtherSpeedCfgDesc
                0x20000094       0x43 build/usbd_cdc.o
                0x20000094                USBD_CDC_OtherSpeedCfgDesc
 *fill*         0x200000d7        0x1 
 .data.USBD_CDC_CfgFSDesc
                0x200000d8       0x43 build/usbd_cdc.o
                0x200000d8                USBD_CDC_CfgFSDesc
 *fill*         0x2000011b        0x1 
 .data.USBD_CDC_CfgHSDesc
                0x2000011c       0x43 build/usbd_cdc.o
                0x2000011c                USBD_CDC_CfgHSDesc
 *fill*         0x2000015f        0x1 
 .data.USBD_CDC
                0x20000160       0x38 build/usbd_cdc.o
                0x20000160                USBD_CDC
 .data.USBD_CDC_DeviceQualifierDesc
                0x20000198        0xa build/usbd_cdc.o
                0x200001a4                . = ALIGN (0x4)
 *fill*         0x200001a2        0x2 
                0x200001a4                _edata = .

.igot.plt       0x200001a4        0x0 load address 0x08008480
 .igot.plt      0x200001a4        0x0 c:/program files (x86)/gnu arm embedded toolchain/10 2021.10/bin/../lib/gcc/arm-none-eabi/10.3.1/thumb/v7e-m+fp/hard/crtbegin.o
                0x200001a4                . = ALIGN (0x4)

.bss            0x200001a4      0xe14 load address 0x08008480
                0x200001a4                _sbss = .
                0x200001a4                __bss_start__ = _sbss
 *(.bss)
 .bss           0x200001a4       0x1c c:/program files (x86)/gnu arm embedded toolchain/10 2021.10/bin/../lib/gcc/arm-none-eabi/10.3.1/thumb/v7e-m+fp/hard/crtbegin.o
 *(.bss*)
 .bss.TIM_PSC   0x200001c0        0x2 build/main.o
                0x200001c0                TIM_PSC
 .bss.init_done.0
                0x200001c2        0x1 build/main.o
 *fill*         0x200001c3        0x1 
 .bss.hdma_adc1
                0x200001c4       0x44 build/adc.o
                0x200001c4                hdma_adc1
 .bss.hadc1     0x20000208       0x50 build/adc.o
                0x20000208                hadc1
 .bss.hi2c1     0x20000258       0x54 build/i2c.o
                0x20000258                hi2c1
 .bss.htim15    0x200002ac       0x4c build/tim.o
                0x200002ac                htim15
 .bss.htim6     0x200002f8       0x4c build/tim.o
                0x200002f8                htim6
 .bss.htim1     0x20000344       0x4c build/tim.o
                0x20000344                htim1
 .bss.hdma_usart1_tx
                0x20000390       0x44 build/usart.o
                0x20000390                hdma_usart1_tx
 .bss.huart1    0x200003d4       0x88 build/usart.o
                0x200003d4                huart1
 .bss.encoder_val.0
                0x2000045c        0x4 build/encoder.o
 .bss.state.1   0x20000460        0x4 build/encoder.o
 .bss.event.2   0x20000464        0x4 build/encoder.o
 .bss.iniOK.3   0x20000468        0x1 build/encoder.o
 .bss.ENCODERB.4
                0x20000469        0x1 build/encoder.o
 .bss.ENCODERA.5
                0x2000046a        0x1 build/encoder.o
 *fill*         0x2000046b        0x1 
 .bss.Motor     0x2000046c       0x2c build/global_var.o
                0x2000046c                Motor
 .bss.HALL1.18  0x20000498        0x1 build/phaseEstimater.o
 .bss.HALL1.9   0x20000499        0x1 build/phaseEstimater.o
 .bss.HALL2.17  0x2000049a        0x1 build/phaseEstimater.o
 .bss.HALL2.8   0x2000049b        0x1 build/phaseEstimater.o
 .bss.HALL3.16  0x2000049c        0x1 build/phaseEstimater.o
 .bss.HALL3.7   0x2000049d        0x1 build/phaseEstimater.o
 .bss.HallSector.3
                0x2000049e        0x1 build/phaseEstimater.o
 *fill*         0x2000049f        0x1 
 .bss.HallSector_phase_span
                0x200004a0       0x10 build/phaseEstimater.o
                0x200004a0                HallSector_phase_span
 .bss.Prev_Sector_times
                0x200004b0       0x10 build/phaseEstimater.o
 .bss.PreviousHallSector.2
                0x200004c0        0x2 build/phaseEstimater.o
 .bss.SectorTime.1
                0x200004c2        0x2 build/phaseEstimater.o
 .bss.init.10   0x200004c4        0x1 build/phaseEstimater.o
 .bss.init.20   0x200004c5        0x1 build/phaseEstimater.o
 .bss.lock_HALL1.15
                0x200004c6        0x1 build/phaseEstimater.o
 .bss.lock_HALL1.6
                0x200004c7        0x1 build/phaseEstimater.o
 .bss.lock_HALL2.14
                0x200004c8        0x1 build/phaseEstimater.o
 .bss.lock_HALL2.5
                0x200004c9        0x1 build/phaseEstimater.o
 .bss.lock_HALL3.13
                0x200004ca        0x1 build/phaseEstimater.o
 .bss.lock_HALL3.4
                0x200004cb        0x1 build/phaseEstimater.o
 .bss.phase_old.12
                0x200004cc        0x2 build/phaseEstimater.o
 .bss.prev_Sector.11
                0x200004ce        0x1 build/phaseEstimater.o
 *fill*         0x200004cf        0x1 
 .bss.prev_phase.0
                0x200004d0        0x4 build/phaseEstimater.o
 .bss.time_between_sectors
                0x200004d4        0x2 build/phaseEstimater.o
                0x200004d4                time_between_sectors
 .bss.voltage_phase.19
                0x200004d6        0x2 build/phaseEstimater.o
 .bss.CCR_U     0x200004d8        0x2 build/SVM.o
 .bss.CCR_V     0x200004da        0x2 build/SVM.o
 .bss.CCR_W     0x200004dc        0x2 build/SVM.o
 .bss.current_sector
                0x200004de        0x2 build/SVM.o
 .bss.hUsbDeviceFS
                0x200004e0      0x2c4 build/usb_device.o
                0x200004e0                hUsbDeviceFS
 .bss.USBD_StrDesc
                0x200007a4      0x200 build/usbd_desc.o
                0x200007a4                USBD_StrDesc
 .bss.UserTxBufferFS
                0x200009a4       0x80 build/usbd_cdc_if.o
                0x200009a4                UserTxBufferFS
 .bss.UserRxBufferFS
                0x20000a24       0x80 build/usbd_cdc_if.o
                0x20000a24                UserRxBufferFS
 .bss.mem.0     0x20000aa4      0x220 build/usbd_conf.o
 .bss.hpcd_USB_FS
                0x20000cc4      0x2ec build/usbd_conf.o
                0x20000cc4                hpcd_USB_FS
 .bss.uwTick    0x20000fb0        0x4 build/stm32f3xx_hal.o
                0x20000fb0                uwTick
 .bss.cfgidx.0  0x20000fb4        0x1 build/usbd_ctlreq.o
 *(COMMON)
                0x20000fb8                . = ALIGN (0x4)
 *fill*         0x20000fb5        0x3 
                0x20000fb8                _ebss = .
                0x20000fb8                __bss_end__ = _ebss

._user_heap_stack
                0x20000fb8      0x600 load address 0x08008480
                0x20000fb8                . = ALIGN (0x8)
                [!provide]                PROVIDE (end = .)
                0x20000fb8                PROVIDE (_end = .)
                0x200011b8                . = (. + _Min_Heap_Size)
 *fill*         0x20000fb8      0x200 
                0x200015b8                . = (. + _Min_Stack_Size)
 *fill*         0x200011b8      0x400 
                0x200015b8                . = ALIGN (0x8)

/DISCARD/
 libc.a(*)
 libm.a(*)
 libgcc.a(*)

.ARM.attributes
                0x00000000       0x30
 *(.ARM.attributes)
 .ARM.attributes
                0x00000000       0x1e c:/program files (x86)/gnu arm embedded toolchain/10 2021.10/bin/../lib/gcc/arm-none-eabi/10.3.1/thumb/v7e-m+fp/hard/crti.o
 .ARM.attributes
                0x0000001e       0x34 c:/program files (x86)/gnu arm embedded toolchain/10 2021.10/bin/../lib/gcc/arm-none-eabi/10.3.1/thumb/v7e-m+fp/hard/crtbegin.o
 .ARM.attributes
                0x00000052       0x34 build/main.o
 .ARM.attributes
                0x00000086       0x34 build/gpio.o
 .ARM.attributes
                0x000000ba       0x34 build/adc.o
 .ARM.attributes
                0x000000ee       0x34 build/dma.o
 .ARM.attributes
                0x00000122       0x34 build/i2c.o
 .ARM.attributes
                0x00000156       0x34 build/tim.o
 .ARM.attributes
                0x0000018a       0x34 build/usart.o
 .ARM.attributes
                0x000001be       0x34 build/encoder.o
 .ARM.attributes
                0x000001f2       0x34 build/global_var.o
 .ARM.attributes
                0x00000226       0x34 build/Park_u_Clark.o
 .ARM.attributes
                0x0000025a       0x34 build/phaseEstimater.o
 .ARM.attributes
                0x0000028e       0x34 build/SVM.o
 .ARM.attributes
                0x000002c2       0x34 build/stm32f3xx_it.o
 .ARM.attributes
                0x000002f6       0x34 build/stm32f3xx_hal_msp.o
 .ARM.attributes
                0x0000032a       0x34 build/usb_device.o
 .ARM.attributes
                0x0000035e       0x34 build/usbd_desc.o
 .ARM.attributes
                0x00000392       0x34 build/usbd_cdc_if.o
 .ARM.attributes
                0x000003c6       0x34 build/usbd_conf.o
 .ARM.attributes
                0x000003fa       0x34 build/stm32f3xx_ll_usb.o
 .ARM.attributes
                0x0000042e       0x34 build/stm32f3xx_hal_pcd.o
 .ARM.attributes
                0x00000462       0x34 build/stm32f3xx_hal_pcd_ex.o
 .ARM.attributes
                0x00000496       0x34 build/stm32f3xx_hal.o
 .ARM.attributes
                0x000004ca       0x34 build/stm32f3xx_hal_rcc.o
 .ARM.attributes
                0x000004fe       0x34 build/stm32f3xx_hal_rcc_ex.o
 .ARM.attributes
                0x00000532       0x34 build/stm32f3xx_hal_gpio.o
 .ARM.attributes
                0x00000566       0x34 build/stm32f3xx_hal_dma.o
 .ARM.attributes
                0x0000059a       0x34 build/stm32f3xx_hal_cortex.o
 .ARM.attributes
                0x000005ce       0x34 build/stm32f3xx_hal_i2c.o
 .ARM.attributes
                0x00000602       0x34 build/stm32f3xx_hal_i2c_ex.o
 .ARM.attributes
                0x00000636       0x34 build/stm32f3xx_hal_adc.o
 .ARM.attributes
                0x0000066a       0x34 build/stm32f3xx_hal_adc_ex.o
 .ARM.attributes
                0x0000069e       0x34 build/stm32f3xx_hal_tim.o
 .ARM.attributes
                0x000006d2       0x34 build/stm32f3xx_hal_tim_ex.o
 .ARM.attributes
                0x00000706       0x34 build/stm32f3xx_hal_uart.o
 .ARM.attributes
                0x0000073a       0x34 build/stm32f3xx_hal_uart_ex.o
 .ARM.attributes
                0x0000076e       0x34 build/system_stm32f3xx.o
 .ARM.attributes
                0x000007a2       0x34 build/usbd_core.o
 .ARM.attributes
                0x000007d6       0x34 build/usbd_ctlreq.o
 .ARM.attributes
                0x0000080a       0x34 build/usbd_ioreq.o
 .ARM.attributes
                0x0000083e       0x34 build/usbd_cdc.o
 .ARM.attributes
                0x00000872       0x21 build/startup_stm32f302x8.o
 .ARM.attributes
                0x00000893       0x34 c:/program files (x86)/gnu arm embedded toolchain/10 2021.10/bin/../lib/gcc/arm-none-eabi/10.3.1/../../../../arm-none-eabi/lib/thumb/v7e-m+fp/hard\libc_nano.a(lib_a-init.o)
 .ARM.attributes
                0x000008c7       0x34 c:/program files (x86)/gnu arm embedded toolchain/10 2021.10/bin/../lib/gcc/arm-none-eabi/10.3.1/../../../../arm-none-eabi/lib/thumb/v7e-m+fp/hard\libc_nano.a(lib_a-memset.o)
 .ARM.attributes
                0x000008fb       0x1e c:/program files (x86)/gnu arm embedded toolchain/10 2021.10/bin/../lib/gcc/arm-none-eabi/10.3.1/thumb/v7e-m+fp/hard\libgcc.a(_aeabi_ldivmod.o)
 .ARM.attributes
                0x00000919       0x34 c:/program files (x86)/gnu arm embedded toolchain/10 2021.10/bin/../lib/gcc/arm-none-eabi/10.3.1/thumb/v7e-m+fp/hard\libgcc.a(_udivmoddi4.o)
 .ARM.attributes
                0x0000094d       0x1e c:/program files (x86)/gnu arm embedded toolchain/10 2021.10/bin/../lib/gcc/arm-none-eabi/10.3.1/thumb/v7e-m+fp/hard\libgcc.a(_dvmd_tls.o)
 .ARM.attributes
                0x0000096b       0x1e c:/program files (x86)/gnu arm embedded toolchain/10 2021.10/bin/../lib/gcc/arm-none-eabi/10.3.1/thumb/v7e-m+fp/hard/crtn.o
OUTPUT(build/SESCV3_Firmware.elf elf32-littlearm)
LOAD linker stubs
LOAD c:/program files (x86)/gnu arm embedded toolchain/10 2021.10/bin/../lib/gcc/arm-none-eabi/10.3.1/../../../../arm-none-eabi/lib/thumb/v7e-m+fp/hard\libc.a
LOAD c:/program files (x86)/gnu arm embedded toolchain/10 2021.10/bin/../lib/gcc/arm-none-eabi/10.3.1/../../../../arm-none-eabi/lib/thumb/v7e-m+fp/hard\libm.a
LOAD c:/program files (x86)/gnu arm embedded toolchain/10 2021.10/bin/../lib/gcc/arm-none-eabi/10.3.1/thumb/v7e-m+fp/hard\libgcc.a

.debug_info     0x00000000    0x2d557
 .debug_info    0x00000000     0x1437 build/main.o
 .debug_info    0x00001437      0x417 build/gpio.o
 .debug_info    0x0000184e     0x1063 build/adc.o
 .debug_info    0x000028b1      0x3bf build/dma.o
 .debug_info    0x00002c70      0xaea build/i2c.o
 .debug_info    0x0000375a     0x1360 build/tim.o
 .debug_info    0x00004aba      0xd60 build/usart.o
 .debug_info    0x0000581a      0x36b build/encoder.o
 .debug_info    0x00005b85      0x19b build/global_var.o
 .debug_info    0x00005d20      0x259 build/Park_u_Clark.o
 .debug_info    0x00005f79      0xf0c build/phaseEstimater.o
 .debug_info    0x00006e85      0xcf2 build/SVM.o
 .debug_info    0x00007b77     0x1813 build/stm32f3xx_it.o
 .debug_info    0x0000938a      0x1c9 build/stm32f3xx_hal_msp.o
 .debug_info    0x00009553      0x792 build/usb_device.o
 .debug_info    0x00009ce5      0x654 build/usbd_desc.o
 .debug_info    0x0000a339      0x995 build/usbd_cdc_if.o
 .debug_info    0x0000acce     0x2122 build/usbd_conf.o
 .debug_info    0x0000cdf0     0x1b23 build/stm32f3xx_ll_usb.o
 .debug_info    0x0000e913     0x1e95 build/stm32f3xx_hal_pcd.o
 .debug_info    0x000107a8      0x7c9 build/stm32f3xx_hal_pcd_ex.o
 .debug_info    0x00010f71      0x8fd build/stm32f3xx_hal.o
 .debug_info    0x0001186e     0x16fb build/stm32f3xx_hal_rcc.o
 .debug_info    0x00012f69      0x75b build/stm32f3xx_hal_rcc_ex.o
 .debug_info    0x000136c4      0x744 build/stm32f3xx_hal_gpio.o
 .debug_info    0x00013e08      0x90c build/stm32f3xx_hal_dma.o
 .debug_info    0x00014714      0xe6a build/stm32f3xx_hal_cortex.o
 .debug_info    0x0001557e     0x4484 build/stm32f3xx_hal_i2c.o
 .debug_info    0x00019a02      0x984 build/stm32f3xx_hal_i2c_ex.o
 .debug_info    0x0001a386      0xd01 build/stm32f3xx_hal_adc.o
 .debug_info    0x0001b087     0x1bc1 build/stm32f3xx_hal_adc_ex.o
 .debug_info    0x0001cc48     0x4211 build/stm32f3xx_hal_tim.o
 .debug_info    0x00020e59     0x1e4b build/stm32f3xx_hal_tim_ex.o
 .debug_info    0x00022ca4     0x532b build/stm32f3xx_hal_uart.o
 .debug_info    0x00027fcf     0x101e build/stm32f3xx_hal_uart_ex.o
 .debug_info    0x00028fed      0x47d build/system_stm32f3xx.o
 .debug_info    0x0002946a      0xf97 build/usbd_core.o
 .debug_info    0x0002a401     0x1203 build/usbd_ctlreq.o
 .debug_info    0x0002b604      0x946 build/usbd_ioreq.o
 .debug_info    0x0002bf4a     0x15dd build/usbd_cdc.o
 .debug_info    0x0002d527       0x30 build/startup_stm32f302x8.o

.debug_abbrev   0x00000000     0x5a70
 .debug_abbrev  0x00000000      0x275 build/main.o
 .debug_abbrev  0x00000275      0x160 build/gpio.o
 .debug_abbrev  0x000003d5      0x233 build/adc.o
 .debug_abbrev  0x00000608      0x11d build/dma.o
 .debug_abbrev  0x00000725      0x22a build/i2c.o
 .debug_abbrev  0x0000094f      0x253 build/tim.o
 .debug_abbrev  0x00000ba2      0x22b build/usart.o
 .debug_abbrev  0x00000dcd      0x152 build/encoder.o
 .debug_abbrev  0x00000f1f       0x89 build/global_var.o
 .debug_abbrev  0x00000fa8       0xfb build/Park_u_Clark.o
 .debug_abbrev  0x000010a3      0x269 build/phaseEstimater.o
 .debug_abbrev  0x0000130c      0x27e build/SVM.o
 .debug_abbrev  0x0000158a      0x20c build/stm32f3xx_it.o
 .debug_abbrev  0x00001796       0xc1 build/stm32f3xx_hal_msp.o
 .debug_abbrev  0x00001857      0x195 build/usb_device.o
 .debug_abbrev  0x000019ec      0x23c build/usbd_desc.o
 .debug_abbrev  0x00001c28      0x264 build/usbd_cdc_if.o
 .debug_abbrev  0x00001e8c      0x33e build/usbd_conf.o
 .debug_abbrev  0x000021ca      0x309 build/stm32f3xx_ll_usb.o
 .debug_abbrev  0x000024d3      0x32d build/stm32f3xx_hal_pcd.o
 .debug_abbrev  0x00002800      0x184 build/stm32f3xx_hal_pcd_ex.o
 .debug_abbrev  0x00002984      0x245 build/stm32f3xx_hal.o
 .debug_abbrev  0x00002bc9      0x353 build/stm32f3xx_hal_rcc.o
 .debug_abbrev  0x00002f1c      0x27e build/stm32f3xx_hal_rcc_ex.o
 .debug_abbrev  0x0000319a      0x222 build/stm32f3xx_hal_gpio.o
 .debug_abbrev  0x000033bc      0x26a build/stm32f3xx_hal_dma.o
 .debug_abbrev  0x00003626      0x3aa build/stm32f3xx_hal_cortex.o
 .debug_abbrev  0x000039d0      0x2e4 build/stm32f3xx_hal_i2c.o
 .debug_abbrev  0x00003cb4      0x1b5 build/stm32f3xx_hal_i2c_ex.o
 .debug_abbrev  0x00003e69      0x18d build/stm32f3xx_hal_adc.o
 .debug_abbrev  0x00003ff6      0x312 build/stm32f3xx_hal_adc_ex.o
 .debug_abbrev  0x00004308      0x2bd build/stm32f3xx_hal_tim.o
 .debug_abbrev  0x000045c5      0x2b7 build/stm32f3xx_hal_tim_ex.o
 .debug_abbrev  0x0000487c      0x334 build/stm32f3xx_hal_uart.o
 .debug_abbrev  0x00004bb0      0x325 build/stm32f3xx_hal_uart_ex.o
 .debug_abbrev  0x00004ed5      0x11b build/system_stm32f3xx.o
 .debug_abbrev  0x00004ff0      0x2ae build/usbd_core.o
 .debug_abbrev  0x0000529e      0x2ec build/usbd_ctlreq.o
 .debug_abbrev  0x0000558a      0x18e build/usbd_ioreq.o
 .debug_abbrev  0x00005718      0x33b build/usbd_cdc.o
 .debug_abbrev  0x00005a53       0x1d build/startup_stm32f302x8.o

.debug_loc      0x00000000    0x239b3
 .debug_loc     0x00000000       0xe7 build/main.o
 .debug_loc     0x000000e7       0x38 build/gpio.o
 .debug_loc     0x0000011f      0x127 build/adc.o
 .debug_loc     0x00000246       0x38 build/dma.o
 .debug_loc     0x0000027e       0xfd build/i2c.o
 .debug_loc     0x0000037b      0x290 build/tim.o
 .debug_loc     0x0000060b      0x101 build/usart.o
 .debug_loc     0x0000070c      0x254 build/encoder.o
 .debug_loc     0x00000960      0x19f build/Park_u_Clark.o
 .debug_loc     0x00000aff      0x612 build/phaseEstimater.o
 .debug_loc     0x00001111      0x213 build/SVM.o
 .debug_loc     0x00001324      0x120 build/stm32f3xx_it.o
 .debug_loc     0x00001444       0x2c build/stm32f3xx_hal_msp.o
 .debug_loc     0x00001470       0x20 build/usb_device.o
 .debug_loc     0x00001490      0x4e7 build/usbd_desc.o
 .debug_loc     0x00001977      0x1bb build/usbd_cdc_if.o
 .debug_loc     0x00001b32     0x105a build/usbd_conf.o
 .debug_loc     0x00002b8c     0x19fe build/stm32f3xx_ll_usb.o
 .debug_loc     0x0000458a     0x194e build/stm32f3xx_hal_pcd.o
 .debug_loc     0x00005ed8      0x15a build/stm32f3xx_hal_pcd_ex.o
 .debug_loc     0x00006032      0x1f9 build/stm32f3xx_hal.o
 .debug_loc     0x0000622b      0xf89 build/stm32f3xx_hal_rcc.o
 .debug_loc     0x000071b4      0xc96 build/stm32f3xx_hal_rcc_ex.o
 .debug_loc     0x00007e4a      0x499 build/stm32f3xx_hal_gpio.o
 .debug_loc     0x000082e3      0x9b7 build/stm32f3xx_hal_dma.o
 .debug_loc     0x00008c9a      0x8b4 build/stm32f3xx_hal_cortex.o
 .debug_loc     0x0000954e     0x5ee0 build/stm32f3xx_hal_i2c.o
 .debug_loc     0x0000f42e      0x243 build/stm32f3xx_hal_i2c_ex.o
 .debug_loc     0x0000f671      0x285 build/stm32f3xx_hal_adc.o
 .debug_loc     0x0000f8f6     0x2232 build/stm32f3xx_hal_adc_ex.o
 .debug_loc     0x00011b28     0x65a6 build/stm32f3xx_hal_tim.o
 .debug_loc     0x000180ce     0x26fb build/stm32f3xx_hal_tim_ex.o
 .debug_loc     0x0001a7c9     0x5255 build/stm32f3xx_hal_uart.o
 .debug_loc     0x0001fa1e      0xc2c build/stm32f3xx_hal_uart_ex.o
 .debug_loc     0x0002064a      0x14d build/system_stm32f3xx.o
 .debug_loc     0x00020797      0xbaa build/usbd_core.o
 .debug_loc     0x00021341     0x17db build/usbd_ctlreq.o
 .debug_loc     0x00022b1c      0x3f8 build/usbd_ioreq.o
 .debug_loc     0x00022f14      0xa9f build/usbd_cdc.o

.debug_aranges  0x00000000     0x1970
 .debug_aranges
                0x00000000       0x38 build/main.o
 .debug_aranges
                0x00000038       0x20 build/gpio.o
 .debug_aranges
                0x00000058       0x30 build/adc.o
 .debug_aranges
                0x00000088       0x20 build/dma.o
 .debug_aranges
                0x000000a8       0x30 build/i2c.o
 .debug_aranges
                0x000000d8       0x48 build/tim.o
 .debug_aranges
                0x00000120       0x30 build/usart.o
 .debug_aranges
                0x00000150       0x20 build/encoder.o
 .debug_aranges
                0x00000170       0x18 build/global_var.o
 .debug_aranges
                0x00000188       0x38 build/Park_u_Clark.o
 .debug_aranges
                0x000001c0       0x30 build/phaseEstimater.o
 .debug_aranges
                0x000001f0       0x30 build/SVM.o
 .debug_aranges
                0x00000220       0x98 build/stm32f3xx_it.o
 .debug_aranges
                0x000002b8       0x20 build/stm32f3xx_hal_msp.o
 .debug_aranges
                0x000002d8       0x20 build/usb_device.o
 .debug_aranges
                0x000002f8       0x60 build/usbd_desc.o
 .debug_aranges
                0x00000358       0x40 build/usbd_cdc_if.o
 .debug_aranges
                0x00000398      0x118 build/usbd_conf.o
 .debug_aranges
                0x000004b0       0xb8 build/stm32f3xx_ll_usb.o
 .debug_aranges
                0x00000568      0x140 build/stm32f3xx_hal_pcd.o
 .debug_aranges
                0x000006a8       0x38 build/stm32f3xx_hal_pcd_ex.o
 .debug_aranges
                0x000006e0       0xe0 build/stm32f3xx_hal.o
 .debug_aranges
                0x000007c0       0x88 build/stm32f3xx_hal_rcc.o
 .debug_aranges
                0x00000848       0x38 build/stm32f3xx_hal_rcc_ex.o
 .debug_aranges
                0x00000880       0x58 build/stm32f3xx_hal_gpio.o
 .debug_aranges
                0x000008d8       0x88 build/stm32f3xx_hal_dma.o
 .debug_aranges
                0x00000960       0xc0 build/stm32f3xx_hal_cortex.o
 .debug_aranges
                0x00000a20      0x2a0 build/stm32f3xx_hal_i2c.o
 .debug_aranges
                0x00000cc0       0x48 build/stm32f3xx_hal_i2c_ex.o
 .debug_aranges
                0x00000d08       0xc8 build/stm32f3xx_hal_adc.o
 .debug_aranges
                0x00000dd0      0x140 build/stm32f3xx_hal_adc_ex.o
 .debug_aranges
                0x00000f10      0x3e0 build/stm32f3xx_hal_tim.o
 .debug_aranges
                0x000012f0      0x178 build/stm32f3xx_hal_tim_ex.o
 .debug_aranges
                0x00001468      0x228 build/stm32f3xx_hal_uart.o
 .debug_aranges
                0x00001690       0x70 build/stm32f3xx_hal_uart_ex.o
 .debug_aranges
                0x00001700       0x28 build/system_stm32f3xx.o
 .debug_aranges
                0x00001728       0xb8 build/usbd_core.o
 .debug_aranges
                0x000017e0       0x88 build/usbd_ctlreq.o
 .debug_aranges
                0x00001868       0x50 build/usbd_ioreq.o
 .debug_aranges
                0x000018b8       0x90 build/usbd_cdc.o
 .debug_aranges
                0x00001948       0x28 build/startup_stm32f302x8.o

.debug_ranges   0x00000000     0x1a98
 .debug_ranges  0x00000000       0x40 build/main.o
 .debug_ranges  0x00000040       0x10 build/gpio.o
 .debug_ranges  0x00000050       0x20 build/adc.o
 .debug_ranges  0x00000070       0x10 build/dma.o
 .debug_ranges  0x00000080       0x20 build/i2c.o
 .debug_ranges  0x000000a0       0x38 build/tim.o
 .debug_ranges  0x000000d8       0x20 build/usart.o
 .debug_ranges  0x000000f8       0x10 build/encoder.o
 .debug_ranges  0x00000108       0x28 build/Park_u_Clark.o
 .debug_ranges  0x00000130       0x40 build/phaseEstimater.o
 .debug_ranges  0x00000170       0x20 build/SVM.o
 .debug_ranges  0x00000190       0x88 build/stm32f3xx_it.o
 .debug_ranges  0x00000218       0x10 build/stm32f3xx_hal_msp.o
 .debug_ranges  0x00000228       0x10 build/usb_device.o
 .debug_ranges  0x00000238       0x50 build/usbd_desc.o
 .debug_ranges  0x00000288       0x30 build/usbd_cdc_if.o
 .debug_ranges  0x000002b8      0x108 build/usbd_conf.o
 .debug_ranges  0x000003c0      0x2e0 build/stm32f3xx_ll_usb.o
 .debug_ranges  0x000006a0      0x240 build/stm32f3xx_hal_pcd.o
 .debug_ranges  0x000008e0       0x28 build/stm32f3xx_hal_pcd_ex.o
 .debug_ranges  0x00000908       0xd0 build/stm32f3xx_hal.o
 .debug_ranges  0x000009d8       0x98 build/stm32f3xx_hal_rcc.o
 .debug_ranges  0x00000a70       0x28 build/stm32f3xx_hal_rcc_ex.o
 .debug_ranges  0x00000a98       0x48 build/stm32f3xx_hal_gpio.o
 .debug_ranges  0x00000ae0       0x78 build/stm32f3xx_hal_dma.o
 .debug_ranges  0x00000b58       0xb0 build/stm32f3xx_hal_cortex.o
 .debug_ranges  0x00000c08      0x290 build/stm32f3xx_hal_i2c.o
 .debug_ranges  0x00000e98       0x38 build/stm32f3xx_hal_i2c_ex.o
 .debug_ranges  0x00000ed0       0xb8 build/stm32f3xx_hal_adc.o
 .debug_ranges  0x00000f88      0x130 build/stm32f3xx_hal_adc_ex.o
 .debug_ranges  0x000010b8      0x3d0 build/stm32f3xx_hal_tim.o
 .debug_ranges  0x00001488      0x168 build/stm32f3xx_hal_tim_ex.o
 .debug_ranges  0x000015f0      0x230 build/stm32f3xx_hal_uart.o
 .debug_ranges  0x00001820       0x60 build/stm32f3xx_hal_uart_ex.o
 .debug_ranges  0x00001880       0x18 build/system_stm32f3xx.o
 .debug_ranges  0x00001898       0xa8 build/usbd_core.o
 .debug_ranges  0x00001940       0x78 build/usbd_ctlreq.o
 .debug_ranges  0x000019b8       0x40 build/usbd_ioreq.o
 .debug_ranges  0x000019f8       0x80 build/usbd_cdc.o
 .debug_ranges  0x00001a78       0x20 build/startup_stm32f302x8.o

.debug_line     0x00000000    0x1e14d
 .debug_line    0x00000000      0x4fd build/main.o
 .debug_line    0x000004fd      0x1c8 build/gpio.o
 .debug_line    0x000006c5      0x490 build/adc.o
 .debug_line    0x00000b55      0x15d build/dma.o
 .debug_line    0x00000cb2      0x2e1 build/i2c.o
 .debug_line    0x00000f93      0x616 build/tim.o
 .debug_line    0x000015a9      0x327 build/usart.o
 .debug_line    0x000018d0      0x316 build/encoder.o
 .debug_line    0x00001be6      0x122 build/global_var.o
 .debug_line    0x00001d08      0x2a9 build/Park_u_Clark.o
 .debug_line    0x00001fb1      0x9b4 build/phaseEstimater.o
 .debug_line    0x00002965      0x4e6 build/SVM.o
 .debug_line    0x00002e4b      0x3a6 build/stm32f3xx_it.o
 .debug_line    0x000031f1      0x132 build/stm32f3xx_hal_msp.o
 .debug_line    0x00003323      0x1f5 build/usb_device.o
 .debug_line    0x00003518      0x310 build/usbd_desc.o
 .debug_line    0x00003828      0x223 build/usbd_cdc_if.o
 .debug_line    0x00003a4b      0x77a build/usbd_conf.o
 .debug_line    0x000041c5     0x168f build/stm32f3xx_ll_usb.o
 .debug_line    0x00005854     0x1661 build/stm32f3xx_hal_pcd.o
 .debug_line    0x00006eb5      0x24f build/stm32f3xx_hal_pcd_ex.o
 .debug_line    0x00007104      0x4f6 build/stm32f3xx_hal.o
 .debug_line    0x000075fa     0x12fa build/stm32f3xx_hal_rcc.o
 .debug_line    0x000088f4      0x91d build/stm32f3xx_hal_rcc_ex.o
 .debug_line    0x00009211      0x652 build/stm32f3xx_hal_gpio.o
 .debug_line    0x00009863      0x9ac build/stm32f3xx_hal_dma.o
 .debug_line    0x0000a20f      0x65f build/stm32f3xx_hal_cortex.o
 .debug_line    0x0000a86e     0x4b2c build/stm32f3xx_hal_i2c.o
 .debug_line    0x0000f39a      0x3a9 build/stm32f3xx_hal_i2c_ex.o
 .debug_line    0x0000f743      0x408 build/stm32f3xx_hal_adc.o
 .debug_line    0x0000fb4b     0x1c27 build/stm32f3xx_hal_adc_ex.o
 .debug_line    0x00011772     0x4a40 build/stm32f3xx_hal_tim.o
 .debug_line    0x000161b2     0x1ac8 build/stm32f3xx_hal_tim_ex.o
 .debug_line    0x00017c7a     0x3eb2 build/stm32f3xx_hal_uart.o
 .debug_line    0x0001bb2c      0x85b build/stm32f3xx_hal_uart_ex.o
 .debug_line    0x0001c387      0x215 build/system_stm32f3xx.o
 .debug_line    0x0001c59c      0x6d5 build/usbd_core.o
 .debug_line    0x0001cc71      0xa8e build/usbd_ctlreq.o
 .debug_line    0x0001d6ff      0x260 build/usbd_ioreq.o
 .debug_line    0x0001d95f      0x77b build/usbd_cdc.o
 .debug_line    0x0001e0da       0x73 build/startup_stm32f302x8.o

.debug_str      0x00000000     0x70ee
 .debug_str     0x00000000      0xd43 build/main.o
                                0xe7a (size before relaxing)
 .debug_str     0x00000d43      0x173 build/gpio.o
                                0x2a8 (size before relaxing)
 .debug_str     0x00000eb6      0x58f build/adc.o
                                0xcaf (size before relaxing)
 .debug_str     0x00001445        0xf build/dma.o
                                0x55b (size before relaxing)
 .debug_str     0x00001454      0x304 build/i2c.o
                                0x7d0 (size before relaxing)
 .debug_str     0x00001758      0x2d4 build/tim.o
                                0xe6a (size before relaxing)
 .debug_str     0x00001a2c      0x25b build/usart.o
                                0xaee (size before relaxing)
 .debug_str     0x00001c87       0xe0 build/encoder.o
                                0x2cd (size before relaxing)
 .debug_str     0x00001d67       0x16 build/global_var.o
                                0x23f (size before relaxing)
 .debug_str     0x00001d7d       0x98 build/Park_u_Clark.o
                                0x26c (size before relaxing)
 .debug_str     0x00001e15      0x1c8 build/phaseEstimater.o
                                0xa2a (size before relaxing)
 .debug_str     0x00001fdd      0x138 build/SVM.o
                                0xc39 (size before relaxing)
 .debug_str     0x00002115      0x449 build/stm32f3xx_it.o
                                0xfeb (size before relaxing)
 .debug_str     0x0000255e       0x29 build/stm32f3xx_hal_msp.o
                                0x1e9 (size before relaxing)
 .debug_str     0x00002587      0x3df build/usb_device.o
                                0x63d (size before relaxing)
 .debug_str     0x00002966      0x181 build/usbd_desc.o
                                0x435 (size before relaxing)
 .debug_str     0x00002ae7      0x12d build/usbd_cdc_if.o
                                0x6f1 (size before relaxing)
 .debug_str     0x00002c14      0x551 build/usbd_conf.o
                               0x1241 (size before relaxing)
 .debug_str     0x00003165      0x259 build/stm32f3xx_ll_usb.o
                                0x62c (size before relaxing)
 .debug_str     0x000033be      0x166 build/stm32f3xx_hal_pcd.o
                                0xa89 (size before relaxing)
 .debug_str     0x00003524      0x159 build/stm32f3xx_hal_pcd_ex.o
                                0x6b1 (size before relaxing)
 .debug_str     0x0000367d      0x304 build/stm32f3xx_hal.o
                                0x8ad (size before relaxing)
 .debug_str     0x00003981      0x1ff build/stm32f3xx_hal_rcc.o
                                0x659 (size before relaxing)
 .debug_str     0x00003b80       0xbb build/stm32f3xx_hal_rcc_ex.o
                                0x4d5 (size before relaxing)
 .debug_str     0x00003c3b       0xa3 build/stm32f3xx_hal_gpio.o
                                0x415 (size before relaxing)
 .debug_str     0x00003cde      0x216 build/stm32f3xx_hal_dma.o
                                0x5f9 (size before relaxing)
 .debug_str     0x00003ef4      0x30b build/stm32f3xx_hal_cortex.o
                                0x930 (size before relaxing)
 .debug_str     0x000041ff      0x885 build/stm32f3xx_hal_i2c.o
                                0xfb3 (size before relaxing)
 .debug_str     0x00004a84       0xb5 build/stm32f3xx_hal_i2c_ex.o
                                0x7db (size before relaxing)
 .debug_str     0x00004b39      0x1d4 build/stm32f3xx_hal_adc.o
                                0x89e (size before relaxing)
 .debug_str     0x00004d0d      0x408 build/stm32f3xx_hal_adc_ex.o
                                0xdf8 (size before relaxing)
 .debug_str     0x00005115      0xdd9 build/stm32f3xx_hal_tim.o
                               0x16d8 (size before relaxing)
 .debug_str     0x00005eee      0x445 build/stm32f3xx_hal_tim_ex.o
                                0xf2e (size before relaxing)
 .debug_str     0x00006333      0x76c build/stm32f3xx_hal_uart.o
                                0xedc (size before relaxing)
 .debug_str     0x00006a9f      0x1b5 build/stm32f3xx_hal_uart_ex.o
                                0x8d9 (size before relaxing)
 .debug_str     0x00006c54       0x52 build/system_stm32f3xx.o
                                0x2b1 (size before relaxing)
 .debug_str     0x00006ca6      0x145 build/usbd_core.o
                                0x815 (size before relaxing)
 .debug_str     0x00006deb       0xe2 build/usbd_ctlreq.o
                                0x72f (size before relaxing)
 .debug_str     0x00006ecd       0x60 build/usbd_ioreq.o
                                0x65c (size before relaxing)
 .debug_str     0x00006f2d      0x18f build/usbd_cdc.o
                                0xc02 (size before relaxing)
 .debug_str     0x000070bc       0x32 build/startup_stm32f302x8.o
                                 0x59 (size before relaxing)

.comment        0x00000000       0x8d
 .comment       0x00000000       0x49 build/main.o
                                 0x4a (size before relaxing)
 .comment       0x00000049       0x44 build/gpio.o
                                 0x45 (size before relaxing)
 .comment       0x0000008d       0x45 build/adc.o
 .comment       0x0000008d       0x45 build/dma.o
 .comment       0x0000008d       0x45 build/i2c.o
 .comment       0x0000008d       0x45 build/tim.o
 .comment       0x0000008d       0x45 build/usart.o
 .comment       0x0000008d       0x45 build/encoder.o
 .comment       0x0000008d       0x4a build/global_var.o
 .comment       0x0000008d       0x4a build/Park_u_Clark.o
 .comment       0x0000008d       0x4a build/phaseEstimater.o
 .comment       0x0000008d       0x4a build/SVM.o
 .comment       0x0000008d       0x45 build/stm32f3xx_it.o
 .comment       0x0000008d       0x45 build/stm32f3xx_hal_msp.o
 .comment       0x0000008d       0x45 build/usb_device.o
 .comment       0x0000008d       0x45 build/usbd_desc.o
 .comment       0x0000008d       0x45 build/usbd_cdc_if.o
 .comment       0x0000008d       0x45 build/usbd_conf.o
 .comment       0x0000008d       0x45 build/stm32f3xx_ll_usb.o
 .comment       0x0000008d       0x45 build/stm32f3xx_hal_pcd.o
 .comment       0x0000008d       0x45 build/stm32f3xx_hal_pcd_ex.o
 .comment       0x0000008d       0x45 build/stm32f3xx_hal.o
 .comment       0x0000008d       0x45 build/stm32f3xx_hal_rcc.o
 .comment       0x0000008d       0x45 build/stm32f3xx_hal_rcc_ex.o
 .comment       0x0000008d       0x45 build/stm32f3xx_hal_gpio.o
 .comment       0x0000008d       0x45 build/stm32f3xx_hal_dma.o
 .comment       0x0000008d       0x45 build/stm32f3xx_hal_cortex.o
 .comment       0x0000008d       0x45 build/stm32f3xx_hal_i2c.o
 .comment       0x0000008d       0x45 build/stm32f3xx_hal_i2c_ex.o
 .comment       0x0000008d       0x45 build/stm32f3xx_hal_adc.o
 .comment       0x0000008d       0x45 build/stm32f3xx_hal_adc_ex.o
 .comment       0x0000008d       0x45 build/stm32f3xx_hal_tim.o
 .comment       0x0000008d       0x45 build/stm32f3xx_hal_tim_ex.o
 .comment       0x0000008d       0x45 build/stm32f3xx_hal_uart.o
 .comment       0x0000008d       0x45 build/stm32f3xx_hal_uart_ex.o
 .comment       0x0000008d       0x45 build/system_stm32f3xx.o
 .comment       0x0000008d       0x45 build/usbd_core.o
 .comment       0x0000008d       0x45 build/usbd_ctlreq.o
 .comment       0x0000008d       0x45 build/usbd_ioreq.o
 .comment       0x0000008d       0x45 build/usbd_cdc.o

.debug_frame    0x00000000     0x4388
 .debug_frame   0x00000000       0x74 build/main.o
 .debug_frame   0x00000074       0x34 build/gpio.o
 .debug_frame   0x000000a8       0x70 build/adc.o
 .debug_frame   0x00000118       0x2c build/dma.o
 .debug_frame   0x00000144       0x60 build/i2c.o
 .debug_frame   0x000001a4       0xd4 build/tim.o
 .debug_frame   0x00000278       0x60 build/usart.o
 .debug_frame   0x000002d8       0x34 build/encoder.o
 .debug_frame   0x0000030c       0x68 build/Park_u_Clark.o
 .debug_frame   0x00000374       0x68 build/phaseEstimater.o
 .debug_frame   0x000003dc       0x54 build/SVM.o
 .debug_frame   0x00000430      0x158 build/stm32f3xx_it.o
 .debug_frame   0x00000588       0x28 build/stm32f3xx_hal_msp.o
 .debug_frame   0x000005b0       0x28 build/usb_device.o
 .debug_frame   0x000005d8       0xe0 build/usbd_desc.o
 .debug_frame   0x000006b8       0x78 build/usbd_cdc_if.o
 .debug_frame   0x00000730      0x2ec build/usbd_conf.o
 .debug_frame   0x00000a1c      0x180 build/stm32f3xx_ll_usb.o
 .debug_frame   0x00000b9c      0x354 build/stm32f3xx_hal_pcd.o
 .debug_frame   0x00000ef0       0x50 build/stm32f3xx_hal_pcd_ex.o
 .debug_frame   0x00000f40      0x1cc build/stm32f3xx_hal.o
 .debug_frame   0x0000110c      0x170 build/stm32f3xx_hal_rcc.o
 .debug_frame   0x0000127c       0x70 build/stm32f3xx_hal_rcc_ex.o
 .debug_frame   0x000012ec       0xd0 build/stm32f3xx_hal_gpio.o
 .debug_frame   0x000013bc      0x160 build/stm32f3xx_hal_dma.o
 .debug_frame   0x0000151c      0x19c build/stm32f3xx_hal_cortex.o
 .debug_frame   0x000016b8      0x98c build/stm32f3xx_hal_i2c.o
 .debug_frame   0x00002044       0x80 build/stm32f3xx_hal_i2c_ex.o
 .debug_frame   0x000020c4      0x170 build/stm32f3xx_hal_adc.o
 .debug_frame   0x00002234      0x430 build/stm32f3xx_hal_adc_ex.o
 .debug_frame   0x00002664      0xb48 build/stm32f3xx_hal_tim.o
 .debug_frame   0x000031ac      0x45c build/stm32f3xx_hal_tim_ex.o
 .debug_frame   0x00003608      0x600 build/stm32f3xx_hal_uart.o
 .debug_frame   0x00003c08      0x138 build/stm32f3xx_hal_uart_ex.o
 .debug_frame   0x00003d40       0x30 build/system_stm32f3xx.o
 .debug_frame   0x00003d70      0x1c4 build/usbd_core.o
 .debug_frame   0x00003f34      0x178 build/usbd_ctlreq.o
 .debug_frame   0x000040ac       0xb8 build/usbd_ioreq.o
 .debug_frame   0x00004164      0x160 build/usbd_cdc.o
 .debug_frame   0x000042c4       0x2c c:/program files (x86)/gnu arm embedded toolchain/10 2021.10/bin/../lib/gcc/arm-none-eabi/10.3.1/../../../../arm-none-eabi/lib/thumb/v7e-m+fp/hard\libc_nano.a(lib_a-init.o)
 .debug_frame   0x000042f0       0x20 c:/program files (x86)/gnu arm embedded toolchain/10 2021.10/bin/../lib/gcc/arm-none-eabi/10.3.1/../../../../arm-none-eabi/lib/thumb/v7e-m+fp/hard\libc_nano.a(lib_a-memset.o)
 .debug_frame   0x00004310       0x44 c:/program files (x86)/gnu arm embedded toolchain/10 2021.10/bin/../lib/gcc/arm-none-eabi/10.3.1/thumb/v7e-m+fp/hard\libgcc.a(_aeabi_ldivmod.o)
 .debug_frame   0x00004354       0x34 c:/program files (x86)/gnu arm embedded toolchain/10 2021.10/bin/../lib/gcc/arm-none-eabi/10.3.1/thumb/v7e-m+fp/hard\libgcc.a(_udivmoddi4.o)

Cross Reference Table

Symbol                                            File
ADC1_IRQHandler                                   build/stm32f3xx_it.o
AHBPrescTable                                     build/system_stm32f3xx.o
                                                  build/stm32f3xx_hal_rcc.o
APBPrescTable                                     build/system_stm32f3xx.o
                                                  build/stm32f3xx_hal_rcc.o
BusFault_Handler                                  build/stm32f3xx_it.o
CAN_RX1_IRQHandler                                build/startup_stm32f302x8.o
CAN_SCE_IRQHandler                                build/startup_stm32f302x8.o
CDC_Transmit_FS                                   build/usbd_cdc_if.o
COMP2_IRQHandler                                  build/startup_stm32f302x8.o
COMP4_6_IRQHandler                                build/startup_stm32f302x8.o
DMA1_Channel1_IRQHandler                          build/stm32f3xx_it.o
DMA1_Channel2_IRQHandler                          build/startup_stm32f302x8.o
DMA1_Channel3_IRQHandler                          build/startup_stm32f302x8.o
DMA1_Channel4_IRQHandler                          build/stm32f3xx_it.o
DMA1_Channel5_IRQHandler                          build/startup_stm32f302x8.o
DMA1_Channel6_IRQHandler                          build/startup_stm32f302x8.o
DMA1_Channel7_IRQHandler                          build/startup_stm32f302x8.o
DebugMon_Handler                                  build/stm32f3xx_it.o
Default_Handler                                   build/startup_stm32f302x8.o
EEPROM                                            build/eeprom.o
EXTI0_IRQHandler                                  build/startup_stm32f302x8.o
EXTI15_10_IRQHandler                              build/startup_stm32f302x8.o
EXTI1_IRQHandler                                  build/startup_stm32f302x8.o
EXTI2_TSC_IRQHandler                              build/startup_stm32f302x8.o
EXTI3_IRQHandler                                  build/startup_stm32f302x8.o
EXTI4_IRQHandler                                  build/startup_stm32f302x8.o
EXTI9_5_IRQHandler                                build/startup_stm32f302x8.o
Error_Handler                                     build/main.o
                                                  build/usbd_conf.o
                                                  build/usb_device.o
                                                  build/usart.o
                                                  build/tim.o
                                                  build/i2c.o
                                                  build/adc.o
FLASH_IRQHandler                                  build/startup_stm32f302x8.o
FLASH_PageErase                                   build/stm32f3xx_hal_flash_ex.o
                                                  build/stm32f3xx_hal_flash.o
FLASH_WaitForLastOperation                        build/stm32f3xx_hal_flash.o
                                                  build/stm32f3xx_hal_flash_ex.o
FPU_IRQHandler                                    build/startup_stm32f302x8.o
FS_Desc                                           build/usbd_desc.o
                                                  build/usb_device.o
HAL_ADCEx_Calibration_GetValue                    build/stm32f3xx_hal_adc_ex.o
HAL_ADCEx_Calibration_SetValue                    build/stm32f3xx_hal_adc_ex.o
HAL_ADCEx_Calibration_Start                       build/stm32f3xx_hal_adc_ex.o
HAL_ADCEx_InjectedConfigChannel                   build/stm32f3xx_hal_adc_ex.o
                                                  build/adc.o
HAL_ADCEx_InjectedConvCpltCallback                build/stm32f3xx_hal_adc_ex.o
HAL_ADCEx_InjectedGetValue                        build/stm32f3xx_hal_adc_ex.o
HAL_ADCEx_InjectedPollForConversion               build/stm32f3xx_hal_adc_ex.o
HAL_ADCEx_InjectedQueueOverflowCallback           build/stm32f3xx_hal_adc_ex.o
HAL_ADCEx_InjectedStart                           build/stm32f3xx_hal_adc_ex.o
HAL_ADCEx_InjectedStart_IT                        build/stm32f3xx_hal_adc_ex.o
HAL_ADCEx_InjectedStop                            build/stm32f3xx_hal_adc_ex.o
HAL_ADCEx_InjectedStop_IT                         build/stm32f3xx_hal_adc_ex.o
HAL_ADCEx_LevelOutOfWindow2Callback               build/stm32f3xx_hal_adc_ex.o
HAL_ADCEx_LevelOutOfWindow3Callback               build/stm32f3xx_hal_adc_ex.o
HAL_ADCEx_RegularStop                             build/stm32f3xx_hal_adc_ex.o
HAL_ADCEx_RegularStop_DMA                         build/stm32f3xx_hal_adc_ex.o
HAL_ADCEx_RegularStop_IT                          build/stm32f3xx_hal_adc_ex.o
HAL_ADC_AnalogWDGConfig                           build/stm32f3xx_hal_adc_ex.o
                                                  build/stm32f3xx_hal_adc.o
HAL_ADC_ConfigChannel                             build/stm32f3xx_hal_adc_ex.o
                                                  build/stm32f3xx_hal_adc.o
                                                  build/adc.o
HAL_ADC_ConvCpltCallback                          build/stm32f3xx_hal_adc.o
                                                  build/stm32f3xx_hal_adc_ex.o
HAL_ADC_ConvHalfCpltCallback                      build/stm32f3xx_hal_adc.o
                                                  build/stm32f3xx_hal_adc_ex.o
HAL_ADC_DeInit                                    build/stm32f3xx_hal_adc_ex.o
                                                  build/stm32f3xx_hal_adc.o
HAL_ADC_ErrorCallback                             build/stm32f3xx_hal_adc.o
                                                  build/stm32f3xx_hal_adc_ex.o
HAL_ADC_GetError                                  build/stm32f3xx_hal_adc.o
HAL_ADC_GetState                                  build/stm32f3xx_hal_adc.o
HAL_ADC_GetValue                                  build/stm32f3xx_hal_adc_ex.o
                                                  build/stm32f3xx_hal_adc.o
HAL_ADC_IRQHandler                                build/stm32f3xx_hal_adc_ex.o
                                                  build/stm32f3xx_hal_adc.o
                                                  build/stm32f3xx_it.o