Archive member included to satisfy reference by file (symbol)

C:/toolchain/arm_gnu_toolchain/bin/../lib/gcc/arm-none-eabi/13.2.1/thumb/v7e-m+fp/hard\libc_nano.a(libc_a-exit.o)
                              C:/toolchain/arm_gnu_toolchain/bin/../lib/gcc/arm-none-eabi/13.2.1/thumb/v7e-m+fp/hard/crt0.o (exit)
C:/toolchain/arm_gnu_toolchain/bin/../lib/gcc/arm-none-eabi/13.2.1/thumb/v7e-m+fp/hard\libc_nano.a(libc_a-findfp.o)
                              C:/toolchain/arm_gnu_toolchain/bin/../lib/gcc/arm-none-eabi/13.2.1/thumb/v7e-m+fp/hard\libc_nano.a(libc_a-exit.o) (__stdio_exit_handler)
C:/toolchain/arm_gnu_toolchain/bin/../lib/gcc/arm-none-eabi/13.2.1/thumb/v7e-m+fp/hard\libc_nano.a(libc_a-fwalk.o)
                              C:/toolchain/arm_gnu_toolchain/bin/../lib/gcc/arm-none-eabi/13.2.1/thumb/v7e-m+fp/hard\libc_nano.a(libc_a-findfp.o) (_fwalk_sglue)
C:/toolchain/arm_gnu_toolchain/bin/../lib/gcc/arm-none-eabi/13.2.1/thumb/v7e-m+fp/hard\libc_nano.a(libc_a-stdio.o)
                              C:/toolchain/arm_gnu_toolchain/bin/../lib/gcc/arm-none-eabi/13.2.1/thumb/v7e-m+fp/hard\libc_nano.a(libc_a-findfp.o) (__sread)
C:/toolchain/arm_gnu_toolchain/bin/../lib/gcc/arm-none-eabi/13.2.1/thumb/v7e-m+fp/hard\libc_nano.a(libc_a-memset.o)
                              C:/toolchain/arm_gnu_toolchain/bin/../lib/gcc/arm-none-eabi/13.2.1/thumb/v7e-m+fp/hard/crt0.o (memset)
C:/toolchain/arm_gnu_toolchain/bin/../lib/gcc/arm-none-eabi/13.2.1/thumb/v7e-m+fp/hard\libc_nano.a(libc_a-closer.o)
                              C:/toolchain/arm_gnu_toolchain/bin/../lib/gcc/arm-none-eabi/13.2.1/thumb/v7e-m+fp/hard\libc_nano.a(libc_a-stdio.o) (_close_r)
C:/toolchain/arm_gnu_toolchain/bin/../lib/gcc/arm-none-eabi/13.2.1/thumb/v7e-m+fp/hard\libc_nano.a(libc_a-reent.o)
                              C:/toolchain/arm_gnu_toolchain/bin/../lib/gcc/arm-none-eabi/13.2.1/thumb/v7e-m+fp/hard\libc_nano.a(libc_a-closer.o) (errno)
C:/toolchain/arm_gnu_toolchain/bin/../lib/gcc/arm-none-eabi/13.2.1/thumb/v7e-m+fp/hard\libc_nano.a(libc_a-impure.o)
                              C:/toolchain/arm_gnu_toolchain/bin/../lib/gcc/arm-none-eabi/13.2.1/thumb/v7e-m+fp/hard\libc_nano.a(libc_a-reent.o) (_impure_ptr)
C:/toolchain/arm_gnu_toolchain/bin/../lib/gcc/arm-none-eabi/13.2.1/thumb/v7e-m+fp/hard\libc_nano.a(libc_a-lseekr.o)
                              C:/toolchain/arm_gnu_toolchain/bin/../lib/gcc/arm-none-eabi/13.2.1/thumb/v7e-m+fp/hard\libc_nano.a(libc_a-stdio.o) (_lseek_r)
C:/toolchain/arm_gnu_toolchain/bin/../lib/gcc/arm-none-eabi/13.2.1/thumb/v7e-m+fp/hard\libc_nano.a(libc_a-readr.o)
                              C:/toolchain/arm_gnu_toolchain/bin/../lib/gcc/arm-none-eabi/13.2.1/thumb/v7e-m+fp/hard\libc_nano.a(libc_a-stdio.o) (_read_r)
C:/toolchain/arm_gnu_toolchain/bin/../lib/gcc/arm-none-eabi/13.2.1/thumb/v7e-m+fp/hard\libc_nano.a(libc_a-writer.o)
                              C:/toolchain/arm_gnu_toolchain/bin/../lib/gcc/arm-none-eabi/13.2.1/thumb/v7e-m+fp/hard\libc_nano.a(libc_a-stdio.o) (_write_r)
C:/toolchain/arm_gnu_toolchain/bin/../lib/gcc/arm-none-eabi/13.2.1/thumb/v7e-m+fp/hard\libc_nano.a(libc_a-errno.o)
                              build/syscalls.o (__errno)
C:/toolchain/arm_gnu_toolchain/bin/../lib/gcc/arm-none-eabi/13.2.1/thumb/v7e-m+fp/hard\libc_nano.a(libc_a-init.o)
                              C:/toolchain/arm_gnu_toolchain/bin/../lib/gcc/arm-none-eabi/13.2.1/thumb/v7e-m+fp/hard/crt0.o (__libc_init_array)
C:/toolchain/arm_gnu_toolchain/bin/../lib/gcc/arm-none-eabi/13.2.1/thumb/v7e-m+fp/hard\libc_nano.a(libc_a-lock.o)
                              C:/toolchain/arm_gnu_toolchain/bin/../lib/gcc/arm-none-eabi/13.2.1/thumb/v7e-m+fp/hard\libc_nano.a(libc_a-findfp.o) (__retarget_lock_init_recursive)
C:/toolchain/arm_gnu_toolchain/bin/../lib/gcc/arm-none-eabi/13.2.1/thumb/v7e-m+fp/hard\libc_nano.a(libc_a-strlen.o)
                              build/uart_debug.o (strlen)
C:/toolchain/arm_gnu_toolchain/bin/../lib/gcc/arm-none-eabi/13.2.1/thumb/v7e-m+fp/hard\libc_nano.a(libc_a-freer.o)
                              C:/toolchain/arm_gnu_toolchain/bin/../lib/gcc/arm-none-eabi/13.2.1/thumb/v7e-m+fp/hard\libc_nano.a(libc_a-reent.o) (_free_r)
C:/toolchain/arm_gnu_toolchain/bin/../lib/gcc/arm-none-eabi/13.2.1/thumb/v7e-m+fp/hard\libc_nano.a(libc_a-mallocr.o)
                              C:/toolchain/arm_gnu_toolchain/bin/../lib/gcc/arm-none-eabi/13.2.1/thumb/v7e-m+fp/hard\libc_nano.a(libc_a-findfp.o) (_malloc_r)
C:/toolchain/arm_gnu_toolchain/bin/../lib/gcc/arm-none-eabi/13.2.1/thumb/v7e-m+fp/hard\libc_nano.a(libc_a-mlock.o)
                              C:/toolchain/arm_gnu_toolchain/bin/../lib/gcc/arm-none-eabi/13.2.1/thumb/v7e-m+fp/hard\libc_nano.a(libc_a-freer.o) (__malloc_lock)
C:/toolchain/arm_gnu_toolchain/bin/../lib/gcc/arm-none-eabi/13.2.1/thumb/v7e-m+fp/hard\libc_nano.a(libc_a-fflush.o)
[...]
Memory Configuration

Name             Origin             Length             Attributes
RAM              0x20000000         0x00004000         xrw
FLASH            0x08000000         0x00010000         xr
*default*        0x00000000         0xffffffff

Linker script and memory map

LOAD C:/toolchain/arm_gnu_toolchain/bin/../lib/gcc/arm-none-eabi/13.2.1/thumb/v7e-m+fp/hard/crti.o
LOAD C:/toolchain/arm_gnu_toolchain/bin/../lib/gcc/arm-none-eabi/13.2.1/thumb/v7e-m+fp/hard/crtbegin.o
LOAD C:/toolchain/arm_gnu_toolchain/bin/../lib/gcc/arm-none-eabi/13.2.1/thumb/v7e-m+fp/hard/crt0.o
LOAD build/main.o
LOAD build/gpio.o
LOAD build/adc.o
LOAD build/dma.o
LOAD build/i2c.o
LOAD build/tim.o
LOAD build/usart.o
LOAD build/eeprom.o
LOAD build/encoder.o
LOAD build/global_var.o
LOAD build/Park_u_Clark.o
LOAD build/phaseEstimater.o
LOAD build/SVM.o
LOAD build/syscalls.o
LOAD build/sysmem.o
LOAD build/uart_debug.o
LOAD build/stm32f3xx_it.o
LOAD build/stm32f3xx_hal_msp.o
LOAD build/usb_device.o
LOAD build/usbd_desc.o
LOAD build/usbd_cdc_if.o
LOAD build/usbd_conf.o
LOAD build/stm32f3xx_ll_usb.o
LOAD build/stm32f3xx_hal_pcd.o
LOAD build/stm32f3xx_hal_pcd_ex.o
LOAD build/stm32f3xx_hal.o
LOAD build/stm32f3xx_hal_rcc.o
LOAD build/stm32f3xx_hal_rcc_ex.o
LOAD build/stm32f3xx_hal_gpio.o
LOAD build/stm32f3xx_hal_dma.o
LOAD build/stm32f3xx_hal_cortex.o
LOAD build/stm32f3xx_hal_pwr.o
LOAD build/stm32f3xx_hal_pwr_ex.o
LOAD build/stm32f3xx_hal_flash.o
LOAD build/stm32f3xx_hal_flash_ex.o
LOAD build/stm32f3xx_hal_i2c.o
LOAD build/stm32f3xx_hal_i2c_ex.o
LOAD build/stm32f3xx_hal_exti.o
LOAD build/stm32f3xx_hal_adc.o
LOAD build/stm32f3xx_hal_adc_ex.o
LOAD build/stm32f3xx_hal_tim.o
LOAD build/stm32f3xx_hal_tim_ex.o
LOAD build/stm32f3xx_hal_uart.o
LOAD build/stm32f3xx_hal_uart_ex.o
LOAD build/system_stm32f3xx.o
LOAD build/usbd_core.o
LOAD build/usbd_ctlreq.o
LOAD build/usbd_ioreq.o
LOAD build/usbd_cdc.o
LOAD build/startup_stm32f302x8.o
LOAD C:/toolchain/arm_gnu_toolchain/bin/../lib/gcc/arm-none-eabi/13.2.1/thumb/v7e-m+fp/hard\libc_nano.a
LOAD C:/toolchain/arm_gnu_toolchain/bin/../lib/gcc/arm-none-eabi/13.2.1/thumb/v7e-m+fp/hard\libm.a
LOAD C:/toolchain/arm_gnu_toolchain/bin/../lib/gcc/arm-none-eabi/13.2.1/thumb/v7e-m+fp/hard\libnosys.a
LOAD Middlewares/Third_Party/ARM_CMSIS/CMSIS/DSP/Lib/GCC/libarm_cortexM4lf_math.a
START GROUP
LOAD C:/toolchain/arm_gnu_toolchain/bin/../lib/gcc/arm-none-eabi/13.2.1/thumb/v7e-m+fp/hard\libgcc.a
LOAD C:/toolchain/arm_gnu_toolchain/bin/../lib/gcc/arm-none-eabi/13.2.1/thumb/v7e-m+fp/hard\libc_nano.a
END GROUP
START GROUP
LOAD C:/toolchain/arm_gnu_toolchain/bin/../lib/gcc/arm-none-eabi/13.2.1/thumb/v7e-m+fp/hard\libgcc.a
LOAD C:/toolchain/arm_gnu_toolchain/bin/../lib/gcc/arm-none-eabi/13.2.1/thumb/v7e-m+fp/hard\libc_nano.a
END GROUP
LOAD C:/toolchain/arm_gnu_toolchain/bin/../lib/gcc/arm-none-eabi/13.2.1/thumb/v7e-m+fp/hard/crtend.o
LOAD C:/toolchain/arm_gnu_toolchain/bin/../lib/gcc/arm-none-eabi/13.2.1/thumb/v7e-m+fp/hard/crtn.o
                0x20004000                        _estack = (ORIGIN (RAM) + LENGTH (RAM))
                0x00000200                        _Min_Heap_Size = 0x200
                0x00000400                        _Min_Stack_Size = 0x400

.isr_vector     0x08000000      0x188
                0x08000000                        . = ALIGN (0x4)
 *(.isr_vector)
 .isr_vector    0x08000000      0x188 build/startup_stm32f302x8.o
                0x08000000                g_pfnVectors
                0x08000188                        . = ALIGN (0x4)

.text           0x08000188     0x7d90
                0x08000188                        . = ALIGN (0x4)
 *(.text)
 .text          0x08000188       0xa0 C:/toolchain/arm_gnu_toolchain/bin/../lib/gcc/arm-none-eabi/13.2.1/thumb/v7e-m+fp/hard\libgcc.a(_aeabi_ldivmod.o)
                0x08000188                __aeabi_ldivmod
 .text          0x08000228        0x4 C:/toolchain/arm_gnu_toolchain/bin/../lib/gcc/arm-none-eabi/13.2.1/thumb/v7e-m+fp/hard\libgcc.a(_dvmd_tls.o)
                0x08000228                __aeabi_idiv0
                0x08000228                __aeabi_ldiv0
 *(.text*)
 .text.deregister_tm_clones
                0x0800022c       0x1c C:/toolchain/arm_gnu_toolchain/bin/../lib/gcc/arm-none-eabi/13.2.1/thumb/v7e-m+fp/hard/crtbegin.o
 .text.register_tm_clones
                0x08000248       0x24 C:/toolchain/arm_gnu_toolchain/bin/../lib/gcc/arm-none-eabi/13.2.1/thumb/v7e-m+fp/hard/crtbegin.o
 .text.__do_global_dtors_aux
                0x0800026c       0x28 C:/toolchain/arm_gnu_toolchain/bin/../lib/gcc/arm-none-eabi/13.2.1/thumb/v7e-m+fp/hard/crtbegin.o
 .text.frame_dummy
                0x08000294       0x24 C:/toolchain/arm_gnu_toolchain/bin/../lib/gcc/arm-none-eabi/13.2.1/thumb/v7e-m+fp/hard/crtbegin.o
 .text.PI_control
                0x080002b8        0x6 build/main.o
                0x080002b8                PI_control
 *fill*         0x080002be        0x2 
 .text.Error_Handler
                0x080002c0       0x18 build/main.o
                0x080002c0                Error_Handler
 .text.SystemClock_Config
                0x080002d8       0x9c build/main.o
                0x080002d8                SystemClock_Config
 .text.main     0x08000374       0xf4 build/main.o
                0x08000374                main
 .text.MX_GPIO_Init
                0x08000468       0x9c build/gpio.o
                0x08000468                MX_GPIO_Init
 .text.MX_ADC1_Init
                0x08000504       0xf4 build/adc.o
                0x08000504                MX_ADC1_Init
 .text.HAL_ADC_MspInit
                0x080005f8       0xd4 build/adc.o
                0x080005f8                HAL_ADC_MspInit
 .text.MX_DMA_Init
                0x080006cc       0x44 build/dma.o
                0x080006cc                MX_DMA_Init
 .text.MX_I2C1_Init
                0x08000710       0x58 build/i2c.o
                0x08000710                MX_I2C1_Init
 .text.HAL_I2C_MspInit
                0x08000768       0x6c build/i2c.o
                0x08000768                HAL_I2C_MspInit
 .text.MX_TIM6_Init
                0x080007d4       0x50 build/tim.o
                0x080007d4                MX_TIM6_Init
 .text.MX_TIM15_Init
                0x08000824       0x70 build/tim.o
                0x08000824                MX_TIM15_Init
 .text.HAL_TIM_Base_MspInit
                0x08000894       0xa0 build/tim.o
                0x08000894                HAL_TIM_Base_MspInit
 .text.HAL_TIM_MspPostInit
                0x08000934       0x98 build/tim.o
                0x08000934                HAL_TIM_MspPostInit
 .text.MX_TIM1_Init
                0x080009cc      0x130 build/tim.o
                0x080009cc                MX_TIM1_Init
 .text.MX_USART1_UART_Init
                0x08000afc       0x38 build/usart.o
                0x08000afc                MX_USART1_UART_Init
 .text.HAL_UART_MspInit
                0x08000b34       0xac build/usart.o
                0x08000b34                HAL_UART_MspInit
 .text.readEncoder
                0x08000be0      0x144 build/encoder.o
                0x08000be0                readEncoder
 .text.sin_from_table
                0x08000d24       0x68 build/Park_u_Clark.o
                0x08000d24                sin_from_table
 .text.cos_from_table
                0x08000d8c       0x70 build/Park_u_Clark.o
                0x08000d8c                cos_from_table
 .text.transform_to_Clark_domain
                0x08000dfc       0x20 build/Park_u_Clark.o
                0x08000dfc                transform_to_Clark_domain
 .text.transform_to_Park_domain
                0x08000e1c       0x3e build/Park_u_Clark.o
                0x08000e1c                transform_to_Park_domain
 *fill*         0x08000e5a        0x2 
 .text.init_phase_estimater
                0x08000e5c       0x3c build/phaseEstimater.o
                0x08000e5c                init_phase_estimater
 .text.initialize_Hallsensor_phase_estimator
                0x08000e98      0x324 build/phaseEstimater.o
                0x08000e98                initialize_Hallsensor_phase_estimator
 .text.estimate_rotor_phase
                0x080011bc      0x370 build/phaseEstimater.o
                0x080011bc                estimate_rotor_phase
 .text.initSVM  0x0800152c       0x84 build/SVM.o
                0x0800152c                initSVM
 .text.HAL_TIM_PeriodElapsedCallback
                0x080015b0       0x78 build/SVM.o
                0x080015b0                HAL_TIM_PeriodElapsedCallback
 .text.setVoltageVector
                0x08001628      0x144 build/SVM.o
                0x08001628                setVoltageVector
 .text.NMI_Handler
                0x0800176c        0x2 build/stm32f3xx_it.o
                0x0800176c                NMI_Handler
 *fill*         0x0800176e        0x2 
 .text.HardFault_Handler
                0x08001770       0x18 build/stm32f3xx_it.o
                0x08001770                HardFault_Handler
 .text.MemManage_Handler
                0x08001788        0x2 build/stm32f3xx_it.o
                0x08001788                MemManage_Handler
 .text.BusFault_Handler
                0x0800178a        0x2 build/stm32f3xx_it.o
                0x0800178a                BusFault_Handler
 .text.UsageFault_Handler
                0x0800178c        0x2 build/stm32f3xx_it.o
                0x0800178c                UsageFault_Handler
 .text.SVC_Handler
                0x0800178e        0x2 build/stm32f3xx_it.o
                0x0800178e                SVC_Handler
 .text.DebugMon_Handler
                0x08001790        0x2 build/stm32f3xx_it.o
                0x08001790                DebugMon_Handler
 .text.PendSV_Handler
                0x08001792        0x2 build/stm32f3xx_it.o
                0x08001792                PendSV_Handler
 .text.SysTick_Handler
                0x08001794        0x8 build/stm32f3xx_it.o
                0x08001794                SysTick_Handler
 .text.DMA1_Channel1_IRQHandler
                0x0800179c       0x10 build/stm32f3xx_it.o
                0x0800179c                DMA1_Channel1_IRQHandler
 .text.DMA1_Channel4_IRQHandler
                0x080017ac       0x10 build/stm32f3xx_it.o
                0x080017ac                DMA1_Channel4_IRQHandler
 .text.ADC1_IRQHandler
                0x080017bc       0x10 build/stm32f3xx_it.o
                0x080017bc                ADC1_IRQHandler
 .text.TIM1_BRK_TIM15_IRQHandler
                0x080017cc       0x18 build/stm32f3xx_it.o
                0x080017cc                TIM1_BRK_TIM15_IRQHandler
 .text.TIM1_UP_TIM16_IRQHandler
                0x080017e4       0x10 build/stm32f3xx_it.o
                0x080017e4                TIM1_UP_TIM16_IRQHandler
 .text.USART1_IRQHandler
                0x080017f4       0x10 build/stm32f3xx_it.o
                0x080017f4                USART1_IRQHandler
 .text.USB_LP_IRQHandler
                0x08001804       0x10 build/stm32f3xx_it.o
                0x08001804                USB_LP_IRQHandler
 .text.HAL_MspInit
                0x08001814       0x30 build/stm32f3xx_hal_msp.o
                0x08001814                HAL_MspInit
 .text.MX_USB_DEVICE_Init
                0x08001844       0x54 build/usb_device.o
                0x08001844                MX_USB_DEVICE_Init
 .text.USBD_FS_DeviceDescriptor
                0x08001898        0xc build/usbd_desc.o
                0x08001898                USBD_FS_DeviceDescriptor
 .text.USBD_FS_LangIDStrDescriptor
                0x080018a4        0xc build/usbd_desc.o
                0x080018a4                USBD_FS_LangIDStrDescriptor
 .text.IntToUnicode
                0x080018b0       0x46 build/usbd_desc.o
 *fill*         0x080018f6        0x2 
 .text.Get_SerialNum
                0x080018f8       0x38 build/usbd_desc.o
 .text.USBD_FS_SerialStrDescriptor
                0x08001930       0x14 build/usbd_desc.o
                0x08001930                USBD_FS_SerialStrDescriptor
 .text.USBD_FS_ProductStrDescriptor
                0x08001944       0x24 build/usbd_desc.o
                0x08001944                USBD_FS_ProductStrDescriptor
 .text.USBD_FS_ManufacturerStrDescriptor
                0x08001968       0x1c build/usbd_desc.o
                0x08001968                USBD_FS_ManufacturerStrDescriptor
 .text.USBD_FS_ConfigStrDescriptor
                0x08001984       0x24 build/usbd_desc.o
                0x08001984                USBD_FS_ConfigStrDescriptor
 .text.USBD_FS_InterfaceStrDescriptor
                0x080019a8       0x24 build/usbd_desc.o
                0x080019a8                USBD_FS_InterfaceStrDescriptor
 .text.CDC_DeInit_FS
                0x080019cc        0x4 build/usbd_cdc_if.o
 .text.CDC_Control_FS
                0x080019d0        0x4 build/usbd_cdc_if.o
 .text.CDC_Receive_FS
                0x080019d4       0x1c build/usbd_cdc_if.o
 .text.CDC_Init_FS
                0x080019f0       0x28 build/usbd_cdc_if.o
 .text.USBD_Get_USB_Status
                0x08001a18       0x14 build/usbd_conf.o
 .text.HAL_PCD_MspInit
                0x08001a2c       0x4c build/usbd_conf.o
                0x08001a2c                HAL_PCD_MspInit
 .text.HAL_PCD_SetupStageCallback
                0x08001a78       0x10 build/usbd_conf.o
                0x08001a78                HAL_PCD_SetupStageCallback
 .text.HAL_PCD_DataOutStageCallback
                0x08001a88       0x18 build/usbd_conf.o
                0x08001a88                HAL_PCD_DataOutStageCallback
 .text.HAL_PCD_DataInStageCallback
                0x08001aa0       0x16 build/usbd_conf.o
                0x08001aa0                HAL_PCD_DataInStageCallback
 .text.HAL_PCD_SOFCallback
                0x08001ab6        0xc build/usbd_conf.o
                0x08001ab6                HAL_PCD_SOFCallback
 .text.HAL_PCD_ResetCallback
                0x08001ac2       0x24 build/usbd_conf.o
                0x08001ac2                HAL_PCD_ResetCallback
 *fill*         0x08001ae6        0x2 
 .text.HAL_PCD_SuspendCallback
                0x08001ae8       0x20 build/usbd_conf.o
                0x08001ae8                HAL_PCD_SuspendCallback
 .text.HAL_PCD_ResumeCallback
                0x08001b08        0xc build/usbd_conf.o
                0x08001b08                HAL_PCD_ResumeCallback
 .text.USBD_LL_Init
                0x08001b14       0x84 build/usbd_conf.o
                0x08001b14                USBD_LL_Init
 .text.USBD_LL_Start
                0x08001b98       0x10 build/usbd_conf.o
                0x08001b98                USBD_LL_Start
 .text.USBD_LL_OpenEP
                0x08001ba8       0x16 build/usbd_conf.o
                0x08001ba8                USBD_LL_OpenEP
 .text.USBD_LL_CloseEP
                0x08001bbe       0x10 build/usbd_conf.o
                0x08001bbe                USBD_LL_CloseEP
 .text.USBD_LL_StallEP
                0x08001bce       0x10 build/usbd_conf.o
                0x08001bce                USBD_LL_StallEP
 .text.USBD_LL_ClearStallEP
                0x08001bde       0x10 build/usbd_conf.o
                0x08001bde                USBD_LL_ClearStallEP
 .text.USBD_LL_IsStallEP
                0x08001bee       0x2e build/usbd_conf.o
                0x08001bee                USBD_LL_IsStallEP
 .text.USBD_LL_SetUSBAddress
                0x08001c1c       0x10 build/usbd_conf.o
                0x08001c1c                USBD_LL_SetUSBAddress
 .text.USBD_LL_Transmit
                0x08001c2c       0x10 build/usbd_conf.o
                0x08001c2c                USBD_LL_Transmit
 .text.USBD_LL_PrepareReceive
                0x08001c3c       0x10 build/usbd_conf.o
                0x08001c3c                USBD_LL_PrepareReceive
 .text.USBD_LL_GetRxDataSize
                0x08001c4c        0xc build/usbd_conf.o
                0x08001c4c                USBD_LL_GetRxDataSize
 .text.USBD_static_malloc
                0x08001c58        0x8 build/usbd_conf.o
                0x08001c58                USBD_static_malloc
 .text.USBD_static_free
                0x08001c60        0x2 build/usbd_conf.o
                0x08001c60                USBD_static_free
 .text.HAL_PCDEx_SetConnectionState
                0x08001c62        0x2 build/usbd_conf.o
                0x08001c62                HAL_PCDEx_SetConnectionState
 .text.USB_EnableGlobalInt
                0x08001c64       0x12 build/stm32f3xx_ll_usb.o
                0x08001c64                USB_EnableGlobalInt
 .text.USB_DisableGlobalInt
                0x08001c76       0x14 build/stm32f3xx_ll_usb.o
                0x08001c76                USB_DisableGlobalInt
 .text.USB_DevInit
                0x08001c8a       0x22 build/stm32f3xx_ll_usb.o
                0x08001c8a                USB_DevInit
 .text.USB_ActivateEndpoint
                0x08001cac      0x3ca build/stm32f3xx_ll_usb.o
                0x08001cac                USB_ActivateEndpoint
 .text.USB_DeactivateEndpoint
                0x08002076      0x1d6 build/stm32f3xx_ll_usb.o
                0x08002076                USB_DeactivateEndpoint
 .text.USB_EPSetStall
                0x0800224c       0x4a build/stm32f3xx_ll_usb.o
                0x0800224c                USB_EPSetStall
 .text.USB_EPClearStall
                0x08002296       0xa2 build/stm32f3xx_ll_usb.o
                0x08002296                USB_EPClearStall
 .text.USB_SetDevAddress
                0x08002338        0xc build/stm32f3xx_ll_usb.o
                0x08002338                USB_SetDevAddress
 .text.USB_DevConnect
                0x08002344        0x4 build/stm32f3xx_ll_usb.o
                0x08002344                USB_DevConnect
 .text.USB_ReadInterrupts
                0x08002348        0x8 build/stm32f3xx_ll_usb.o
                0x08002348                USB_ReadInterrupts
 .text.USB_WritePMA
                0x08002350       0x24 build/stm32f3xx_ll_usb.o
                0x08002350                USB_WritePMA
 .text.USB_EPStartXfer
                0x08002374      0x7ce build/stm32f3xx_ll_usb.o
                0x08002374                USB_EPStartXfer
 .text.USB_ReadPMA
                0x08002b42       0x30 build/stm32f3xx_ll_usb.o
                0x08002b42                USB_ReadPMA
 .text.HAL_PCD_EP_DB_Receive
                0x08002b72      0x118 build/stm32f3xx_hal_pcd.o
 .text.HAL_PCD_Init
                0x08002c8a       0xca build/stm32f3xx_hal_pcd.o
                0x08002c8a                HAL_PCD_Init
 .text.HAL_PCD_Start
                0x08002d54       0x32 build/stm32f3xx_hal_pcd.o
                0x08002d54                HAL_PCD_Start
 .text.HAL_PCD_EP_DB_Transmit
                0x08002d86      0x414 build/stm32f3xx_hal_pcd.o
 .text.PCD_EP_ISR_Handler
                0x0800319a      0x520 build/stm32f3xx_hal_pcd.o
 .text.HAL_PCD_SetAddress
                0x080036ba       0x28 build/stm32f3xx_hal_pcd.o
                0x080036ba                HAL_PCD_SetAddress
 .text.HAL_PCD_IRQHandler
                0x080036e2      0x132 build/stm32f3xx_hal_pcd.o
                0x080036e2                HAL_PCD_IRQHandler
 .text.HAL_PCD_EP_Open
                0x08003814       0x7c build/stm32f3xx_hal_pcd.o
                0x08003814                HAL_PCD_EP_Open
 .text.HAL_PCD_EP_Close
                0x08003890       0x64 build/stm32f3xx_hal_pcd.o
                0x08003890                HAL_PCD_EP_Close
 .text.HAL_PCD_EP_Receive
                0x080038f4       0x3a build/stm32f3xx_hal_pcd.o
                0x080038f4                HAL_PCD_EP_Receive
 .text.HAL_PCD_EP_GetRxCount
                0x0800392e       0x12 build/stm32f3xx_hal_pcd.o
                0x0800392e                HAL_PCD_EP_GetRxCount
 .text.HAL_PCD_EP_Transmit
                0x08003940       0x44 build/stm32f3xx_hal_pcd.o
                0x08003940                HAL_PCD_EP_Transmit
 .text.HAL_PCD_EP_SetStall
                0x08003984       0x6a build/stm32f3xx_hal_pcd.o
                0x08003984                HAL_PCD_EP_SetStall
 .text.HAL_PCD_EP_ClrStall
                0x080039ee       0x76 build/stm32f3xx_hal_pcd.o
                0x080039ee                HAL_PCD_EP_ClrStall
 .text.HAL_PCDEx_PMAConfig
                0x08003a64       0x38 build/stm32f3xx_hal_pcd_ex.o
                0x08003a64                HAL_PCDEx_PMAConfig
 .text.HAL_InitTick
                0x08003a9c       0x4c build/stm32f3xx_hal.o
                0x08003a9c                HAL_InitTick
 .text.HAL_Init
                0x08003ae8       0x24 build/stm32f3xx_hal.o
                0x08003ae8                HAL_Init
 .text.HAL_IncTick
                0x08003b0c       0x18 build/stm32f3xx_hal.o
                0x08003b0c                HAL_IncTick
 .text.HAL_GetTick
                0x08003b24        0xc build/stm32f3xx_hal.o
                0x08003b24                HAL_GetTick
 .text.HAL_Delay
                0x08003b30       0x28 build/stm32f3xx_hal.o
                0x08003b30                HAL_Delay
 .text.HAL_RCC_OscConfig
                0x08003b58      0x630 build/stm32f3xx_hal_rcc.o
                0x08003b58                HAL_RCC_OscConfig
 .text.HAL_RCC_GetSysClockFreq
                0x08004188       0x70 build/stm32f3xx_hal_rcc.o
                0x08004188                HAL_RCC_GetSysClockFreq
 .text.HAL_RCC_ClockConfig
                0x080041f8      0x1a8 build/stm32f3xx_hal_rcc.o
                0x080041f8                HAL_RCC_ClockConfig
 .text.HAL_RCC_GetHCLKFreq
                0x080043a0        0xc build/stm32f3xx_hal_rcc.o
                0x080043a0                HAL_RCC_GetHCLKFreq
 .text.HAL_RCC_GetPCLK1Freq
                0x080043ac       0x2c build/stm32f3xx_hal_rcc.o
                0x080043ac                HAL_RCC_GetPCLK1Freq
 .text.HAL_RCC_GetPCLK2Freq
                0x080043d8       0x2c build/stm32f3xx_hal_rcc.o
                0x080043d8                HAL_RCC_GetPCLK2Freq
 .text.HAL_RCCEx_PeriphCLKConfig
                0x08004404      0x234 build/stm32f3xx_hal_rcc_ex.o
                0x08004404                HAL_RCCEx_PeriphCLKConfig
 .text.HAL_GPIO_Init
                0x08004638      0x1bc build/stm32f3xx_hal_gpio.o
                0x08004638                HAL_GPIO_Init
 .text.HAL_GPIO_ReadPin
                0x080047f4        0xe build/stm32f3xx_hal_gpio.o
                0x080047f4                HAL_GPIO_ReadPin
 .text.HAL_GPIO_WritePin
                0x08004802        0xa build/stm32f3xx_hal_gpio.o
                0x08004802                HAL_GPIO_WritePin
 .text.HAL_GPIO_TogglePin
                0x0800480c       0x12 build/stm32f3xx_hal_gpio.o
                0x0800480c                HAL_GPIO_TogglePin
 .text.DMA_SetConfig
                0x0800481e       0x2c build/stm32f3xx_hal_dma.o
 *fill*         0x0800484a        0x2 
 .text.DMA_CalcBaseAndBitshift
                0x0800484c       0x24 build/stm32f3xx_hal_dma.o
 .text.HAL_DMA_Init
                0x08004870       0x4c build/stm32f3xx_hal_dma.o
                0x08004870                HAL_DMA_Init
 .text.HAL_DMA_Start_IT
                0x080048bc       0x74 build/stm32f3xx_hal_dma.o
                0x080048bc                HAL_DMA_Start_IT
 .text.HAL_DMA_Abort
                0x08004930       0x44 build/stm32f3xx_hal_dma.o
                0x08004930                HAL_DMA_Abort
 .text.HAL_DMA_Abort_IT
                0x08004974       0x4a build/stm32f3xx_hal_dma.o
                0x08004974                HAL_DMA_Abort_IT
 .text.HAL_DMA_IRQHandler
                0x080049be       0xb2 build/stm32f3xx_hal_dma.o
                0x080049be                HAL_DMA_IRQHandler
 .text.__NVIC_SetPriority
                0x08004a70       0x28 build/stm32f3xx_hal_cortex.o
 .text.NVIC_EncodePriority
                0x08004a98       0x3e build/stm32f3xx_hal_cortex.o
 *fill*         0x08004ad6        0x2 
 .text.HAL_NVIC_SetPriorityGrouping
                0x08004ad8       0x24 build/stm32f3xx_hal_cortex.o
                0x08004ad8                HAL_NVIC_SetPriorityGrouping
 .text.HAL_NVIC_SetPriority
                0x08004afc       0x20 build/stm32f3xx_hal_cortex.o
                0x08004afc                HAL_NVIC_SetPriority
 .text.HAL_NVIC_EnableIRQ
                0x08004b1c       0x1c build/stm32f3xx_hal_cortex.o
                0x08004b1c                HAL_NVIC_EnableIRQ
 .text.HAL_SYSTICK_Config
                0x08004b38       0x28 build/stm32f3xx_hal_cortex.o
                0x08004b38                HAL_SYSTICK_Config
 .text.HAL_I2C_Init
                0x08004b60       0xbc build/stm32f3xx_hal_i2c.o
                0x08004b60                HAL_I2C_Init
 .text.HAL_I2CEx_ConfigAnalogFilter
                0x08004c1c       0x5c build/stm32f3xx_hal_i2c_ex.o
                0x08004c1c                HAL_I2CEx_ConfigAnalogFilter
 .text.HAL_I2CEx_ConfigDigitalFilter
                0x08004c78       0x58 build/stm32f3xx_hal_i2c_ex.o
                0x08004c78                HAL_I2CEx_ConfigDigitalFilter
 .text.HAL_ADC_ConvCpltCallback
                0x08004cd0        0x2 build/stm32f3xx_hal_adc.o
                0x08004cd0                HAL_ADC_ConvCpltCallback
 .text.HAL_ADC_ConvHalfCpltCallback
                0x08004cd2        0x2 build/stm32f3xx_hal_adc.o
                0x08004cd2                HAL_ADC_ConvHalfCpltCallback
 .text.HAL_ADC_LevelOutOfWindowCallback
                0x08004cd4        0x2 build/stm32f3xx_hal_adc.o
                0x08004cd4                HAL_ADC_LevelOutOfWindowCallback
 .text.HAL_ADC_ErrorCallback
                0x08004cd6        0x2 build/stm32f3xx_hal_adc.o
                0x08004cd6                HAL_ADC_ErrorCallback
 .text.ADC_Disable
                0x08004cd8       0x88 build/stm32f3xx_hal_adc_ex.o
 .text.ADC_Enable
                0x08004d60       0x80 build/stm32f3xx_hal_adc_ex.o
 .text.ADC_DMAError
                0x08004de0       0x1a build/stm32f3xx_hal_adc_ex.o
 .text.ADC_DMAHalfConvCplt
                0x08004dfa        0xa build/stm32f3xx_hal_adc_ex.o
 .text.ADC_DMAConvCplt
                0x08004e04       0x4a build/stm32f3xx_hal_adc_ex.o
 *fill*         0x08004e4e        0x2 
 .text.HAL_ADC_Init
                0x08004e50      0x1e4 build/stm32f3xx_hal_adc_ex.o
                0x08004e50                HAL_ADC_Init
 .text.HAL_ADC_Start_DMA
                0x08005034       0xd8 build/stm32f3xx_hal_adc_ex.o
                0x08005034                HAL_ADC_Start_DMA
 .text.HAL_ADCEx_InjectedConvCpltCallback
                0x0800510c        0x2 build/stm32f3xx_hal_adc_ex.o
                0x0800510c                HAL_ADCEx_InjectedConvCpltCallback
 .text.HAL_ADCEx_InjectedQueueOverflowCallback
                0x0800510e        0x2 build/stm32f3xx_hal_adc_ex.o
                0x0800510e                HAL_ADCEx_InjectedQueueOverflowCallback
 .text.HAL_ADCEx_LevelOutOfWindow2Callback
                0x08005110        0x2 build/stm32f3xx_hal_adc_ex.o
                0x08005110                HAL_ADCEx_LevelOutOfWindow2Callback
 .text.HAL_ADCEx_LevelOutOfWindow3Callback
                0x08005112        0x2 build/stm32f3xx_hal_adc_ex.o
                0x08005112                HAL_ADCEx_LevelOutOfWindow3Callback
 .text.HAL_ADC_IRQHandler
                0x08005114      0x20c build/stm32f3xx_hal_adc_ex.o
                0x08005114                HAL_ADC_IRQHandler
 .text.HAL_ADC_ConfigChannel
                0x08005320      0x344 build/stm32f3xx_hal_adc_ex.o
                0x08005320                HAL_ADC_ConfigChannel
 .text.HAL_ADCEx_InjectedConfigChannel
                0x08005664      0x3d8 build/stm32f3xx_hal_adc_ex.o
                0x08005664                HAL_ADCEx_InjectedConfigChannel
 .text.TIM_OC1_SetConfig
                0x08005a3c       0x8c build/stm32f3xx_hal_tim.o
 .text.TIM_OC3_SetConfig
                0x08005ac8       0x7c build/stm32f3xx_hal_tim.o
 .text.TIM_OC4_SetConfig
                0x08005b44       0x64 build/stm32f3xx_hal_tim.o
 .text.TIM_OC5_SetConfig
                0x08005ba8       0x60 build/stm32f3xx_hal_tim.o
 .text.TIM_OC6_SetConfig
                0x08005c08       0x64 build/stm32f3xx_hal_tim.o
 .text.TIM_TI1_ConfigInputStage
                0x08005c6c       0x26 build/stm32f3xx_hal_tim.o
 .text.TIM_TI2_ConfigInputStage
                0x08005c92       0x28 build/stm32f3xx_hal_tim.o
 .text.TIM_ITRx_SetConfig
                0x08005cba       0x10 build/stm32f3xx_hal_tim.o
 .text.HAL_TIM_PWM_MspInit
                0x08005cca        0x2 build/stm32f3xx_hal_tim.o
                0x08005cca                HAL_TIM_PWM_MspInit
 .text.HAL_TIM_OC_DelayElapsedCallback
                0x08005ccc        0x2 build/stm32f3xx_hal_tim.o
                0x08005ccc                HAL_TIM_OC_DelayElapsedCallback
 .text.HAL_TIM_IC_CaptureCallback
                0x08005cce        0x2 build/stm32f3xx_hal_tim.o
                0x08005cce                HAL_TIM_IC_CaptureCallback
 .text.HAL_TIM_PWM_PulseFinishedCallback
                0x08005cd0        0x2 build/stm32f3xx_hal_tim.o
                0x08005cd0                HAL_TIM_PWM_PulseFinishedCallback
 .text.HAL_TIM_TriggerCallback
                0x08005cd2        0x2 build/stm32f3xx_hal_tim.o
                0x08005cd2                HAL_TIM_TriggerCallback
 .text.HAL_TIM_IRQHandler
                0x08005cd4      0x19a build/stm32f3xx_hal_tim.o
                0x08005cd4                HAL_TIM_IRQHandler
 *fill*         0x08005e6e        0x2 
 .text.TIM_Base_SetConfig
                0x08005e70       0x80 build/stm32f3xx_hal_tim.o
                0x08005e70                TIM_Base_SetConfig
 .text.HAL_TIM_Base_Init
                0x08005ef0       0x60 build/stm32f3xx_hal_tim.o
                0x08005ef0                HAL_TIM_Base_Init
 .text.HAL_TIM_PWM_Init
                0x08005f50       0x60 build/stm32f3xx_hal_tim.o
                0x08005f50                HAL_TIM_PWM_Init
 .text.TIM_OC2_SetConfig
                0x08005fb0       0x7c build/stm32f3xx_hal_tim.o
                0x08005fb0                TIM_OC2_SetConfig
 .text.HAL_TIM_PWM_ConfigChannel
                0x0800602c      0x13a build/stm32f3xx_hal_tim.o
                0x0800602c                HAL_TIM_PWM_ConfigChannel
 .text.TIM_ETR_SetConfig
                0x08006166       0x1a build/stm32f3xx_hal_tim.o
                0x08006166                TIM_ETR_SetConfig
 .text.HAL_TIM_ConfigClockSource
                0x08006180      0x100 build/stm32f3xx_hal_tim.o
                0x08006180                HAL_TIM_ConfigClockSource
 .text.TIM_CCxChannelCmd
                0x08006280       0x1e build/stm32f3xx_hal_tim.o
                0x08006280                TIM_CCxChannelCmd
 *fill*         0x0800629e        0x2 
 .text.HAL_TIM_PWM_Start
                0x080062a0      0x140 build/stm32f3xx_hal_tim.o
                0x080062a0                HAL_TIM_PWM_Start
 .text.HAL_TIM_PWM_Start_IT
                0x080063e0      0x1ac build/stm32f3xx_hal_tim.o
                0x080063e0                HAL_TIM_PWM_Start_IT
 .text.TIM_CCxNChannelCmd
                0x0800658c       0x1e build/stm32f3xx_hal_tim_ex.o
 *fill*         0x080065aa        0x2 
 .text.HAL_TIMEx_PWMN_Start
                0x080065ac       0xdc build/stm32f3xx_hal_tim_ex.o
                0x080065ac                HAL_TIMEx_PWMN_Start
 .text.HAL_TIMEx_MasterConfigSynchronization
                0x08006688       0x70 build/stm32f3xx_hal_tim_ex.o
                0x08006688                HAL_TIMEx_MasterConfigSynchronization
 .text.HAL_TIMEx_ConfigBreakDeadTime
                0x080066f8       0x88 build/stm32f3xx_hal_tim_ex.o
                0x080066f8                HAL_TIMEx_ConfigBreakDeadTime
 .text.HAL_TIMEx_CommutCallback
                0x08006780        0x2 build/stm32f3xx_hal_tim_ex.o
                0x08006780                HAL_TIMEx_CommutCallback
 .text.HAL_TIMEx_BreakCallback
                0x08006782        0x2 build/stm32f3xx_hal_tim_ex.o
                0x08006782                HAL_TIMEx_BreakCallback
 .text.HAL_TIMEx_Break2Callback
                0x08006784        0x2 build/stm32f3xx_hal_tim_ex.o
                0x08006784                HAL_TIMEx_Break2Callback
 .text.UART_EndRxTransfer
                0x08006786       0x52 build/stm32f3xx_hal_uart.o
 .text.HAL_UART_TxCpltCallback
                0x080067d8        0x2 build/stm32f3xx_hal_uart.o
                0x080067d8                HAL_UART_TxCpltCallback
 .text.UART_EndTransmit_IT
                0x080067da       0x22 build/stm32f3xx_hal_uart.o
 .text.HAL_UART_ErrorCallback
                0x080067fc        0x2 build/stm32f3xx_hal_uart.o
                0x080067fc                HAL_UART_ErrorCallback
 .text.UART_DMAAbortOnError
                0x080067fe       0x14 build/stm32f3xx_hal_uart.o
 .text.HAL_UARTEx_RxEventCallback
                0x08006812        0x2 build/stm32f3xx_hal_uart.o
                0x08006812                HAL_UARTEx_RxEventCallback
 .text.HAL_UART_IRQHandler
                0x08006814      0x2e8 build/stm32f3xx_hal_uart.o
                0x08006814                HAL_UART_IRQHandler
 .text.UART_SetConfig
                0x08006afc      0x164 build/stm32f3xx_hal_uart.o
                0x08006afc                UART_SetConfig
 .text.UART_AdvFeatureConfig
                0x08006c60       0xca build/stm32f3xx_hal_uart.o
                0x08006c60                UART_AdvFeatureConfig
 .text.UART_WaitOnFlagUntilTimeout
                0x08006d2a       0x96 build/stm32f3xx_hal_uart.o
                0x08006d2a                UART_WaitOnFlagUntilTimeout
 .text.UART_CheckIdleState
                0x08006dc0       0xc6 build/stm32f3xx_hal_uart.o
                0x08006dc0                UART_CheckIdleState
 .text.HAL_UART_Init
                0x08006e86       0x62 build/stm32f3xx_hal_uart.o
                0x08006e86                HAL_UART_Init
 .text.HAL_UARTEx_WakeupCallback
                0x08006ee8        0x2 build/stm32f3xx_hal_uart_ex.o
                0x08006ee8                HAL_UARTEx_WakeupCallback
 *fill*         0x08006eea        0x2 
 .text.SystemInit
                0x08006eec       0x14 build/system_stm32f3xx.o
                0x08006eec                SystemInit
 .text.USBD_Init
                0x08006f00       0x2e build/usbd_core.o
                0x08006f00                USBD_Init
 .text.USBD_RegisterClass
                0x08006f2e        0xe build/usbd_core.o
                0x08006f2e                USBD_RegisterClass
 .text.USBD_Start
                0x08006f3c        0xa build/usbd_core.o
                0x08006f3c                USBD_Start
 .text.USBD_SetClassConfig
                0x08006f46       0x18 build/usbd_core.o
                0x08006f46                USBD_SetClassConfig
 .text.USBD_ClrClassConfig
                0x08006f5e        0xe build/usbd_core.o
                0x08006f5e                USBD_ClrClassConfig
 .text.USBD_LL_SetupStage
                0x08006f6c       0x5a build/usbd_core.o
                0x08006f6c                USBD_LL_SetupStage
 .text.USBD_LL_DataOutStage
                0x08006fc6       0x8c build/usbd_core.o
                0x08006fc6                USBD_LL_DataOutStage
 .text.USBD_LL_DataInStage
                0x08007052       0xd0 build/usbd_core.o
                0x08007052                USBD_LL_DataInStage
 .text.USBD_LL_Reset
                0x08007122       0x50 build/usbd_core.o
                0x08007122                USBD_LL_Reset
 .text.USBD_LL_SetSpeed
                0x08007172        0x6 build/usbd_core.o
                0x08007172                USBD_LL_SetSpeed
 .text.USBD_LL_Suspend
                0x08007178       0x12 build/usbd_core.o
                0x08007178                USBD_LL_Suspend
 .text.USBD_LL_Resume
                0x0800718a       0x16 build/usbd_core.o
                0x0800718a                USBD_LL_Resume
 .text.USBD_LL_SOF
                0x080071a0       0x1c build/usbd_core.o
                0x080071a0                USBD_LL_SOF
 .text.USBD_GetLen
                0x080071bc       0x14 build/usbd_ctlreq.o
 .text.USBD_SetFeature
                0x080071d0       0x14 build/usbd_ctlreq.o
 .text.USBD_ParseSetupRequest
                0x080071e4       0x28 build/usbd_ctlreq.o
                0x080071e4                USBD_ParseSetupRequest
 .text.USBD_CtlError
                0x0800720c       0x14 build/usbd_ctlreq.o
                0x0800720c                USBD_CtlError
 .text.USBD_GetDescriptor
                0x08007220      0x186 build/usbd_ctlreq.o
 .text.USBD_SetAddress
                0x080073a6       0x4e build/usbd_ctlreq.o
 .text.USBD_SetConfig
                0x080073f4       0xb0 build/usbd_ctlreq.o
 .text.USBD_GetConfig
                0x080074a4       0x3e build/usbd_ctlreq.o
 .text.USBD_GetStatus
                0x080074e2       0x38 build/usbd_ctlreq.o
 .text.USBD_ClrFeature
                0x0800751a       0x26 build/usbd_ctlreq.o
 .text.USBD_StdDevReq
                0x08007540       0x68 build/usbd_ctlreq.o
                0x08007540                USBD_StdDevReq
 .text.USBD_StdItfReq
                0x080075a8       0x60 build/usbd_ctlreq.o
                0x080075a8                USBD_StdItfReq
 .text.USBD_StdEPReq
                0x08007608      0x1e2 build/usbd_ctlreq.o
                0x08007608                USBD_StdEPReq
 .text.USBD_GetString
                0x080077ea       0x3a build/usbd_ctlreq.o
                0x080077ea                USBD_GetString
 .text.USBD_CtlSendData
                0x08007824       0x1a build/usbd_ioreq.o
                0x08007824                USBD_CtlSendData
 .text.USBD_CtlContinueSendData
                0x0800783e       0x10 build/usbd_ioreq.o
                0x0800783e                USBD_CtlContinueSendData
 .text.USBD_CtlPrepareRx
                0x0800784e       0x1e build/usbd_ioreq.o
                0x0800784e                USBD_CtlPrepareRx
 .text.USBD_CtlContinueRx
                0x0800786c       0x10 build/usbd_ioreq.o
                0x0800786c                USBD_CtlContinueRx
 .text.USBD_CtlSendStatus
                0x0800787c       0x16 build/usbd_ioreq.o
                0x0800787c                USBD_CtlSendStatus
 .text.USBD_CtlReceiveStatus
                0x08007892       0x16 build/usbd_ioreq.o
                0x08007892                USBD_CtlReceiveStatus
 .text.USBD_CDC_EP0_RxReady
                0x080078a8       0x28 build/usbd_cdc.o
 .text.USBD_CDC_GetFSCfgDesc
                0x080078d0        0xc build/usbd_cdc.o
 .text.USBD_CDC_GetHSCfgDesc
                0x080078dc        0xc build/usbd_cdc.o
 .text.USBD_CDC_GetOtherSpeedCfgDesc
                0x080078e8        0xc build/usbd_cdc.o
 .text.USBD_CDC_GetDeviceQualifierDescriptor
                0x080078f4        0xc build/usbd_cdc.o
                0x080078f4                USBD_CDC_GetDeviceQualifierDescriptor
 .text.USBD_CDC_DataOut
                0x08007900       0x2e build/usbd_cdc.o
 .text.USBD_CDC_DataIn
                0x0800792e       0x4e build/usbd_cdc.o
 .text.USBD_CDC_Setup
                0x0800797c       0xd6 build/usbd_cdc.o
 .text.USBD_CDC_DeInit
                0x08007a52       0x42 build/usbd_cdc.o
 .text.USBD_CDC_Init
                0x08007a94       0xaa build/usbd_cdc.o
 .text.USBD_CDC_RegisterInterface
                0x08007b3e        0xe build/usbd_cdc.o
                0x08007b3e                USBD_CDC_RegisterInterface
 .text.USBD_CDC_SetTxBuffer
                0x08007b4c       0x10 build/usbd_cdc.o
                0x08007b4c                USBD_CDC_SetTxBuffer
 .text.USBD_CDC_SetRxBuffer
                0x08007b5c        0xc build/usbd_cdc.o
                0x08007b5c                USBD_CDC_SetRxBuffer
 .text.USBD_CDC_ReceivePacket
                0x08007b68       0x30 build/usbd_cdc.o
                0x08007b68                USBD_CDC_ReceivePacket
 .text.Reset_Handler
                0x08007b98       0x50 build/startup_stm32f302x8.o
                0x08007b98                Reset_Handler
 .text.Default_Handler
                0x08007be8        0x2 build/startup_stm32f302x8.o
                0x08007be8                RTC_Alarm_IRQHandler
                0x08007be8                TIM1_CC_IRQHandler
                0x08007be8                USB_HP_IRQHandler
                0x08007be8                PVD_IRQHandler
                0x08007be8                TAMP_STAMP_IRQHandler
                0x08007be8                EXTI3_IRQHandler
                0x08007be8                I2C3_ER_IRQHandler
                0x08007be8                USB_HP_CAN_TX_IRQHandler
                0x08007be8                EXTI0_IRQHandler
                0x08007be8                I2C2_EV_IRQHandler
                0x08007be8                FPU_IRQHandler
                0x08007be8                CAN_SCE_IRQHandler
                0x08007be8                TIM6_DAC_IRQHandler
                0x08007be8                USART3_IRQHandler
                0x08007be8                DMA1_Channel7_IRQHandler
                0x08007be8                CAN_RX1_IRQHandler
                0x08007be8                I2C1_EV_IRQHandler
                0x08007be8                DMA1_Channel6_IRQHandler
                0x08007be8                RCC_IRQHandler
                0x08007be8                Default_Handler
                0x08007be8                USBWakeUp_RMP_IRQHandler
                0x08007be8                EXTI15_10_IRQHandler
                0x08007be8                COMP2_IRQHandler
                0x08007be8                I2C3_EV_IRQHandler
                0x08007be8                EXTI9_5_IRQHandler
                0x08007be8                RTC_WKUP_IRQHandler
                0x08007be8                SPI2_IRQHandler
                0x08007be8                USB_LP_CAN_RX0_IRQHandler
                0x08007be8                DMA1_Channel5_IRQHandler
                0x08007be8                EXTI4_IRQHandler
                0x08007be8                TIM1_TRG_COM_TIM17_IRQHandler
                0x08007be8                DMA1_Channel3_IRQHandler
                0x08007be8                WWDG_IRQHandler
                0x08007be8                TIM2_IRQHandler
                0x08007be8                EXTI1_IRQHandler
                0x08007be8                COMP4_6_IRQHandler
                0x08007be8                USART2_IRQHandler
                0x08007be8                I2C2_ER_IRQHandler
                0x08007be8                DMA1_Channel2_IRQHandler
                0x08007be8                FLASH_IRQHandler
                0x08007be8                SPI3_IRQHandler
                0x08007be8                I2C1_ER_IRQHandler
                0x08007be8                USBWakeUp_IRQHandler
                0x08007be8                EXTI2_TSC_IRQHandler
 .text.memset   0x08007bea       0x10 C:/toolchain/arm_gnu_toolchain/bin/../lib/gcc/arm-none-eabi/13.2.1/thumb/v7e-m+fp/hard\libc_nano.a(libc_a-memset.o)
                0x08007bea                memset
 *fill*         0x08007bfa        0x2 
 .text.__libc_init_array
                0x08007bfc       0x48 C:/toolchain/arm_gnu_toolchain/bin/../lib/gcc/arm-none-eabi/13.2.1/thumb/v7e-m+fp/hard\libc_nano.a(libc_a-init.o)
                0x08007bfc                __libc_init_array
 .text.__udivmoddi4
                0x08007c44      0x2bc C:/toolchain/arm_gnu_toolchain/bin/../lib/gcc/arm-none-eabi/13.2.1/thumb/v7e-m+fp/hard\libgcc.a(_udivmoddi4.o)
                0x08007c44                __udivmoddi4
 *(.glue_7)
 .glue_7        0x08007f00        0x0 linker stubs
 *(.glue_7t)
 .glue_7t       0x08007f00        0x0 linker stubs
 *(.eh_frame)
 .eh_frame      0x08007f00        0x0 C:/toolchain/arm_gnu_toolchain/bin/../lib/gcc/arm-none-eabi/13.2.1/thumb/v7e-m+fp/hard/crtbegin.o
 *(.init)
 .init          0x08007f00        0x4 C:/toolchain/arm_gnu_toolchain/bin/../lib/gcc/arm-none-eabi/13.2.1/thumb/v7e-m+fp/hard/crti.o
                0x08007f00                _init
 .init          0x08007f04        0x8 C:/toolchain/arm_gnu_toolchain/bin/../lib/gcc/arm-none-eabi/13.2.1/thumb/v7e-m+fp/hard/crtn.o
 *(.fini)
 .fini          0x08007f0c        0x4 C:/toolchain/arm_gnu_toolchain/bin/../lib/gcc/arm-none-eabi/13.2.1/thumb/v7e-m+fp/hard/crti.o
                0x08007f0c                _fini
 .fini          0x08007f10        0x8 C:/toolchain/arm_gnu_toolchain/bin/../lib/gcc/arm-none-eabi/13.2.1/thumb/v7e-m+fp/hard/crtn.o
                0x08007f18                        . = ALIGN (0x4)
                0x08007f18                        _etext = .

.vfp11_veneer   0x08007f18        0x0
 .vfp11_veneer  0x08007f18        0x0 linker stubs

.v4_bx          0x08007f18        0x0
 .v4_bx         0x08007f18        0x0 linker stubs

.iplt           0x08007f18        0x0
 .iplt          0x08007f18        0x0 C:/toolchain/arm_gnu_toolchain/bin/../lib/gcc/arm-none-eabi/13.2.1/thumb/v7e-m+fp/hard/crtbegin.o

.rodata         0x08007f18      0x3d4
                0x08007f18                        . = ALIGN (0x4)
 *(.rodata)
 *(.rodata*)
 .rodata.readEncoder.str1.4
                0x08007f18       0xc6 build/encoder.o
                                 0x7d (size before relaxing)
 *fill*         0x08007fde        0x2 
 .rodata.SIN_TABLE
                0x08007fe0      0x16c build/Park_u_Clark.o
                0x08007fe0                SIN_TABLE
 .rodata.SPWM   0x0800814c      0x168 build/SVM.o
                0x0800814c                SPWM
 .rodata.USBD_FS_ProductStrDescriptor.str1.4
                0x080082b4       0x16 build/usbd_desc.o
 .rodata.USBD_FS_ManufacturerStrDescriptor.str1.4
                0x080082b4       0x13 build/usbd_desc.o
 .rodata.USBD_FS_ConfigStrDescriptor.str1.4
                0x080082b4        0xb build/usbd_desc.o
 .rodata.USBD_FS_InterfaceStrDescriptor.str1.4
                0x080082b4        0xe build/usbd_desc.o
 .rodata.aPredivFactorTable
                0x080082b4       0x10 build/stm32f3xx_hal_rcc.o
 .rodata.aPLLMULFactorTable
                0x080082c4       0x10 build/stm32f3xx_hal_rcc.o
 .rodata.APBPrescTable
                0x080082d4        0x8 build/system_stm32f3xx.o
                0x080082d4                APBPrescTable
 .rodata.AHBPrescTable
                0x080082dc       0x10 build/system_stm32f3xx.o
                0x080082dc                AHBPrescTable
                0x080082ec                        . = ALIGN (0x4)

.ARM.extab
 *(.ARM.extab* .gnu.linkonce.armextab.*)

.ARM            0x080082ec        0x8
                0x080082ec                        __exidx_start = .
 *(.ARM.exidx*)
 .ARM.exidx.text.__udivmoddi4
                0x080082ec        0x8 C:/toolchain/arm_gnu_toolchain/bin/../lib/gcc/arm-none-eabi/13.2.1/thumb/v7e-m+fp/hard\libgcc.a(_udivmoddi4.o)
                0x080082f4                        __exidx_end = .

.rel.dyn        0x080082f4        0x0
 .rel.iplt      0x080082f4        0x0 C:/toolchain/arm_gnu_toolchain/bin/../lib/gcc/arm-none-eabi/13.2.1/thumb/v7e-m+fp/hard/crtbegin.o

.preinit_array  0x080082f4        0x0
                0x080082f4                        PROVIDE (__preinit_array_start = .)
 *(.preinit_array*)
                0x080082f4                        PROVIDE (__preinit_array_end = .)

.init_array     0x080082f4        0x4
                0x080082f4                        PROVIDE (__init_array_start = .)
 *(SORT_BY_NAME(.init_array.*))
 *(.init_array*)
 .init_array    0x080082f4        0x4 C:/toolchain/arm_gnu_toolchain/bin/../lib/gcc/arm-none-eabi/13.2.1/thumb/v7e-m+fp/hard/crtbegin.o
                0x080082f8                        PROVIDE (__init_array_end = .)

.fini_array     0x080082f8        0x4
                [!provide]                        PROVIDE (__fini_array_start = .)
 *(SORT_BY_NAME(.fini_array.*))
 *(.fini_array*)
 .fini_array    0x080082f8        0x4 C:/toolchain/arm_gnu_toolchain/bin/../lib/gcc/arm-none-eabi/13.2.1/thumb/v7e-m+fp/hard/crtbegin.o
                [!provide]                        PROVIDE (__fini_array_end = .)
                0x080082fc                        _sidata = LOADADDR (.data)

.data           0x20000000      0x1a4 load address 0x080082fc
                0x20000000                        . = ALIGN (0x4)
                0x20000000                        _sdata = .
 *(.data)
 *(.data*)
 .data.phaseshift
                0x20000000        0x4 build/main.o
                0x20000000                phaseshift
 .data.block_commutation_active
                0x20000004        0x1 build/phaseEstimater.o
 *fill*         0x20000005        0x3 
 .data.HallSector_phase_offset
                0x20000008       0x10 build/phaseEstimater.o
                0x20000008                HallSector_phase_offset
 .data.HallSector_Averages
                0x20000018       0x10 build/phaseEstimater.o
                0x20000018                HallSector_Averages
 .data.USBD_StringSerial
                0x20000028       0x1a build/usbd_desc.o
                0x20000028                USBD_StringSerial
 *fill*         0x20000042        0x2 
 .data.USBD_LangIDDesc
                0x20000044        0x4 build/usbd_desc.o
                0x20000044                USBD_LangIDDesc
 .data.USBD_FS_DeviceDesc
                0x20000048       0x12 build/usbd_desc.o
                0x20000048                USBD_FS_DeviceDesc
 *fill*         0x2000005a        0x2 
 .data.FS_Desc  0x2000005c       0x1c build/usbd_desc.o
                0x2000005c                FS_Desc
 .data.USBD_Interface_fops_FS
                0x20000078       0x10 build/usbd_cdc_if.o
                0x20000078                USBD_Interface_fops_FS
 .data.uwTickFreq
                0x20000088        0x1 build/stm32f3xx_hal.o
                0x20000088                uwTickFreq
 *fill*         0x20000089        0x3 
 .data.uwTickPrio
                0x2000008c        0x4 build/stm32f3xx_hal.o
                0x2000008c                uwTickPrio
 .data.SystemCoreClock
                0x20000090        0x4 build/system_stm32f3xx.o
                0x20000090                SystemCoreClock
 .data.USBD_CDC_OtherSpeedCfgDesc
                0x20000094       0x43 build/usbd_cdc.o
                0x20000094                USBD_CDC_OtherSpeedCfgDesc
 *fill*         0x200000d7        0x1 
 .data.USBD_CDC_CfgFSDesc
                0x200000d8       0x43 build/usbd_cdc.o
                0x200000d8                USBD_CDC_CfgFSDesc
 *fill*         0x2000011b        0x1 
 .data.USBD_CDC_CfgHSDesc
                0x2000011c       0x43 build/usbd_cdc.o
                0x2000011c                USBD_CDC_CfgHSDesc
 *fill*         0x2000015f        0x1 
 .data.USBD_CDC
                0x20000160       0x38 build/usbd_cdc.o
                0x20000160                USBD_CDC
 .data.USBD_CDC_DeviceQualifierDesc
                0x20000198        0xa build/usbd_cdc.o
                0x200001a4                        . = ALIGN (0x4)
 *fill*         0x200001a2        0x2 
                0x200001a4                        _edata = .

.tm_clone_table
                0x200001a4        0x0 load address 0x080084a0
 .tm_clone_table
                0x200001a4        0x0 C:/toolchain/arm_gnu_toolchain/bin/../lib/gcc/arm-none-eabi/13.2.1/thumb/v7e-m+fp/hard/crtbegin.o
 .tm_clone_table
                0x200001a4        0x0 C:/toolchain/arm_gnu_toolchain/bin/../lib/gcc/arm-none-eabi/13.2.1/thumb/v7e-m+fp/hard/crtend.o

.igot.plt       0x200001a4        0x0 load address 0x080084a0
 .igot.plt      0x200001a4        0x0 C:/toolchain/arm_gnu_toolchain/bin/../lib/gcc/arm-none-eabi/13.2.1/thumb/v7e-m+fp/hard/crtbegin.o
                0x200001a4                        . = ALIGN (0x4)

.bss            0x200001a4      0xe14 load address 0x080084a0
                0x200001a4                        _sbss = .
                0x200001a4                        __bss_start__ = _sbss
 *(.bss)
 *(.bss*)
 .bss.completed.1
                0x200001a4        0x1 C:/toolchain/arm_gnu_toolchain/bin/../lib/gcc/arm-none-eabi/13.2.1/thumb/v7e-m+fp/hard/crtbegin.o
 *fill*         0x200001a5        0x3 
 .bss.object.0  0x200001a8       0x18 C:/toolchain/arm_gnu_toolchain/bin/../lib/gcc/arm-none-eabi/13.2.1/thumb/v7e-m+fp/hard/crtbegin.o
 .bss.init_done.0
                0x200001c0        0x1 build/main.o
 *fill*         0x200001c1        0x1 
 .bss.TIM_PSC   0x200001c2        0x2 build/main.o
                0x200001c2                TIM_PSC
 .bss.hdma_adc1
                0x200001c4       0x44 build/adc.o
                0x200001c4                hdma_adc1
 .bss.hadc1     0x20000208       0x50 build/adc.o
                0x20000208                hadc1
 .bss.hi2c1     0x20000258       0x54 build/i2c.o
                0x20000258                hi2c1
 .bss.htim15    0x200002ac       0x4c build/tim.o
                0x200002ac                htim15
 .bss.htim6     0x200002f8       0x4c build/tim.o
                0x200002f8                htim6
 .bss.htim1     0x20000344       0x4c build/tim.o
                0x20000344                htim1
 .bss.hdma_usart1_tx
                0x20000390       0x44 build/usart.o
                0x20000390                hdma_usart1_tx
 .bss.huart1    0x200003d4       0x88 build/usart.o
                0x200003d4                huart1
 .bss.encoder_val.0
                0x2000045c        0x4 build/encoder.o
 .bss.state.1   0x20000460        0x4 build/encoder.o
 .bss.event.2   0x20000464        0x4 build/encoder.o
 .bss.iniOK.3   0x20000468        0x1 build/encoder.o
 .bss.ENCODERB.4
                0x20000469        0x1 build/encoder.o
 .bss.ENCODERA.5
                0x2000046a        0x1 build/encoder.o
 *fill*         0x2000046b        0x1 
 .bss.Motor     0x2000046c       0x28 build/global_var.o
                0x2000046c                Motor
 .bss.prev_phase.0
                0x20000494        0x4 build/phaseEstimater.o
 .bss.SectorTime.1
                0x20000498        0x2 build/phaseEstimater.o
 .bss.PreviousHallSector.2
                0x2000049a        0x2 build/phaseEstimater.o
 .bss.HallSector.3
                0x2000049c        0x1 build/phaseEstimater.o
 .bss.lock_HALL3.4
                0x2000049d        0x1 build/phaseEstimater.o
 .bss.lock_HALL2.5
                0x2000049e        0x1 build/phaseEstimater.o
 .bss.lock_HALL1.6
                0x2000049f        0x1 build/phaseEstimater.o
 .bss.HALL3.7   0x200004a0        0x1 build/phaseEstimater.o
 .bss.HALL2.8   0x200004a1        0x1 build/phaseEstimater.o
 .bss.HALL1.9   0x200004a2        0x1 build/phaseEstimater.o
 .bss.init.10   0x200004a3        0x1 build/phaseEstimater.o
 .bss.prev_Sector.11
                0x200004a4        0x1 build/phaseEstimater.o
 *fill*         0x200004a5        0x1 
 .bss.phase_old.12
                0x200004a6        0x2 build/phaseEstimater.o
 .bss.lock_HALL3.13
                0x200004a8        0x1 build/phaseEstimater.o
 .bss.lock_HALL2.14
                0x200004a9        0x1 build/phaseEstimater.o
 .bss.lock_HALL1.15
                0x200004aa        0x1 build/phaseEstimater.o
 .bss.HALL3.16  0x200004ab        0x1 build/phaseEstimater.o
 .bss.HALL2.17  0x200004ac        0x1 build/phaseEstimater.o
 .bss.HALL1.18  0x200004ad        0x1 build/phaseEstimater.o
 .bss.voltage_phase.19
                0x200004ae        0x2 build/phaseEstimater.o
 .bss.init.20   0x200004b0        0x1 build/phaseEstimater.o
 *fill*         0x200004b1        0x3 
 .bss.Prev_Sector_times
                0x200004b4       0x10 build/phaseEstimater.o
 .bss.time_between_sectors
                0x200004c4        0x2 build/phaseEstimater.o
                0x200004c4                time_between_sectors
 *fill*         0x200004c6        0x2 
 .bss.HallSector_phase_span
                0x200004c8       0x10 build/phaseEstimater.o
                0x200004c8                HallSector_phase_span
 .bss.current_sector
                0x200004d8        0x2 build/SVM.o
 .bss.CCR_W     0x200004da        0x2 build/SVM.o
 .bss.CCR_V     0x200004dc        0x2 build/SVM.o
 .bss.CCR_U     0x200004de        0x2 build/SVM.o
 .bss.hUsbDeviceFS
                0x200004e0      0x2c4 build/usb_device.o
                0x200004e0                hUsbDeviceFS
 .bss.USBD_StrDesc
                0x200007a4      0x200 build/usbd_desc.o
                0x200007a4                USBD_StrDesc
 .bss.UserTxBufferFS
                0x200009a4       0x80 build/usbd_cdc_if.o
                0x200009a4                UserTxBufferFS
 .bss.UserRxBufferFS
                0x20000a24       0x80 build/usbd_cdc_if.o
                0x20000a24                UserRxBufferFS
 .bss.mem.0     0x20000aa4      0x220 build/usbd_conf.o
 .bss.hpcd_USB_FS
                0x20000cc4      0x2ec build/usbd_conf.o
                0x20000cc4                hpcd_USB_FS
 .bss.uwTick    0x20000fb0        0x4 build/stm32f3xx_hal.o
                0x20000fb0                uwTick
 .bss.cfgidx.0  0x20000fb4        0x1 build/usbd_ctlreq.o
 *(COMMON)
                0x20000fb8                        . = ALIGN (0x4)
 *fill*         0x20000fb5        0x3 
                0x20000fb8                        _ebss = .
                0x20000fb8                        __bss_end__ = _ebss

._user_heap_stack
                0x20000fb8      0x600 load address 0x080084a0
                0x20000fb8                        . = ALIGN (0x8)
                [!provide]                        PROVIDE (end = .)
                0x20000fb8                        PROVIDE (_end = .)
                0x200011b8                        . = (. + _Min_Heap_Size)
 *fill*         0x20000fb8      0x200 
                0x200015b8                        . = (. + _Min_Stack_Size)
 *fill*         0x200011b8      0x400 
                0x200015b8                        . = ALIGN (0x8)

/DISCARD/
 libc.a(*)
 libm.a(*)
 libgcc.a(*)

.ARM.attributes
                0x00000000       0x30
 *(.ARM.attributes)
 .ARM.attributes
                0x00000000       0x22 C:/toolchain/arm_gnu_toolchain/bin/../lib/gcc/arm-none-eabi/13.2.1/thumb/v7e-m+fp/hard/crti.o
 .ARM.attributes
                0x00000022       0x34 C:/toolchain/arm_gnu_toolchain/bin/../lib/gcc/arm-none-eabi/13.2.1/thumb/v7e-m+fp/hard/crtbegin.o
 .ARM.attributes
                0x00000056       0x34 build/main.o
 .ARM.attributes
                0x0000008a       0x34 build/gpio.o
 .ARM.attributes
                0x000000be       0x34 build/adc.o
 .ARM.attributes
                0x000000f2       0x34 build/dma.o
 .ARM.attributes
                0x00000126       0x34 build/i2c.o
 .ARM.attributes
                0x0000015a       0x34 build/tim.o
 .ARM.attributes
                0x0000018e       0x34 build/usart.o
 .ARM.attributes
                0x000001c2       0x34 build/encoder.o
 .ARM.attributes
                0x000001f6       0x34 build/global_var.o
 .ARM.attributes
                0x0000022a       0x34 build/Park_u_Clark.o
 .ARM.attributes
                0x0000025e       0x34 build/phaseEstimater.o
 .ARM.attributes
                0x00000292       0x34 build/SVM.o
 .ARM.attributes
                0x000002c6       0x34 build/stm32f3xx_it.o
 .ARM.attributes
                0x000002fa       0x34 build/stm32f3xx_hal_msp.o
 .ARM.attributes
                0x0000032e       0x34 build/usb_device.o
 .ARM.attributes
                0x00000362       0x34 build/usbd_desc.o
 .ARM.attributes
                0x00000396       0x34 build/usbd_cdc_if.o
 .ARM.attributes
                0x000003ca       0x34 build/usbd_conf.o
 .ARM.attributes
                0x000003fe       0x34 build/stm32f3xx_ll_usb.o
 .ARM.attributes
                0x00000432       0x34 build/stm32f3xx_hal_pcd.o
 .ARM.attributes
                0x00000466       0x34 build/stm32f3xx_hal_pcd_ex.o
 .ARM.attributes
                0x0000049a       0x34 build/stm32f3xx_hal.o
 .ARM.attributes
                0x000004ce       0x34 build/stm32f3xx_hal_rcc.o
 .ARM.attributes
                0x00000502       0x34 build/stm32f3xx_hal_rcc_ex.o
 .ARM.attributes
                0x00000536       0x34 build/stm32f3xx_hal_gpio.o
 .ARM.attributes
                0x0000056a       0x34 build/stm32f3xx_hal_dma.o
 .ARM.attributes
                0x0000059e       0x34 build/stm32f3xx_hal_cortex.o
 .ARM.attributes
                0x000005d2       0x34 build/stm32f3xx_hal_i2c.o
 .ARM.attributes
                0x00000606       0x34 build/stm32f3xx_hal_i2c_ex.o
 .ARM.attributes
                0x0000063a       0x34 build/stm32f3xx_hal_adc.o
 .ARM.attributes
                0x0000066e       0x34 build/stm32f3xx_hal_adc_ex.o
 .ARM.attributes
                0x000006a2       0x34 build/stm32f3xx_hal_tim.o
 .ARM.attributes
                0x000006d6       0x34 build/stm32f3xx_hal_tim_ex.o
 .ARM.attributes
                0x0000070a       0x34 build/stm32f3xx_hal_uart.o
 .ARM.attributes
                0x0000073e       0x34 build/stm32f3xx_hal_uart_ex.o
 .ARM.attributes
                0x00000772       0x34 build/system_stm32f3xx.o
 .ARM.attributes
                0x000007a6       0x34 build/usbd_core.o
 .ARM.attributes
                0x000007da       0x34 build/usbd_ctlreq.o
 .ARM.attributes
                0x0000080e       0x34 build/usbd_ioreq.o
 .ARM.attributes
                0x00000842       0x34 build/usbd_cdc.o
 .ARM.attributes
                0x00000876       0x21 build/startup_stm32f302x8.o
 .ARM.attributes
                0x00000897       0x34 C:/toolchain/arm_gnu_toolchain/bin/../lib/gcc/arm-none-eabi/13.2.1/thumb/v7e-m+fp/hard\libc_nano.a(libc_a-memset.o)
 .ARM.attributes
                0x000008cb       0x34 C:/toolchain/arm_gnu_toolchain/bin/../lib/gcc/arm-none-eabi/13.2.1/thumb/v7e-m+fp/hard\libc_nano.a(libc_a-init.o)
 .ARM.attributes
                0x000008ff       0x22 C:/toolchain/arm_gnu_toolchain/bin/../lib/gcc/arm-none-eabi/13.2.1/thumb/v7e-m+fp/hard\libgcc.a(_aeabi_ldivmod.o)
 .ARM.attributes
                0x00000921       0x34 C:/toolchain/arm_gnu_toolchain/bin/../lib/gcc/arm-none-eabi/13.2.1/thumb/v7e-m+fp/hard\libgcc.a(_udivmoddi4.o)
 .ARM.attributes
                0x00000955       0x22 C:/toolchain/arm_gnu_toolchain/bin/../lib/gcc/arm-none-eabi/13.2.1/thumb/v7e-m+fp/hard\libgcc.a(_dvmd_tls.o)
 .ARM.attributes
                0x00000977       0x34 C:/toolchain/arm_gnu_toolchain/bin/../lib/gcc/arm-none-eabi/13.2.1/thumb/v7e-m+fp/hard/crtend.o
 .ARM.attributes
                0x000009ab       0x22 C:/toolchain/arm_gnu_toolchain/bin/../lib/gcc/arm-none-eabi/13.2.1/thumb/v7e-m+fp/hard/crtn.o
OUTPUT(build/SESCV3_Firmware.elf elf32-littlearm)
LOAD linker stubs
LOAD C:/toolchain/arm_gnu_toolchain/bin/../lib/gcc/arm-none-eabi/13.2.1/thumb/v7e-m+fp/hard\libc.a
LOAD C:/toolchain/arm_gnu_toolchain/bin/../lib/gcc/arm-none-eabi/13.2.1/thumb/v7e-m+fp/hard\libm.a
LOAD C:/toolchain/arm_gnu_toolchain/bin/../lib/gcc/arm-none-eabi/13.2.1/thumb/v7e-m+fp/hard\libgcc.a

.debug_info     0x00000000    0x2d70f
 .debug_info    0x00000000     0x1519 build/main.o
 .debug_info    0x00001519      0x417 build/gpio.o
 .debug_info    0x00001930     0x1063 build/adc.o
 .debug_info    0x00002993      0x3bf build/dma.o
 .debug_info    0x00002d52      0xaea build/i2c.o
 .debug_info    0x0000383c     0x1360 build/tim.o
 .debug_info    0x00004b9c      0xd60 build/usart.o
 .debug_info    0x000058fc      0x36b build/encoder.o
 .debug_info    0x00005c67      0x183 build/global_var.o
 .debug_info    0x00005dea      0x259 build/Park_u_Clark.o
 .debug_info    0x00006043      0xf67 build/phaseEstimater.o
 .debug_info    0x00006faa      0xd85 build/SVM.o
 .debug_info    0x00007d2f     0x1813 build/stm32f3xx_it.o
 .debug_info    0x00009542      0x1c9 build/stm32f3xx_hal_msp.o
 .debug_info    0x0000970b      0x792 build/usb_device.o
 .debug_info    0x00009e9d      0x654 build/usbd_desc.o
 .debug_info    0x0000a4f1      0x995 build/usbd_cdc_if.o
 .debug_info    0x0000ae86     0x2122 build/usbd_conf.o
 .debug_info    0x0000cfa8     0x1b23 build/stm32f3xx_ll_usb.o
 .debug_info    0x0000eacb     0x1e95 build/stm32f3xx_hal_pcd.o
 .debug_info    0x00010960      0x7c9 build/stm32f3xx_hal_pcd_ex.o
 .debug_info    0x00011129      0x8fd build/stm32f3xx_hal.o
 .debug_info    0x00011a26     0x16fb build/stm32f3xx_hal_rcc.o
 .debug_info    0x00013121      0x75b build/stm32f3xx_hal_rcc_ex.o
 .debug_info    0x0001387c      0x744 build/stm32f3xx_hal_gpio.o
 .debug_info    0x00013fc0      0x90c build/stm32f3xx_hal_dma.o
 .debug_info    0x000148cc      0xe6a build/stm32f3xx_hal_cortex.o
 .debug_info    0x00015736     0x4484 build/stm32f3xx_hal_i2c.o
 .debug_info    0x00019bba      0x984 build/stm32f3xx_hal_i2c_ex.o
 .debug_info    0x0001a53e      0xd01 build/stm32f3xx_hal_adc.o
 .debug_info    0x0001b23f     0x1bc1 build/stm32f3xx_hal_adc_ex.o
 .debug_info    0x0001ce00     0x4211 build/stm32f3xx_hal_tim.o
 .debug_info    0x00021011     0x1e4b build/stm32f3xx_hal_tim_ex.o
 .debug_info    0x00022e5c     0x532b build/stm32f3xx_hal_uart.o
 .debug_info    0x00028187     0x101e build/stm32f3xx_hal_uart_ex.o
 .debug_info    0x000291a5      0x47d build/system_stm32f3xx.o
 .debug_info    0x00029622      0xf97 build/usbd_core.o
 .debug_info    0x0002a5b9     0x1203 build/usbd_ctlreq.o
 .debug_info    0x0002b7bc      0x946 build/usbd_ioreq.o
 .debug_info    0x0002c102     0x15dd build/usbd_cdc.o
 .debug_info    0x0002d6df       0x30 build/startup_stm32f302x8.o

.debug_abbrev   0x00000000     0x5b38
 .debug_abbrev  0x00000000      0x2f6 build/main.o
 .debug_abbrev  0x000002f6      0x160 build/gpio.o
 .debug_abbrev  0x00000456      0x233 build/adc.o
 .debug_abbrev  0x00000689      0x11d build/dma.o
 .debug_abbrev  0x000007a6      0x22a build/i2c.o
 .debug_abbrev  0x000009d0      0x253 build/tim.o
 .debug_abbrev  0x00000c23      0x22b build/usart.o
 .debug_abbrev  0x00000e4e      0x152 build/encoder.o
 .debug_abbrev  0x00000fa0       0x89 build/global_var.o
 .debug_abbrev  0x00001029       0xfb build/Park_u_Clark.o
 .debug_abbrev  0x00001124      0x295 build/phaseEstimater.o
 .debug_abbrev  0x000013b9      0x299 build/SVM.o
 .debug_abbrev  0x00001652      0x20c build/stm32f3xx_it.o
 .debug_abbrev  0x0000185e       0xc1 build/stm32f3xx_hal_msp.o
 .debug_abbrev  0x0000191f      0x195 build/usb_device.o
 .debug_abbrev  0x00001ab4      0x23c build/usbd_desc.o
 .debug_abbrev  0x00001cf0      0x264 build/usbd_cdc_if.o
 .debug_abbrev  0x00001f54      0x33e build/usbd_conf.o
 .debug_abbrev  0x00002292      0x309 build/stm32f3xx_ll_usb.o
 .debug_abbrev  0x0000259b      0x32d build/stm32f3xx_hal_pcd.o
 .debug_abbrev  0x000028c8      0x184 build/stm32f3xx_hal_pcd_ex.o
 .debug_abbrev  0x00002a4c      0x245 build/stm32f3xx_hal.o
 .debug_abbrev  0x00002c91      0x353 build/stm32f3xx_hal_rcc.o
 .debug_abbrev  0x00002fe4      0x27e build/stm32f3xx_hal_rcc_ex.o
 .debug_abbrev  0x00003262      0x222 build/stm32f3xx_hal_gpio.o
 .debug_abbrev  0x00003484      0x26a build/stm32f3xx_hal_dma.o
 .debug_abbrev  0x000036ee      0x3aa build/stm32f3xx_hal_cortex.o
 .debug_abbrev  0x00003a98      0x2e4 build/stm32f3xx_hal_i2c.o
 .debug_abbrev  0x00003d7c      0x1b5 build/stm32f3xx_hal_i2c_ex.o
 .debug_abbrev  0x00003f31      0x18d build/stm32f3xx_hal_adc.o
 .debug_abbrev  0x000040be      0x312 build/stm32f3xx_hal_adc_ex.o
 .debug_abbrev  0x000043d0      0x2bd build/stm32f3xx_hal_tim.o
 .debug_abbrev  0x0000468d      0x2b7 build/stm32f3xx_hal_tim_ex.o
 .debug_abbrev  0x00004944      0x334 build/stm32f3xx_hal_uart.o
 .debug_abbrev  0x00004c78      0x325 build/stm32f3xx_hal_uart_ex.o
 .debug_abbrev  0x00004f9d      0x11b build/system_stm32f3xx.o
 .debug_abbrev  0x000050b8      0x2ae build/usbd_core.o
 .debug_abbrev  0x00005366      0x2ec build/usbd_ctlreq.o
 .debug_abbrev  0x00005652      0x18e build/usbd_ioreq.o
 .debug_abbrev  0x000057e0      0x33b build/usbd_cdc.o
 .debug_abbrev  0x00005b1b       0x1d build/startup_stm32f302x8.o

.debug_loc      0x00000000    0x23933
 .debug_loc     0x00000000       0xed build/main.o
 .debug_loc     0x000000ed       0x38 build/gpio.o
 .debug_loc     0x00000125      0x127 build/adc.o
 .debug_loc     0x0000024c       0x38 build/dma.o
 .debug_loc     0x00000284       0xfd build/i2c.o
 .debug_loc     0x00000381      0x290 build/tim.o
 .debug_loc     0x00000611      0x101 build/usart.o
 .debug_loc     0x00000712      0x254 build/encoder.o
 .debug_loc     0x00000966      0x1cb build/Park_u_Clark.o
 .debug_loc     0x00000b31      0x58a build/phaseEstimater.o
 .debug_loc     0x000010bb      0x1e9 build/SVM.o
 .debug_loc     0x000012a4      0x120 build/stm32f3xx_it.o
 .debug_loc     0x000013c4       0x2c build/stm32f3xx_hal_msp.o
 .debug_loc     0x000013f0       0x20 build/usb_device.o
 .debug_loc     0x00001410      0x4e7 build/usbd_desc.o
 .debug_loc     0x000018f7      0x1bb build/usbd_cdc_if.o
 .debug_loc     0x00001ab2     0x105a build/usbd_conf.o
 .debug_loc     0x00002b0c     0x19fe build/stm32f3xx_ll_usb.o
 .debug_loc     0x0000450a     0x194e build/stm32f3xx_hal_pcd.o
 .debug_loc     0x00005e58      0x15a build/stm32f3xx_hal_pcd_ex.o
 .debug_loc     0x00005fb2      0x1f9 build/stm32f3xx_hal.o
 .debug_loc     0x000061ab      0xf89 build/stm32f3xx_hal_rcc.o
 .debug_loc     0x00007134      0xc96 build/stm32f3xx_hal_rcc_ex.o
 .debug_loc     0x00007dca      0x499 build/stm32f3xx_hal_gpio.o
 .debug_loc     0x00008263      0x9b7 build/stm32f3xx_hal_dma.o
 .debug_loc     0x00008c1a      0x8b4 build/stm32f3xx_hal_cortex.o
 .debug_loc     0x000094ce     0x5ee0 build/stm32f3xx_hal_i2c.o
 .debug_loc     0x0000f3ae      0x243 build/stm32f3xx_hal_i2c_ex.o
 .debug_loc     0x0000f5f1      0x285 build/stm32f3xx_hal_adc.o
 .debug_loc     0x0000f876     0x2232 build/stm32f3xx_hal_adc_ex.o
 .debug_loc     0x00011aa8     0x65a6 build/stm32f3xx_hal_tim.o
 .debug_loc     0x0001804e     0x26fb build/stm32f3xx_hal_tim_ex.o
 .debug_loc     0x0001a749     0x5255 build/stm32f3xx_hal_uart.o
 .debug_loc     0x0001f99e      0xc2c build/stm32f3xx_hal_uart_ex.o
 .debug_loc     0x000205ca      0x14d build/system_stm32f3xx.o
 .debug_loc     0x00020717      0xbaa build/usbd_core.o
 .debug_loc     0x000212c1     0x17db build/usbd_ctlreq.o
 .debug_loc     0x00022a9c      0x3f8 build/usbd_ioreq.o
 .debug_loc     0x00022e94      0xa9f build/usbd_cdc.o

.debug_aranges  0x00000000     0x1970
 .debug_aranges
                0x00000000       0x38 build/main.o
 .debug_aranges
                0x00000038       0x20 build/gpio.o
 .debug_aranges
                0x00000058       0x30 build/adc.o
 .debug_aranges
                0x00000088       0x20 build/dma.o
 .debug_aranges
                0x000000a8       0x30 build/i2c.o
 .debug_aranges
                0x000000d8       0x48 build/tim.o
 .debug_aranges
                0x00000120       0x30 build/usart.o
 .debug_aranges
                0x00000150       0x20 build/encoder.o
 .debug_aranges
                0x00000170       0x18 build/global_var.o
 .debug_aranges
                0x00000188       0x38 build/Park_u_Clark.o
 .debug_aranges
                0x000001c0       0x30 build/phaseEstimater.o
 .debug_aranges
                0x000001f0       0x30 build/SVM.o
 .debug_aranges
                0x00000220       0x98 build/stm32f3xx_it.o
 .debug_aranges
                0x000002b8       0x20 build/stm32f3xx_hal_msp.o
 .debug_aranges
                0x000002d8       0x20 build/usb_device.o
 .debug_aranges
                0x000002f8       0x60 build/usbd_desc.o
 .debug_aranges
                0x00000358       0x40 build/usbd_cdc_if.o
 .debug_aranges
                0x00000398      0x118 build/usbd_conf.o
 .debug_aranges
                0x000004b0       0xb8 build/stm32f3xx_ll_usb.o
 .debug_aranges
                0x00000568      0x140 build/stm32f3xx_hal_pcd.o
 .debug_aranges
                0x000006a8       0x38 build/stm32f3xx_hal_pcd_ex.o
 .debug_aranges
                0x000006e0       0xe0 build/stm32f3xx_hal.o
 .debug_aranges
                0x000007c0       0x88 build/stm32f3xx_hal_rcc.o
 .debug_aranges
                0x00000848       0x38 build/stm32f3xx_hal_rcc_ex.o
 .debug_aranges
                0x00000880       0x58 build/stm32f3xx_hal_gpio.o
 .debug_aranges
                0x000008d8       0x88 build/stm32f3xx_hal_dma.o
 .debug_aranges
                0x00000960       0xc0 build/stm32f3xx_hal_cortex.o
 .debug_aranges
                0x00000a20      0x2a0 build/stm32f3xx_hal_i2c.o
 .debug_aranges
                0x00000cc0       0x48 build/stm32f3xx_hal_i2c_ex.o
 .debug_aranges
                0x00000d08       0xc8 build/stm32f3xx_hal_adc.o
 .debug_aranges
                0x00000dd0      0x140 build/stm32f3xx_hal_adc_ex.o
 .debug_aranges
                0x00000f10      0x3e0 build/stm32f3xx_hal_tim.o
 .debug_aranges
                0x000012f0      0x178 build/stm32f3xx_hal_tim_ex.o
 .debug_aranges
                0x00001468      0x228 build/stm32f3xx_hal_uart.o
 .debug_aranges
                0x00001690       0x70 build/stm32f3xx_hal_uart_ex.o
 .debug_aranges
                0x00001700       0x28 build/system_stm32f3xx.o
 .debug_aranges
                0x00001728       0xb8 build/usbd_core.o
 .debug_aranges
                0x000017e0       0x88 build/usbd_ctlreq.o
 .debug_aranges
                0x00001868       0x50 build/usbd_ioreq.o
 .debug_aranges
                0x000018b8       0x90 build/usbd_cdc.o
 .debug_aranges
                0x00001948       0x28 build/startup_stm32f302x8.o

.debug_ranges   0x00000000     0x1a98
 .debug_ranges  0x00000000       0x40 build/main.o
 .debug_ranges  0x00000040       0x10 build/gpio.o
 .debug_ranges  0x00000050       0x20 build/adc.o
 .debug_ranges  0x00000070       0x10 build/dma.o
 .debug_ranges  0x00000080       0x20 build/i2c.o
 .debug_ranges  0x000000a0       0x38 build/tim.o
 .debug_ranges  0x000000d8       0x20 build/usart.o
 .debug_ranges  0x000000f8       0x10 build/encoder.o
 .debug_ranges  0x00000108       0x28 build/Park_u_Clark.o
 .debug_ranges  0x00000130       0x40 build/phaseEstimater.o
 .debug_ranges  0x00000170       0x20 build/SVM.o
 .debug_ranges  0x00000190       0x88 build/stm32f3xx_it.o
 .debug_ranges  0x00000218       0x10 build/stm32f3xx_hal_msp.o
 .debug_ranges  0x00000228       0x10 build/usb_device.o
 .debug_ranges  0x00000238       0x50 build/usbd_desc.o
 .debug_ranges  0x00000288       0x30 build/usbd_cdc_if.o
 .debug_ranges  0x000002b8      0x108 build/usbd_conf.o
 .debug_ranges  0x000003c0      0x2e0 build/stm32f3xx_ll_usb.o
 .debug_ranges  0x000006a0      0x240 build/stm32f3xx_hal_pcd.o
 .debug_ranges  0x000008e0       0x28 build/stm32f3xx_hal_pcd_ex.o
 .debug_ranges  0x00000908       0xd0 build/stm32f3xx_hal.o
 .debug_ranges  0x000009d8       0x98 build/stm32f3xx_hal_rcc.o
 .debug_ranges  0x00000a70       0x28 build/stm32f3xx_hal_rcc_ex.o
 .debug_ranges  0x00000a98       0x48 build/stm32f3xx_hal_gpio.o
 .debug_ranges  0x00000ae0       0x78 build/stm32f3xx_hal_dma.o
 .debug_ranges  0x00000b58       0xb0 build/stm32f3xx_hal_cortex.o
 .debug_ranges  0x00000c08      0x290 build/stm32f3xx_hal_i2c.o
 .debug_ranges  0x00000e98       0x38 build/stm32f3xx_hal_i2c_ex.o
 .debug_ranges  0x00000ed0       0xb8 build/stm32f3xx_hal_adc.o
 .debug_ranges  0x00000f88      0x130 build/stm32f3xx_hal_adc_ex.o
 .debug_ranges  0x000010b8      0x3d0 build/stm32f3xx_hal_tim.o
 .debug_ranges  0x00001488      0x168 build/stm32f3xx_hal_tim_ex.o
 .debug_ranges  0x000015f0      0x230 build/stm32f3xx_hal_uart.o
 .debug_ranges  0x00001820       0x60 build/stm32f3xx_hal_uart_ex.o
 .debug_ranges  0x00001880       0x18 build/system_stm32f3xx.o
 .debug_ranges  0x00001898       0xa8 build/usbd_core.o
 .debug_ranges  0x00001940       0x78 build/usbd_ctlreq.o
 .debug_ranges  0x000019b8       0x40 build/usbd_ioreq.o
 .debug_ranges  0x000019f8       0x80 build/usbd_cdc.o
 .debug_ranges  0x00001a78       0x20 build/startup_stm32f302x8.o

.debug_line     0x00000000    0x1e06c
 .debug_line    0x00000000      0x4cc build/main.o
 .debug_line    0x000004cc      0x1c8 build/gpio.o
 .debug_line    0x00000694      0x490 build/adc.o
 .debug_line    0x00000b24      0x15d build/dma.o
 .debug_line    0x00000c81      0x2e1 build/i2c.o
 .debug_line    0x00000f62      0x616 build/tim.o
 .debug_line    0x00001578      0x327 build/usart.o
 .debug_line    0x0000189f      0x316 build/encoder.o
 .debug_line    0x00001bb5       0xe6 build/global_var.o
 .debug_line    0x00001c9b      0x2a1 build/Park_u_Clark.o
 .debug_line    0x00001f3c      0x96f build/phaseEstimater.o
 .debug_line    0x000028ab      0x4bf build/SVM.o
 .debug_line    0x00002d6a      0x3a6 build/stm32f3xx_it.o
 .debug_line    0x00003110      0x132 build/stm32f3xx_hal_msp.o
 .debug_line    0x00003242      0x1f5 build/usb_device.o
 .debug_line    0x00003437      0x310 build/usbd_desc.o
 .debug_line    0x00003747      0x223 build/usbd_cdc_if.o
 .debug_line    0x0000396a      0x77a build/usbd_conf.o
 .debug_line    0x000040e4     0x168f build/stm32f3xx_ll_usb.o
 .debug_line    0x00005773     0x1661 build/stm32f3xx_hal_pcd.o
 .debug_line    0x00006dd4      0x24f build/stm32f3xx_hal_pcd_ex.o
 .debug_line    0x00007023      0x4f6 build/stm32f3xx_hal.o
 .debug_line    0x00007519     0x12fa build/stm32f3xx_hal_rcc.o
 .debug_line    0x00008813      0x91d build/stm32f3xx_hal_rcc_ex.o
 .debug_line    0x00009130      0x652 build/stm32f3xx_hal_gpio.o
 .debug_line    0x00009782      0x9ac build/stm32f3xx_hal_dma.o
 .debug_line    0x0000a12e      0x65f build/stm32f3xx_hal_cortex.o
 .debug_line    0x0000a78d     0x4b2c build/stm32f3xx_hal_i2c.o
 .debug_line    0x0000f2b9      0x3a9 build/stm32f3xx_hal_i2c_ex.o
 .debug_line    0x0000f662      0x408 build/stm32f3xx_hal_adc.o
 .debug_line    0x0000fa6a     0x1c27 build/stm32f3xx_hal_adc_ex.o
 .debug_line    0x00011691     0x4a40 build/stm32f3xx_hal_tim.o
 .debug_line    0x000160d1     0x1ac8 build/stm32f3xx_hal_tim_ex.o
 .debug_line    0x00017b99     0x3eb2 build/stm32f3xx_hal_uart.o
 .debug_line    0x0001ba4b      0x85b build/stm32f3xx_hal_uart_ex.o
 .debug_line    0x0001c2a6      0x215 build/system_stm32f3xx.o
 .debug_line    0x0001c4bb      0x6d5 build/usbd_core.o
 .debug_line    0x0001cb90      0xa8e build/usbd_ctlreq.o
 .debug_line    0x0001d61e      0x260 build/usbd_ioreq.o
 .debug_line    0x0001d87e      0x77b build/usbd_cdc.o
 .debug_line    0x0001dff9       0x73 build/startup_stm32f302x8.o

.debug_str      0x00000000     0x7024
 .debug_str     0x00000000     0x7024 build/main.o
                                0xe92 (size before relaxing)
 .debug_str     0x00007024      0x2a8 build/gpio.o
 .debug_str     0x00007024      0xcaf build/adc.o
 .debug_str     0x00007024      0x55b build/dma.o
 .debug_str     0x00007024      0x7d0 build/i2c.o
 .debug_str     0x00007024      0xe6a build/tim.o
 .debug_str     0x00007024      0xaee build/usart.o
 .debug_str     0x00007024      0x2cd build/encoder.o
 .debug_str     0x00007024      0x223 build/global_var.o
 .debug_str     0x00007024      0x264 build/Park_u_Clark.o
 .debug_str     0x00007024      0xa4c build/phaseEstimater.o
 .debug_str     0x00007024      0xc73 build/SVM.o
 .debug_str     0x00007024      0xfeb build/stm32f3xx_it.o
 .debug_str     0x00007024      0x1e9 build/stm32f3xx_hal_msp.o
 .debug_str     0x00007024      0x63d build/usb_device.o
 .debug_str     0x00007024      0x435 build/usbd_desc.o
 .debug_str     0x00007024      0x6f1 build/usbd_cdc_if.o
 .debug_str     0x00007024     0x1241 build/usbd_conf.o
 .debug_str     0x00007024      0x62c build/stm32f3xx_ll_usb.o
 .debug_str     0x00007024      0xa89 build/stm32f3xx_hal_pcd.o
 .debug_str     0x00007024      0x6b1 build/stm32f3xx_hal_pcd_ex.o
 .debug_str     0x00007024      0x8ad build/stm32f3xx_hal.o
 .debug_str     0x00007024      0x659 build/stm32f3xx_hal_rcc.o
 .debug_str     0x00007024      0x4d5 build/stm32f3xx_hal_rcc_ex.o
 .debug_str     0x00007024      0x415 build/stm32f3xx_hal_gpio.o
 .debug_str     0x00007024      0x5f9 build/stm32f3xx_hal_dma.o
 .debug_str     0x00007024      0x930 build/stm32f3xx_hal_cortex.o
 .debug_str     0x00007024      0xfb3 build/stm32f3xx_hal_i2c.o
 .debug_str     0x00007024      0x7db build/stm32f3xx_hal_i2c_ex.o
 .debug_str     0x00007024      0x89e build/stm32f3xx_hal_adc.o
 .debug_str     0x00007024      0xdf8 build/stm32f3xx_hal_adc_ex.o
 .debug_str     0x00007024     0x16d8 build/stm32f3xx_hal_tim.o
 .debug_str     0x00007024      0xf2e build/stm32f3xx_hal_tim_ex.o
 .debug_str     0x00007024      0xedc build/stm32f3xx_hal_uart.o
 .debug_str     0x00007024      0x8d9 build/stm32f3xx_hal_uart_ex.o
 .debug_str     0x00007024      0x2b1 build/system_stm32f3xx.o
 .debug_str     0x00007024      0x815 build/usbd_core.o
 .debug_str     0x00007024      0x72f build/usbd_ctlreq.o
 .debug_str     0x00007024      0x65c build/usbd_ioreq.o
 .debug_str     0x00007024      0xc02 build/usbd_cdc.o
 .debug_str     0x00007024       0x59 build/startup_stm32f302x8.o

.comment        0x00000000       0x44
 .comment       0x00000000       0x44 build/main.o
                                 0x45 (size before relaxing)
 .comment       0x00000044       0x45 build/gpio.o
 .comment       0x00000044       0x45 build/adc.o
 .comment       0x00000044       0x45 build/dma.o
 .comment       0x00000044       0x45 build/i2c.o
 .comment       0x00000044       0x45 build/tim.o
 .comment       0x00000044       0x45 build/usart.o
 .comment       0x00000044       0x45 build/encoder.o
 .comment       0x00000044       0x45 build/global_var.o
 .comment       0x00000044       0x45 build/Park_u_Clark.o
 .comment       0x00000044       0x45 build/phaseEstimater.o
 .comment       0x00000044       0x45 build/SVM.o
 .comment       0x00000044       0x45 build/stm32f3xx_it.o
 .comment       0x00000044       0x45 build/stm32f3xx_hal_msp.o
 .comment       0x00000044       0x45 build/usb_device.o
 .comment       0x00000044       0x45 build/usbd_desc.o
 .comment       0x00000044       0x45 build/usbd_cdc_if.o
 .comment       0x00000044       0x45 build/usbd_conf.o
 .comment       0x00000044       0x45 build/stm32f3xx_ll_usb.o
 .comment       0x00000044       0x45 build/stm32f3xx_hal_pcd.o
 .comment       0x00000044       0x45 build/stm32f3xx_hal_pcd_ex.o
 .comment       0x00000044       0x45 build/stm32f3xx_hal.o
 .comment       0x00000044       0x45 build/stm32f3xx_hal_rcc.o
 .comment       0x00000044       0x45 build/stm32f3xx_hal_rcc_ex.o
 .comment       0x00000044       0x45 build/stm32f3xx_hal_gpio.o
 .comment       0x00000044       0x45 build/stm32f3xx_hal_dma.o
 .comment       0x00000044       0x45 build/stm32f3xx_hal_cortex.o
 .comment       0x00000044       0x45 build/stm32f3xx_hal_i2c.o
 .comment       0x00000044       0x45 build/stm32f3xx_hal_i2c_ex.o
 .comment       0x00000044       0x45 build/stm32f3xx_hal_adc.o
 .comment       0x00000044       0x45 build/stm32f3xx_hal_adc_ex.o
 .comment       0x00000044       0x45 build/stm32f3xx_hal_tim.o
 .comment       0x00000044       0x45 build/stm32f3xx_hal_tim_ex.o
 .comment       0x00000044       0x45 build/stm32f3xx_hal_uart.o
 .comment       0x00000044       0x45 build/stm32f3xx_hal_uart_ex.o
 .comment       0x00000044       0x45 build/system_stm32f3xx.o
 .comment       0x00000044       0x45 build/usbd_core.o
 .comment       0x00000044       0x45 build/usbd_ctlreq.o
 .comment       0x00000044       0x45 build/usbd_ioreq.o
 .comment       0x00000044       0x45 build/usbd_cdc.o

.debug_frame    0x00000000     0x4388
 .debug_frame   0x00000000       0x74 build/main.o
 .debug_frame   0x00000074       0x34 build/gpio.o
 .debug_frame   0x000000a8       0x70 build/adc.o
 .debug_frame   0x00000118       0x2c build/dma.o
 .debug_frame   0x00000144       0x60 build/i2c.o
 .debug_frame   0x000001a4       0xd4 build/tim.o
 .debug_frame   0x00000278       0x60 build/usart.o
 .debug_frame   0x000002d8       0x34 build/encoder.o
 .debug_frame   0x0000030c       0x68 build/Park_u_Clark.o
 .debug_frame   0x00000374       0x68 build/phaseEstimater.o
 .debug_frame   0x000003dc       0x54 build/SVM.o
 .debug_frame   0x00000430      0x158 build/stm32f3xx_it.o
 .debug_frame   0x00000588       0x28 build/stm32f3xx_hal_msp.o
 .debug_frame   0x000005b0       0x28 build/usb_device.o
 .debug_frame   0x000005d8       0xe0 build/usbd_desc.o
 .debug_frame   0x000006b8       0x78 build/usbd_cdc_if.o
 .debug_frame   0x00000730      0x2ec build/usbd_conf.o
 .debug_frame   0x00000a1c      0x180 build/stm32f3xx_ll_usb.o
 .debug_frame   0x00000b9c      0x354 build/stm32f3xx_hal_pcd.o
 .debug_frame   0x00000ef0       0x50 build/stm32f3xx_hal_pcd_ex.o
 .debug_frame   0x00000f40      0x1cc build/stm32f3xx_hal.o
 .debug_frame   0x0000110c      0x170 build/stm32f3xx_hal_rcc.o
 .debug_frame   0x0000127c       0x70 build/stm32f3xx_hal_rcc_ex.o
 .debug_frame   0x000012ec       0xd0 build/stm32f3xx_hal_gpio.o
 .debug_frame   0x000013bc      0x160 build/stm32f3xx_hal_dma.o
 .debug_frame   0x0000151c      0x19c build/stm32f3xx_hal_cortex.o
 .debug_frame   0x000016b8      0x98c build/stm32f3xx_hal_i2c.o
 .debug_frame   0x00002044       0x80 build/stm32f3xx_hal_i2c_ex.o
 .debug_frame   0x000020c4      0x170 build/stm32f3xx_hal_adc.o
 .debug_frame   0x00002234      0x430 build/stm32f3xx_hal_adc_ex.o
 .debug_frame   0x00002664      0xb48 build/stm32f3xx_hal_tim.o
 .debug_frame   0x000031ac      0x45c build/stm32f3xx_hal_tim_ex.o
 .debug_frame   0x00003608      0x600 build/stm32f3xx_hal_uart.o
 .debug_frame   0x00003c08      0x138 build/stm32f3xx_hal_uart_ex.o
 .debug_frame   0x00003d40       0x30 build/system_stm32f3xx.o
 .debug_frame   0x00003d70      0x1c4 build/usbd_core.o
 .debug_frame   0x00003f34      0x178 build/usbd_ctlreq.o
 .debug_frame   0x000040ac       0xb8 build/usbd_ioreq.o
 .debug_frame   0x00004164      0x160 build/usbd_cdc.o
 .debug_frame   0x000042c4       0x20 C:/toolchain/arm_gnu_toolchain/bin/../lib/gcc/arm-none-eabi/13.2.1/thumb/v7e-m+fp/hard\libc_nano.a(libc_a-memset.o)
 .debug_frame   0x000042e4       0x2c C:/toolchain/arm_gnu_toolchain/bin/../lib/gcc/arm-none-eabi/13.2.1/thumb/v7e-m+fp/hard\libc_nano.a(libc_a-init.o)
 .debug_frame   0x00004310       0x44 C:/toolchain/arm_gnu_toolchain/bin/../lib/gcc/arm-none-eabi/13.2.1/thumb/v7e-m+fp/hard\libgcc.a(_aeabi_ldivmod.o)
 .debug_frame   0x00004354       0x34 C:/toolchain/arm_gnu_toolchain/bin/../lib/gcc/arm-none-eabi/13.2.1/thumb/v7e-m+fp/hard\libgcc.a(_udivmoddi4.o)

.debug_line_str
                0x00000000       0xd5
 .debug_line_str
                0x00000000       0xd5 C:/toolchain/arm_gnu_toolchain/bin/../lib/gcc/arm-none-eabi/13.2.1/thumb/v7e-m+fp/hard\libgcc.a(_aeabi_ldivmod.o)
                                 0xc9 (size before relaxing)
 .debug_line_str
                0x000000d5       0xcd C:/toolchain/arm_gnu_toolchain/bin/../lib/gcc/arm-none-eabi/13.2.1/thumb/v7e-m+fp/hard\libgcc.a(_dvmd_tls.o)

Cross Reference Table

Symbol                                            File
ADC1_IRQHandler                                   build/stm32f3xx_it.o
AHBPrescTable                                     build/system_stm32f3xx.o
                                                  build/stm32f3xx_hal_rcc.o
APBPrescTable                                     build/system_stm32f3xx.o
                                                  build/stm32f3xx_hal_rcc.o
BusFault_Handler                                  build/stm32f3xx_it.o
CAN_RX1_IRQHandler                                build/startup_stm32f302x8.o
CAN_SCE_IRQHandler                                build/startup_stm32f302x8.o
CDC_Transmit_FS                                   build/usbd_cdc_if.o
COMP2_IRQHandler                                  build/startup_stm32f302x8.o
COMP4_6_IRQHandler                                build/startup_stm32f302x8.o
DMA1_Channel1_IRQHandler                          build/stm32f3xx_it.o
DMA1_Channel2_IRQHandler                          build/startup_stm32f302x8.o
DMA1_Channel3_IRQHandler                          build/startup_stm32f302x8.o
DMA1_Channel4_IRQHandler                          build/stm32f3xx_it.o
DMA1_Channel5_IRQHandler                          build/startup_stm32f302x8.o
DMA1_Channel6_IRQHandler                          build/startup_stm32f302x8.o
DMA1_Channel7_IRQHandler                          build/startup_stm32f302x8.o
DebugMon_Handler                                  build/stm32f3xx_it.o
Default_Handler                                   build/startup_stm32f302x8.o
EEPROM                                            build/eeprom.o
EXTI0_IRQHandler                                  build/startup_stm32f302x8.o
EXTI15_10_IRQHandler                              build/startup_stm32f302x8.o
EXTI1_IRQHandler                                  build/startup_stm32f302x8.o
EXTI2_TSC_IRQHandler                              build/startup_stm32f302x8.o
EXTI3_IRQHandler                                  build/startup_stm32f302x8.o
EXTI4_IRQHandler                                  build/startup_stm32f302x8.o
EXTI9_5_IRQHandler                                build/startup_stm32f302x8.o
Error_Handler                                     build/main.o
                                                  build/usbd_conf.o
                                                  build/usb_device.o
                                                  build/usart.o
                                                  build/tim.o
                                                  build/i2c.o
                                                  build/adc.o
FLASH_IRQHandler                                  build/startup_stm32f302x8.o
FLASH_PageErase                                   build/stm32f3xx_hal_flash_ex.o
                                                  build/stm32f3xx_hal_flash.o
FLASH_WaitForLastOperation                        build/stm32f3xx_hal_flash.o
                                                  build/stm32f3xx_hal_flash_ex.o
FPU_IRQHandler                                    build/startup_stm32f302x8.o
FS_Desc                                           build/usbd_desc.o
                                                  build/usb_device.o
HAL_ADCEx_Calibration_GetValue                    build/stm32f3xx_hal_adc_ex.o
HAL_ADCEx_Calibration_SetValue                    build/stm32f3xx_hal_adc_ex.o
HAL_ADCEx_Calibration_Start                       build/stm32f3xx_hal_adc_ex.o
HAL_ADCEx_InjectedConfigChannel                   build/stm32f3xx_hal_adc_ex.o
                                                  build/adc.o
HAL_ADCEx_InjectedConvCpltCallback                build/stm32f3xx_hal_adc_ex.o
HAL_ADCEx_InjectedGetValue                        build/stm32f3xx_hal_adc_ex.o
HAL_ADCEx_InjectedPollForConversion               build/stm32f3xx_hal_adc_ex.o
HAL_ADCEx_InjectedQueueOverflowCallback           build/stm32f3xx_hal_adc_ex.o
HAL_ADCEx_InjectedStart                           build/stm32f3xx_hal_adc_ex.o
HAL_ADCEx_InjectedStart_IT                        build/stm32f3xx_hal_adc_ex.o
HAL_ADCEx_InjectedStop                            build/stm32f3xx_hal_adc_ex.o
HAL_ADCEx_InjectedStop_IT                         build/stm32f3xx_hal_adc_ex.o
HAL_ADCEx_LevelOutOfWindow2Callback               build/stm32f3xx_hal_adc_ex.o
HAL_ADCEx_LevelOutOfWindow3Callback               build/stm32f3xx_hal_adc_ex.o
HAL_ADCEx_RegularStop                             build/stm32f3xx_hal_adc_ex.o
HAL_ADCEx_RegularStop_DMA                         build/stm32f3xx_hal_adc_ex.o
HAL_ADCEx_RegularStop_IT                          build/stm32f3xx_hal_adc_ex.o
HAL_ADC_AnalogWDGConfig                           build/stm32f3xx_hal_adc_ex.o
                                                  build/stm32f3xx_hal_adc.o
HAL_ADC_ConfigChannel                             build/stm32f3xx_hal_adc_ex.o
                                                  build/stm32f3xx_hal_adc.o
                                                  build/adc.o
HAL_ADC_ConvCpltCallback                          build/stm32f3xx_hal_adc.o
                                                  build/stm32f3xx_hal_adc_ex.o
HAL_ADC_ConvHalfCpltCallback                      build/stm32f3xx_hal_adc.o
                                                  build/stm32f3xx_hal_adc_ex.o
HAL_ADC_DeInit                                    build/stm32f3xx_hal_adc_ex.o
                                                  build/stm32f3xx_hal_adc.o
HAL_ADC_ErrorCallback                             build/stm32f3xx_hal_adc.o
                                                  build/stm32f3xx_hal_adc_ex.o
HAL_ADC_GetError                                  build/stm32f3xx_hal_adc.o
HAL_ADC_GetState                                  build/stm32f3xx_hal_adc.o
HAL_ADC_GetValue                                  build/stm32f3xx_hal_adc_ex.o
                                                  build/stm32f3xx_hal_adc.o
HAL_ADC_IRQHandler                                build/stm32f3xx_hal_adc_ex.o
                                                  build/stm32f3xx_hal_adc.o
                                                  build/stm32f3xx_it.o
HAL_ADC_Init                                      build/stm32f3xx_hal_adc_ex.o
                                                  build/stm32f3xx_hal_adc.o
                                                  build/adc.o
HAL_ADC_LevelOutOfWindowCallback                  build/stm32f3xx_hal_adc.o
                                                  build/stm32f3xx_hal_adc_ex.o
HAL_ADC_MspDeInit                                 build/adc.o
                                                  build/stm32f3xx_hal_adc_ex.o
HAL_ADC_MspInit                                   build/adc.o
                                                  build/stm32f3xx_hal_adc_ex.o
HAL_ADC_PollForConversion                         build/stm32f3xx_hal_adc_ex.o
                                                  build/stm32f3xx_hal_adc.o
HAL_ADC_PollForEvent                              build/stm32f3xx_hal_adc_ex.o
                                                  build/stm32f3xx_hal_adc.o
HAL_ADC_Start                                     build/stm32f3xx_hal_adc_ex.o
                                                  build/stm32f3xx_hal_adc.o
HAL_ADC_Start_DMA                                 build/stm32f3xx_hal_adc_ex.o
                                                  build/stm32f3xx_hal_adc.o
                                                  build/main.o
HAL_ADC_Start_IT                                  build/stm32f3xx_hal_adc_ex.o
                                                  build/stm32f3xx_hal_adc.o
HAL_ADC_Stop                                      build/stm32f3xx_hal_adc_ex.o
                                                  build/stm32f3xx_hal_adc.o
HAL_ADC_Stop_DMA                                  build/stm32f3xx_hal_adc_ex.o
                                                  build/stm32f3xx_hal_adc.o
HAL_ADC_Stop_IT                                   build/stm32f3xx_hal_adc_ex.o
                                                  build/stm32f3xx_hal_adc.o
HAL_DBGMCU_DisableDBGSleepMode                    build/stm32f3xx_hal.o
HAL_DBGMCU_DisableDBGStandbyMode                  build/stm32f3xx_hal.o
HAL_DBGMCU_DisableDBGStopMode                     build/stm32f3xx_hal.o
HAL_DBGMCU_EnableDBGSleepMode                     build/stm32f3xx_hal.o